6 col database


cut 
sort 
-k 5 , -k 1,1 -k 2,2
uniq


grep 
-e "op1" -e "op2"












==================================================================================================================================
==================================================================================================================================
(base) ninadhegde@ninadhegde-ROG-Strix-G731GU-G731GU:~/git/lss$ ls
'01_03_lss .txt'     '14_03_lss  Shell script.txt'     '21_03_lss .txt'    29_03_lss.txt   'Git from step 0.txt'   remote_file.txt   script_test
 07_03_lss.txt        15_02_lss.txt                     21_practice        assignment.txt   hello.py               script01.sh       shell-scripting-tutorial
 14_02_lss_long.txt  '15_03_lss  Shell scripting.txt'  '22_02_lss .txt'    database         lss                    script02.sh       test_shell_script
 14_02_lss.txt        21_02_lss.txt                    '28_02_lss  .txt'   garbage.txt      README.md              script0.txt       Topics.txt
(base) ninadhegde@ninadhegde-ROG-Strix-G731GU-G731GU:~/git/lss$ cd database/
(base) ninadhegde@ninadhegde-ROG-Strix-G731GU-G731GU:~/git/lss/database$ ld
ld: no input files
(base) ninadhegde@ninadhegde-ROG-Strix-G731GU-G731GU:~/git/lss/database$ ls
cutlist  emp1.lst  emp.lst  lsiemp.lst  shortlist
(base) ninadhegde@ninadhegde-ROG-Strix-G731GU-G731GU:~/git/lss/database$ cat emp1.lst 
2233|a.k. shukla      |g.m        |sales      |12/12/52| 90000
9876|jai sharma       |director   |production |03/12/50|130000
5678|sumit chakrobarty|d.g.m      |marketing  |04/19/43| 85000
2365|barun sengupta   |director   |personnel  |05/11/47|120000
5423|n.k. gupta       |chairman   |admin      |08/30/56|160000
1006|chanchal singhvi |director   |sales      |09/03/38|140000

6213|karuna ganguly   |g.m.       |accounts   |06/05/62|105000 
1265|s.n. dasgupta    |manager    |sales      |09/12/63| 90000

4290|jayant Choudhury |executive  |production |09/07/50| 65000 
2476|anil aggarwal    |manager    |sales      |05/01/59|110000
6521|lalit chowdury   |director   |marketing  |09/26/45|125000
3212|shyam saksena    |d.g.m.     |accounts   |12/12/55| 85000

3564|sudhir Agarwal   |executive  |personnel  |07/06/47| 75000
2345|j.b. saxena      |g.m.       |marketing  |03/12/45|110000
0110|v.k agrawal      |g.m.       |marketing  |12/31/40| 95000
(base) ninadhegde@ninadhegde-ROG-Strix-G731GU-G731GU:~/git/lss/database$ cat emp.lst 
2233|charles harris   |g.m        |sales      |12/12/52| 90000
9876|bill johnson     |director   |production |03/12/50|130000
5678|robert dylan     |d.g.m      |marketing  |04/19/43| 85000
2365|john woodcock    |director   |personnel  |05/11/47|120000
5423|barry wood       |chairman   |admin      |08/30/56|160000
1006|gordon 1ightfoot |director   |sales      |09/03/38|140000 
6213|michael lennon   |g.m.       |accounts   |06/05/62|105000 
1265|p.j. woodhouse   |manager    |sales      |09/12/63| 90000 
4290|nei1 o'bryan     |executive  |production |09/07/50| 65000 
2476|jackie wodehouse |manager    |sales      |05/01/59|110000 
6521|derryk o'brien   |director   |marketing  |09/26/45|125000 
3212|bi11 wilcocks    |d.g.m.     |accounts   |12/12/55| 85000 
3564|ronie trueman    |executive  |personnel  |07/06/47| 75000 
2345|james wilcox     |g.m.       |marketing  |03/12/45|110000 
0110|julie truman     |g.m.       |marketing  |12/31/40| 95000
(base) ninadhegde@ninadhegde-ROG-Strix-G731GU-G731GU:~/git/lss/database$ cut -d | -f 2 3
cut: option requires an argument -- 'd'
Try 'cut --help' for more information.
-f: command not found
(base) ninadhegde@ninadhegde-ROG-Strix-G731GU-G731GU:~/git/lss/database$ cut -d "|" -f 2 3
cut: 3: No such file or directory
(base) ninadhegde@ninadhegde-ROG-Strix-G731GU-G731GU:~/git/lss/database$ cut -d "|" -f 2 3 emp1.lst 
cut: 3: No such file or directory
a.k. shukla      
jai sharma       
sumit chakrobarty
barun sengupta   
n.k. gupta       
chanchal singhvi 

karuna ganguly   
s.n. dasgupta    

jayant Choudhury 
anil aggarwal    
lalit chowdury   
shyam saksena    

sudhir Agarwal   
j.b. saxena      
v.k agrawal      
(base) ninadhegde@ninadhegde-ROG-Strix-G731GU-G731GU:~/git/lss/database$ cut -d "|" -f 2 3 emp1.lst 
cut: 3: No such file or directory
a.k. shukla      
jai sharma       
sumit chakrobarty
barun sengupta   
n.k. gupta       
chanchal singhvi 

karuna ganguly   
s.n. dasgupta    

jayant Choudhury 
anil aggarwal    
lalit chowdury   
shyam saksena    

sudhir Agarwal   
j.b. saxena      
v.k agrawal      
(base) ninadhegde@ninadhegde-ROG-Strix-G731GU-G731GU:~/git/lss/database$ cut -d "|" -f 2,3 emp1.lst 
a.k. shukla      |g.m        
jai sharma       |director   
sumit chakrobarty|d.g.m      
barun sengupta   |director   
n.k. gupta       |chairman   
chanchal singhvi |director   

karuna ganguly   |g.m.       
s.n. dasgupta    |manager    

jayant Choudhury |executive  
anil aggarwal    |manager    
lalit chowdury   |director   
shyam saksena    |d.g.m.     

sudhir Agarwal   |executive  
j.b. saxena      |g.m.       
v.k agrawal      |g.m.       
(base) ninadhegde@ninadhegde-ROG-Strix-G731GU-G731GU:~/git/lss/database$ cut -d "." -f 2,3 emp1.lst 
k. shukla      |g
9876|jai sharma       |director   |production |03/12/50|130000
g.m      |marketing  |04/19/43| 85000
2365|barun sengupta   |director   |personnel  |05/11/47|120000
k. gupta       |chairman   |admin      |08/30/56|160000
1006|chanchal singhvi |director   |sales      |09/03/38|140000

m.       |accounts   |06/05/62|105000 
n. dasgupta    |manager    |sales      |09/12/63| 90000

4290|jayant Choudhury |executive  |production |09/07/50| 65000 
2476|anil aggarwal    |manager    |sales      |05/01/59|110000
6521|lalit chowdury   |director   |marketing  |09/26/45|125000
g.m

3564|sudhir Agarwal   |executive  |personnel  |07/06/47| 75000
b. saxena      |g
k agrawal      |g.m
(base) ninadhegde@ninadhegde-ROG-Strix-G731GU-G731GU:~/git/lss/database$ cut -d "|" -f 2,3 emp1.lst 
a.k. shukla      |g.m        
jai sharma       |director   
sumit chakrobarty|d.g.m      
barun sengupta   |director   
n.k. gupta       |chairman   
chanchal singhvi |director   

karuna ganguly   |g.m.       
s.n. dasgupta    |manager    

jayant Choudhury |executive  
anil aggarwal    |manager    
lalit chowdury   |director   
shyam saksena    |d.g.m.     

sudhir Agarwal   |executive  
j.b. saxena      |g.m.       
v.k agrawal      |g.m.       
(base) ninadhegde@ninadhegde-ROG-Strix-G731GU-G731GU:~/git/lss/database$ cp emp1.lst lstemp.lst
(base) ninadhegde@ninadhegde-ROG-Strix-G731GU-G731GU:~/git/lss/database$ cat lstemp.lst 
2233|a.k. shukla      |g.m        |sales      |12/12/52| 90000
9876|jai sharma       |director   |production |03/12/50|130000
5678|sumit chakrobarty|d.g.m      |marketing  |04/19/43| 85000
2365|barun sengupta   |director   |personnel  |05/11/47|120000
5423|n.k. gupta       |chairman   |admin      |08/30/56|160000
1006|chanchal singhvi |director   |sales      |09/03/38|140000

6213|karuna ganguly   |g.m.       |accounts   |06/05/62|105000 
1265|s.n. dasgupta    |manager    |sales      |09/12/63| 90000

4290|jayant Choudhury |executive  |production |09/07/50| 65000 
2476|anil aggarwal    |manager    |sales      |05/01/59|110000
6521|lalit chowdury   |director   |marketing  |09/26/45|125000
3212|shyam saksena    |d.g.m.     |accounts   |12/12/55| 85000

3564|sudhir Agarwal   |executive  |personnel  |07/06/47| 75000
2345|j.b. saxena      |g.m.       |marketing  |03/12/45|110000
0110|v.k agrawal      |g.m.       |marketing  |12/31/40| 95000
(base) ninadhegde@ninadhegde-ROG-Strix-G731GU-G731GU:~/git/lss/database$ nano lstemp.lst 
(base) ninadhegde@ninadhegde-ROG-Strix-G731GU-G731GU:~/git/lss/database$ cut -d "|" -f 2,3 lstemp.lst 
a.k. shukla      |g.m        
jai sharma       |director   
sumit chakrobarty|d.g.m      
barun sengupta   |director   
n.k. gupta       |chairman   
chanchal singhvi |director   

karuna ganguly   |g.m.       
s.n. dasgupta    |manager    

jayant Choudhury |executive  
anil aggarwal    |manager    
lalit chowdury   |director   
shyam saksena    |d.g.m.     

sudhir Agarwal   |executive  
j.b. saxena      |g.m.       
v.k agrawal      |g.m.       
karuna ganguly   |g.m.       
s.n. dasgupta    |manager    

4290,jayant Choudhury ,executive  ,production ,09/07/50, 65000
2476,anil aggarwal    ,manager    ,sales      ,05/01/59,110000
director   |marketing  ,09/26/45
shyam saksena    |d.g.m.     

sudhir Agarwal   |executive  
j.b. saxena      |g.m.       
v.k agrawal      |g.m.       

karuna ganguly   |g.m.       
s.n. dasgupta    |manager    

jayant Choudhury |executive  
anil aggarwal    |manager    
lalit chowdury   |director   
shyam saksena    |d.g.m.     

sudhir Agarwal   |executive  
j.b. saxena      |g.m.       
v.k agrawal      |g.m.       

karuna ganguly   |g.m.       
s.n. dasgupta    |manager    

jayant Choudhury |executive  
anil aggarwal    |manager    
lalit chowdury   |director   
shyam saksena    |d.g.m.     

sudhir Agarwal   |executive  
j.b. saxena      |g.m.       
v.k agrawal      |g.m.       

(base) ninadhegde@ninadhegde-ROG-Strix-G731GU-G731GU:~/git/lss/database$ cut -d "," -f 2,3 lstemp.lst 
2233|a.k. shukla      |g.m        |sales      |12/12/52| 90000
9876|jai sharma       |director   |production |03/12/50|130000
5678|sumit chakrobarty|d.g.m      |marketing  |04/19/43| 85000
2365|barun sengupta   |director   |personnel  |05/11/47|120000
5423|n.k. gupta       |chairman   |admin      |08/30/56|160000
1006|chanchal singhvi |director   |sales      |09/03/38|140000

6213|karuna ganguly   |g.m.       |accounts   |06/05/62|105000 
1265|s.n. dasgupta    |manager    |sales      |09/12/63| 90000

4290|jayant Choudhury |executive  |production |09/07/50| 65000 
2476|anil aggarwal    |manager    |sales      |05/01/59|110000
6521|lalit chowdury   |director   |marketing  |09/26/45|125000
3212|shyam saksena    |d.g.m.     |accounts   |12/12/55| 85000

3564|sudhir Agarwal   |executive  |personnel  |07/06/47| 75000
2345|j.b. saxena      |g.m.       |marketing  |03/12/45|110000
0110|v.k agrawal      |g.m.       |marketing  |12/31/40| 95000
6213|karuna ganguly   |g.m.       |accounts   |06/05/62|105000
1265|s.n. dasgupta    |manager    |sales      |09/12/63| 90000

jayant Choudhury ,executive  
anil aggarwal    ,manager    
lalit chowdury   |director   |marketing  ,09/26/45|125000
3212|shyam saksena    |d.g.m.     |accounts   |12/12/55| 85000

3564|sudhir Agarwal   |executive  |personnel  |07/06/47| 75000
2345|j.b. saxena      |g.m.       |marketing  |03/12/45|110000
0110|v.k agrawal      |g.m.       |marketing  |12/31/40| 95000

6213|karuna ganguly   |g.m.       |accounts   |06/05/62|105000
1265|s.n. dasgupta    |manager    |sales      |09/12/63| 90000

4290|jayant Choudhury |executive  |production |09/07/50| 65000
2476|anil aggarwal    |manager    |sales      |05/01/59|110000
6521|lalit chowdury   |director   |marketing  |09/26/45|125000
3212|shyam saksena    |d.g.m.     |accounts   |12/12/55| 85000

3564|sudhir Agarwal   |executive  |personnel  |07/06/47| 75000
2345|j.b. saxena      |g.m.       |marketing  |03/12/45|110000
0110|v.k agrawal      |g.m.       |marketing  |12/31/40| 95000

6213|karuna ganguly   |g.m.       |accounts   |06/05/62|105000
1265|s.n. dasgupta    |manager    |sales      |09/12/63| 90000

4290|jayant Choudhury |executive  |production |09/07/50| 65000
2476|anil aggarwal    |manager    |sales      |05/01/59|110000
6521|lalit chowdury   |director   |marketing  |09/26/45|125000
3212|shyam saksena    |d.g.m.     |accounts   |12/12/55| 85000

3564|sudhir Agarwal   |executive  |personnel  |07/06/47| 75000
2345|j.b. saxena      |g.m.       |marketing  |03/12/45|110000
0110|v.k agrawal      |g.m.       |marketing  |12/31/40| 95000

(base) ninadhegde@ninadhegde-ROG-Strix-G731GU-G731GU:~/git/lss/database$ cut -d "," -f 1,2,3 lstemp.lst 
2233|a.k. shukla      |g.m        |sales      |12/12/52| 90000
9876|jai sharma       |director   |production |03/12/50|130000
5678|sumit chakrobarty|d.g.m      |marketing  |04/19/43| 85000
2365|barun sengupta   |director   |personnel  |05/11/47|120000
5423|n.k. gupta       |chairman   |admin      |08/30/56|160000
1006|chanchal singhvi |director   |sales      |09/03/38|140000

6213|karuna ganguly   |g.m.       |accounts   |06/05/62|105000 
1265|s.n. dasgupta    |manager    |sales      |09/12/63| 90000

4290|jayant Choudhury |executive  |production |09/07/50| 65000 
2476|anil aggarwal    |manager    |sales      |05/01/59|110000
6521|lalit chowdury   |director   |marketing  |09/26/45|125000
3212|shyam saksena    |d.g.m.     |accounts   |12/12/55| 85000

3564|sudhir Agarwal   |executive  |personnel  |07/06/47| 75000
2345|j.b. saxena      |g.m.       |marketing  |03/12/45|110000
0110|v.k agrawal      |g.m.       |marketing  |12/31/40| 95000
6213|karuna ganguly   |g.m.       |accounts   |06/05/62|105000
1265|s.n. dasgupta    |manager    |sales      |09/12/63| 90000

4290,jayant Choudhury ,executive  
2476,anil aggarwal    ,manager    
6521,lalit chowdury   |director   |marketing  ,09/26/45|125000
3212|shyam saksena    |d.g.m.     |accounts   |12/12/55| 85000

3564|sudhir Agarwal   |executive  |personnel  |07/06/47| 75000
2345|j.b. saxena      |g.m.       |marketing  |03/12/45|110000
0110|v.k agrawal      |g.m.       |marketing  |12/31/40| 95000

6213|karuna ganguly   |g.m.       |accounts   |06/05/62|105000
1265|s.n. dasgupta    |manager    |sales      |09/12/63| 90000

4290|jayant Choudhury |executive  |production |09/07/50| 65000
2476|anil aggarwal    |manager    |sales      |05/01/59|110000
6521|lalit chowdury   |director   |marketing  |09/26/45|125000
3212|shyam saksena    |d.g.m.     |accounts   |12/12/55| 85000

3564|sudhir Agarwal   |executive  |personnel  |07/06/47| 75000
2345|j.b. saxena      |g.m.       |marketing  |03/12/45|110000
0110|v.k agrawal      |g.m.       |marketing  |12/31/40| 95000

6213|karuna ganguly   |g.m.       |accounts   |06/05/62|105000
1265|s.n. dasgupta    |manager    |sales      |09/12/63| 90000

4290|jayant Choudhury |executive  |production |09/07/50| 65000
2476|anil aggarwal    |manager    |sales      |05/01/59|110000
6521|lalit chowdury   |director   |marketing  |09/26/45|125000
3212|shyam saksena    |d.g.m.     |accounts   |12/12/55| 85000

3564|sudhir Agarwal   |executive  |personnel  |07/06/47| 75000
2345|j.b. saxena      |g.m.       |marketing  |03/12/45|110000
0110|v.k agrawal      |g.m.       |marketing  |12/31/40| 95000

(base) ninadhegde@ninadhegde-ROG-Strix-G731GU-G731GU:~/git/lss/database$ nano lstemp.lst 
(base) ninadhegde@ninadhegde-ROG-Strix-G731GU-G731GU:~/git/lss/database$ cut -d "," -f 1,2,3 lstemp.lst 
2233|a.k. shukla      |g.m        |sales      |12/12/52| 90000
9876|jai sharma       |director   |production |03/12/50|130000
5678|sumit chakrobarty|d.g.m      |marketing  |04/19/43| 85000
2365|barun sengupta   |director   |personnel  |05/11/47|120000
5423|n.k. gupta       |chairman   |admin      |08/30/56|160000
1006|chanchal singhvi |director   |sales      |09/03/38|140000

6213|karuna ganguly   |g.m.       |accounts   |06/05/62|105000 
1265|s.n. dasgupta    |manager    |sales      |09/12/63| 90000

4290|jayant Choudhury |executive  |production |09/07/50| 65000 
2476|anil aggarwal    |manager    |sales      |05/01/59|110000
6521|lalit chowdury   |director   |marketing  |09/26/45|125000
3212|shyam saksena    |d.g.m.     |accounts   |12/12/55| 85000

3564|sudhir Agarwal   |executive  |personnel  |07/06/47| 75000
2345|j.b. saxena      |g.m.       |marketing  |03/12/45|110000
0110|v.k agrawal      |g.m.       |marketing  |12/31/40| 95000
6213|karuna ganguly   |g.m.       |accounts   |06/05/62|105000
1265|s.n. dasgupta    |manager    |sales      |09/12/63| 90000
8212|shyam saksena    |d.g.m.     |accounts   |12/12/55| 85000

3564|sudhir Agarwal   |executive  |personnel  |07/06/47| 75000
2345|j.b. saxena      |g.m.       |marketing  |03/12/45|110000
0110|v.k agrawal      |g.m.       |marketing  |12/31/40| 95000

6213|karuna ganguly   |g.m.       |accounts   |06/05/62|105000
1265|s.n. dasgupta    |manager    |sales      |09/12/63| 90000

4290|jayant Choudhury |executive  |production |09/07/50| 65000
2476|anil aggarwal    |manager    |sales      |05/01/59|110000
6521|lalit chowdury   |director   |marketing  |09/26/45|125000
3212|shyam saksena    |d.g.m.     |accounts   |12/12/55| 85000

3564|sudhir Agarwal   |executive  |personnel  |07/06/47| 75000
2345|j.b. saxena      |g.m.       |marketing  |03/12/45|110000
0110|v.k agrawal      |g.m.       |marketing  |12/31/40| 95000

6213|karuna ganguly   |g.m.       |accounts   |06/05/62|105000
1265|s.n. dasgupta    |manager    |sales      |09/12/63| 90000

4290|jayant Choudhury |executive  |production |09/07/50| 65000
2476|anil aggarwal    |manager    |sales      |05/01/59|110000
6521|lalit chowdury   |director   |marketing  |09/26/45|125000
3212|shyam saksena    |d.g.m.     |accounts   |12/12/55| 85000

3564|sudhir Agarwal   |executive  |personnel  |07/06/47| 75000
2345|j.b. saxena      |g.m.       |marketing  |03/12/45|110000
0110|v.k agrawal      |g.m.       |marketing  |12/31/40| 95000

(base) ninadhegde@ninadhegde-ROG-Strix-G731GU-G731GU:~/git/lss/database$ cut -d "|" -f 1,2,3 lstemp.lst 
2233|a.k. shukla      |g.m        
9876|jai sharma       |director   
5678|sumit chakrobarty|d.g.m      
2365|barun sengupta   |director   
5423|n.k. gupta       |chairman   
1006|chanchal singhvi |director   

6213|karuna ganguly   |g.m.       
1265|s.n. dasgupta    |manager    

4290|jayant Choudhury |executive  
2476|anil aggarwal    |manager    
6521|lalit chowdury   |director   
3212|shyam saksena    |d.g.m.     

3564|sudhir Agarwal   |executive  
2345|j.b. saxena      |g.m.       
0110|v.k agrawal      |g.m.       
6213|karuna ganguly   |g.m.       
1265|s.n. dasgupta    |manager    
8212|shyam saksena    |d.g.m.     

3564|sudhir Agarwal   |executive  
2345|j.b. saxena      |g.m.       
0110|v.k agrawal      |g.m.       

6213|karuna ganguly   |g.m.       
1265|s.n. dasgupta    |manager    

4290|jayant Choudhury |executive  
2476|anil aggarwal    |manager    
6521|lalit chowdury   |director   
3212|shyam saksena    |d.g.m.     

3564|sudhir Agarwal   |executive  
2345|j.b. saxena      |g.m.       
0110|v.k agrawal      |g.m.       

6213|karuna ganguly   |g.m.       
1265|s.n. dasgupta    |manager    

4290|jayant Choudhury |executive  
2476|anil aggarwal    |manager    
6521|lalit chowdury   |director   
3212|shyam saksena    |d.g.m.     

3564|sudhir Agarwal   |executive  
2345|j.b. saxena      |g.m.       
0110|v.k agrawal      |g.m.       

(base) ninadhegde@ninadhegde-ROG-Strix-G731GU-G731GU:~/git/lss/database$ cut -d "|" -f 1,2,3 lstemp.lst | head -n 15
2233|a.k. shukla      |g.m        
9876|jai sharma       |director   
5678|sumit chakrobarty|d.g.m      
2365|barun sengupta   |director   
5423|n.k. gupta       |chairman   
1006|chanchal singhvi |director   

6213|karuna ganguly   |g.m.       
1265|s.n. dasgupta    |manager    

4290|jayant Choudhury |executive  
2476|anil aggarwal    |manager    
6521|lalit chowdury   |director   
3212|shyam saksena    |d.g.m.     

(base) ninadhegde@ninadhegde-ROG-Strix-G731GU-G731GU:~/git/lss/database$ cut -d "|" -f 1,2,3 lstemp.lst | head -n 5
2233|a.k. shukla      |g.m        
9876|jai sharma       |director   
5678|sumit chakrobarty|d.g.m      
2365|barun sengupta   |director   
5423|n.k. gupta       |chairman   
(base) ninadhegde@ninadhegde-ROG-Strix-G731GU-G731GU:~/git/lss/database$ cut -d "|" -f 1,2,3 lstemp.lst | head -c 5
2233|(base) ninadhegde@ninadhegde-ROG-Strix-G731GU-G731GU:~/git/lss/database$ cut -d "|" -f 1,2,3 lstemp.lst | head -c 500
2233|a.k. shukla      |g.m        
9876|jai sharma       |director   
5678|sumit chakrobarty|d.g.m      
2365|barun sengupta   |director   
5423|n.k. gupta       |chairman   
1006|chanchal singhvi |director   

6213|karuna ganguly   |g.m.       
1265|s.n. dasgupta    |manager    

4290|jayant Choudhury |executive  
2476|anil aggarwal    |manager    
6521|lalit chowdury   |director   
3212|shyam saksena    |d.g.m.     

3564|sudhir Agarwal   |executive  
2345|j.b. saxena      |g.m.       
0110|v.(base) ninadhegde@ninadhegde-ROG-Strix-G731GU-G731GU:~/git/lss/database$ cut -d "|" -f 1,2,3 lstemp.lst | head -c 50
2233|a.k. shukla      |g.m        
9876|jai sharma(base) ninadhegde@ninadhegde-ROG-Strix-G731GU-G731GU:~/git/lss/database$ cut -d "|" -f 1,2,3 lstemp.lst | head -c 500
2233|a.k. shukla      |g.m        
9876|jai sharma       |director   
5678|sumit chakrobarty|d.g.m      
2365|barun sengupta   |director   
5423|n.k. gupta       |chairman   
1006|chanchal singhvi |director   

6213|karuna ganguly   |g.m.       
1265|s.n. dasgupta    |manager    

4290|jayant Choudhury |executive  
2476|anil aggarwal    |manager    
6521|lalit chowdury   |director   
3212|shyam saksena    |d.g.m.     

3564|sudhir Agarwal   |executive  
2345|j.b. saxena      |g.m.       
0110|v.(base) ninadhegde@ninadhegde-ROG-Strix-G731GU-G731GU:~/git/lss/database$ cut -d "|" -f 1,2,3 lstemp.lst | tail -n 5

3564|sudhir Agarwal   |executive  
2345|j.b. saxena      |g.m.       
0110|v.k agrawal      |g.m.       

(base) ninadhegde@ninadhegde-ROG-Strix-G731GU-G731GU:~/git/lss/database$ cut -d "|" -f 1,2,3 lstemp.lst | tail -n 50
2233|a.k. shukla      |g.m        
9876|jai sharma       |director   
5678|sumit chakrobarty|d.g.m      
2365|barun sengupta   |director   
5423|n.k. gupta       |chairman   
1006|chanchal singhvi |director   

6213|karuna ganguly   |g.m.       
1265|s.n. dasgupta    |manager    

4290|jayant Choudhury |executive  
2476|anil aggarwal    |manager    
6521|lalit chowdury   |director   
3212|shyam saksena    |d.g.m.     

3564|sudhir Agarwal   |executive  
2345|j.b. saxena      |g.m.       
0110|v.k agrawal      |g.m.       
6213|karuna ganguly   |g.m.       
1265|s.n. dasgupta    |manager    
8212|shyam saksena    |d.g.m.     

3564|sudhir Agarwal   |executive  
2345|j.b. saxena      |g.m.       
0110|v.k agrawal      |g.m.       

6213|karuna ganguly   |g.m.       
1265|s.n. dasgupta    |manager    

4290|jayant Choudhury |executive  
2476|anil aggarwal    |manager    
6521|lalit chowdury   |director   
3212|shyam saksena    |d.g.m.     

3564|sudhir Agarwal   |executive  
2345|j.b. saxena      |g.m.       
0110|v.k agrawal      |g.m.       

6213|karuna ganguly   |g.m.       
1265|s.n. dasgupta    |manager    

4290|jayant Choudhury |executive  
2476|anil aggarwal    |manager    
6521|lalit chowdury   |director   
3212|shyam saksena    |d.g.m.     

3564|sudhir Agarwal   |executive  
2345|j.b. saxena      |g.m.       
0110|v.k agrawal      |g.m.       

(base) ninadhegde@ninadhegde-ROG-Strix-G731GU-G731GU:~/git/lss/database$ cut -d "|" -f 1,2,3 lstemp.lst | tail -n 25

6213|karuna ganguly   |g.m.       
1265|s.n. dasgupta    |manager    

4290|jayant Choudhury |executive  
2476|anil aggarwal    |manager    
6521|lalit chowdury   |director   
3212|shyam saksena    |d.g.m.     

3564|sudhir Agarwal   |executive  
2345|j.b. saxena      |g.m.       
0110|v.k agrawal      |g.m.       

6213|karuna ganguly   |g.m.       
1265|s.n. dasgupta    |manager    

4290|jayant Choudhury |executive  
2476|anil aggarwal    |manager    
6521|lalit chowdury   |director   
3212|shyam saksena    |d.g.m.     

3564|sudhir Agarwal   |executive  
2345|j.b. saxena      |g.m.       
0110|v.k agrawal      |g.m.       

(base) ninadhegde@ninadhegde-ROG-Strix-G731GU-G731GU:~/git/lss/database$ cut -d "|" -f 1,2,3 lstemp.lst | tail -c 25
rawal      |g.m.       

(base) ninadhegde@ninadhegde-ROG-Strix-G731GU-G731GU:~/git/lss/database$ man tail
(base) ninadhegde@ninadhegde-ROG-Strix-G731GU-G731GU:~/git/lss/database$ cut -d "|" -f 1,2,3 lstemp.lst | tail -b 25
tail: cannot open '25' for reading: No such file or directory
(base) ninadhegde@ninadhegde-ROG-Strix-G731GU-G731GU:~/git/lss/database$ man tail
(base) ninadhegde@ninadhegde-ROG-Strix-G731GU-G731GU:~/git/lss/database$ cut -d "|" -f 1,2,3 lstemp.lst | tail -b 25 -v
tail: invalid option -- 'b'
Try 'tail --help' for more information.
(base) ninadhegde@ninadhegde-ROG-Strix-G731GU-G731GU:~/git/lss/database$ ls /etc | taol -n 10
Command 'taol' not found, did you mean:
  command 'tail' from deb coreutils (8.32-4.1ubuntu1)
  command 'tao' from deb taopm (1.0-7)
  command 'taql' from deb casacore-tools (3.4.0-2build1)
Try: sudo apt install <deb name>
(base) ninadhegde@ninadhegde-ROG-Strix-G731GU-G731GU:~/git/lss/database$ ls /etc | tail -n 10
vulkan
w3m
wgetrc
whoopsie
wpa_supplicant
X11
xattr.conf
xdg
xml
zsh_command_not_found
(base) ninadhegde@ninadhegde-ROG-Strix-G731GU-G731GU:~/git/lss/database$ ls /etc | tail -n 30
systemd
terminfo
thermald
thunderbird
timezone
tmpfiles.d
ubuntu-advantage
ucf.conf
udev
udisks2
ufw
update-manager
update-motd.d
update-notifier
UPower
usb_modeswitch.conf
usb_modeswitch.d
vdpau_wrapper.cfg
vim
vtrgb
vulkan
w3m
wgetrc
whoopsie
wpa_supplicant
X11
xattr.conf
xdg
xml
zsh_command_not_found
(base) ninadhegde@ninadhegde-ROG-Strix-G731GU-G731GU:~/git/lss/database$ ls /etc | tail -n 30 | head -n 10
systemd
terminfo
thermald
thunderbird
timezone
tmpfiles.d
ubuntu-advantage
ucf.conf
udev
udisks2
(base) ninadhegde@ninadhegde-ROG-Strix-G731GU-G731GU:~/git/lss/database$ ls /etc | tail -n 50 | head -n 10
services
sgml
shadow
shadow-
shells
skel
snmp
speech-dispatcher
ssh
ssl
(base) ninadhegde@ninadhegde-ROG-Strix-G731GU-G731GU:~/git/lss/database$ ls /etc | tail -n -50 | head -n 10
services
sgml
shadow
shadow-
shells
skel
snmp
speech-dispatcher
ssh
ssl
(base) ninadhegde@ninadhegde-ROG-Strix-G731GU-G731GU:~/git/lss/database$ ls /etc | tail -n 90 | head -n 10
PackageKit
pam.conf
pam.d
papersize
passwd
passwd-
pcmcia
perl
pki
pm
(base) ninadhegde@ninadhegde-ROG-Strix-G731GU-G731GU:~/git/lss/database$ cut -d "|" -f 1,2,3 lstemp.lst 
2233|a.k. shukla      |g.m        
9876|jai sharma       |director   
5678|sumit chakrobarty|d.g.m      
2365|barun sengupta   |director   
5423|n.k. gupta       |chairman   
1006|chanchal singhvi |director   

6213|karuna ganguly   |g.m.       
1265|s.n. dasgupta    |manager    

4290|jayant Choudhury |executive  
2476|anil aggarwal    |manager    
6521|lalit chowdury   |director   
3212|shyam saksena    |d.g.m.     

3564|sudhir Agarwal   |executive  
2345|j.b. saxena      |g.m.       
0110|v.k agrawal      |g.m.       
6213|karuna ganguly   |g.m.       
1265|s.n. dasgupta    |manager    
8212|shyam saksena    |d.g.m.     

3564|sudhir Agarwal   |executive  
2345|j.b. saxena      |g.m.       
0110|v.k agrawal      |g.m.       

6213|karuna ganguly   |g.m.       
1265|s.n. dasgupta    |manager    

4290|jayant Choudhury |executive  
2476|anil aggarwal    |manager    
6521|lalit chowdury   |director   
3212|shyam saksena    |d.g.m.     

3564|sudhir Agarwal   |executive  
2345|j.b. saxena      |g.m.       
0110|v.k agrawal      |g.m.       

6213|karuna ganguly   |g.m.       
1265|s.n. dasgupta    |manager    

4290|jayant Choudhury |executive  
2476|anil aggarwal    |manager    
6521|lalit chowdury   |director   
3212|shyam saksena    |d.g.m.     

3564|sudhir Agarwal   |executive  
2345|j.b. saxena      |g.m.       
0110|v.k agrawal      |g.m.       

(base) ninadhegde@ninadhegde-ROG-Strix-G731GU-G731GU:~/git/lss/database$ ls ../
'01_03_lss .txt'     '14_03_lss  Shell script.txt'     '21_03_lss .txt'    29_03_lss.txt   'Git from step 0.txt'   remote_file.txt   script_test
 07_03_lss.txt        15_02_lss.txt                     21_practice        assignment.txt   hello.py               script01.sh       shell-scripting-tutorial
 14_02_lss_long.txt  '15_03_lss  Shell scripting.txt'  '22_02_lss .txt'    database         lss                    script02.sh       test_shell_script
 14_02_lss.txt        21_02_lss.txt                    '28_02_lss  .txt'   garbage.txt      README.md              script0.txt       Topics.txt
(base) ninadhegde@ninadhegde-ROG-Strix-G731GU-G731GU:~/git/lss/database$ cmp emp1.lst lstemp.lst emp.lst 
cmp: invalid --ignore-initial value 'emp.lst'
cmp: Try 'cmp --help' for more information.
(base) ninadhegde@ninadhegde-ROG-Strix-G731GU-G731GU:~/git/lss/database$ cut -d "|" -f 1-5 lstemp.lst 
2233|a.k. shukla      |g.m        |sales      |12/12/52
9876|jai sharma       |director   |production |03/12/50
5678|sumit chakrobarty|d.g.m      |marketing  |04/19/43
2365|barun sengupta   |director   |personnel  |05/11/47
5423|n.k. gupta       |chairman   |admin      |08/30/56
1006|chanchal singhvi |director   |sales      |09/03/38

6213|karuna ganguly   |g.m.       |accounts   |06/05/62
1265|s.n. dasgupta    |manager    |sales      |09/12/63

4290|jayant Choudhury |executive  |production |09/07/50
2476|anil aggarwal    |manager    |sales      |05/01/59
6521|lalit chowdury   |director   |marketing  |09/26/45
3212|shyam saksena    |d.g.m.     |accounts   |12/12/55

3564|sudhir Agarwal   |executive  |personnel  |07/06/47
2345|j.b. saxena      |g.m.       |marketing  |03/12/45
0110|v.k agrawal      |g.m.       |marketing  |12/31/40
6213|karuna ganguly   |g.m.       |accounts   |06/05/62
1265|s.n. dasgupta    |manager    |sales      |09/12/63
8212|shyam saksena    |d.g.m.     |accounts   |12/12/55

3564|sudhir Agarwal   |executive  |personnel  |07/06/47
2345|j.b. saxena      |g.m.       |marketing  |03/12/45
0110|v.k agrawal      |g.m.       |marketing  |12/31/40

6213|karuna ganguly   |g.m.       |accounts   |06/05/62
1265|s.n. dasgupta    |manager    |sales      |09/12/63

4290|jayant Choudhury |executive  |production |09/07/50
2476|anil aggarwal    |manager    |sales      |05/01/59
6521|lalit chowdury   |director   |marketing  |09/26/45
3212|shyam saksena    |d.g.m.     |accounts   |12/12/55

3564|sudhir Agarwal   |executive  |personnel  |07/06/47
2345|j.b. saxena      |g.m.       |marketing  |03/12/45
0110|v.k agrawal      |g.m.       |marketing  |12/31/40

6213|karuna ganguly   |g.m.       |accounts   |06/05/62
1265|s.n. dasgupta    |manager    |sales      |09/12/63

4290|jayant Choudhury |executive  |production |09/07/50
2476|anil aggarwal    |manager    |sales      |05/01/59
6521|lalit chowdury   |director   |marketing  |09/26/45
3212|shyam saksena    |d.g.m.     |accounts   |12/12/55

3564|sudhir Agarwal   |executive  |personnel  |07/06/47
2345|j.b. saxena      |g.m.       |marketing  |03/12/45
0110|v.k agrawal      |g.m.       |marketing  |12/31/40

(base) ninadhegde@ninadhegde-ROG-Strix-G731GU-G731GU:~/git/lss/database$ cut -d "|" -f 1-4 lstemp.lst
2233|a.k. shukla      |g.m        |sales      
9876|jai sharma       |director   |production 
5678|sumit chakrobarty|d.g.m      |marketing  
2365|barun sengupta   |director   |personnel  
5423|n.k. gupta       |chairman   |admin      
1006|chanchal singhvi |director   |sales      

6213|karuna ganguly   |g.m.       |accounts   
1265|s.n. dasgupta    |manager    |sales      

4290|jayant Choudhury |executive  |production 
2476|anil aggarwal    |manager    |sales      
6521|lalit chowdury   |director   |marketing  
3212|shyam saksena    |d.g.m.     |accounts   

3564|sudhir Agarwal   |executive  |personnel  
2345|j.b. saxena      |g.m.       |marketing  
0110|v.k agrawal      |g.m.       |marketing  
6213|karuna ganguly   |g.m.       |accounts   
1265|s.n. dasgupta    |manager    |sales      
8212|shyam saksena    |d.g.m.     |accounts   

3564|sudhir Agarwal   |executive  |personnel  
2345|j.b. saxena      |g.m.       |marketing  
0110|v.k agrawal      |g.m.       |marketing  

6213|karuna ganguly   |g.m.       |accounts   
1265|s.n. dasgupta    |manager    |sales      

4290|jayant Choudhury |executive  |production 
2476|anil aggarwal    |manager    |sales      
6521|lalit chowdury   |director   |marketing  
3212|shyam saksena    |d.g.m.     |accounts   

3564|sudhir Agarwal   |executive  |personnel  
2345|j.b. saxena      |g.m.       |marketing  
0110|v.k agrawal      |g.m.       |marketing  

6213|karuna ganguly   |g.m.       |accounts   
1265|s.n. dasgupta    |manager    |sales      

4290|jayant Choudhury |executive  |production 
2476|anil aggarwal    |manager    |sales      
6521|lalit chowdury   |director   |marketing  
3212|shyam saksena    |d.g.m.     |accounts   

3564|sudhir Agarwal   |executive  |personnel  
2345|j.b. saxena      |g.m.       |marketing  
0110|v.k agrawal      |g.m.       |marketing  

(base) ninadhegde@ninadhegde-ROG-Strix-G731GU-G731GU:~/git/lss/database$ cut -d "|" -f 1-4 -c 3 lstemp.lst
cut: only one type of list may be specified
Try 'cut --help' for more information.
(base) ninadhegde@ninadhegde-ROG-Strix-G731GU-G731GU:~/git/lss/database$ cut -d "|" -f 1-4 -c 3-7 lstemp.lst
cut: only one type of list may be specified
Try 'cut --help' for more information.
(base) ninadhegde@ninadhegde-ROG-Strix-G731GU-G731GU:~/git/lss/database$ cut -d "|" -f 4  lstemp.lst | cut -c 2
a
r
a
e
d
a

c
a

r
a
a
c

e
a
a
c
a
c

e
a
a

c
a

r
a
a
c

e
a
a

c
a

r
a
a
c

e
a
a

(base) ninadhegde@ninadhegde-ROG-Strix-G731GU-G731GU:~/git/lss/database$ cut -d "|" -f 4  emp1.lst | cut -c 2
a
r
a
e
d
a

c
a

r
a
a
c

e
a
a
(base) ninadhegde@ninadhegde-ROG-Strix-G731GU-G731GU:~/git/lss/database$ cut -d "|" -f 4  emp1.lst | cut -c -2
sa
pr
ma
pe
ad
sa

ac
sa

pr
sa
ma
ac

pe
ma
ma
(base) ninadhegde@ninadhegde-ROG-Strix-G731GU-G731GU:~/git/lss/database$ cut -d "|" -f 4  emp1.lst | cut -c -6
sales 
produc
market
person
admin 
sales 

accoun
sales 

produc
sales 
market
accoun

person
market
market
(base) ninadhegde@ninadhegde-ROG-Strix-G731GU-G731GU:~/git/lss/database$ cut -d "|" -f 4  emp1.lst | cut -c -3
sal
pro
mar
per
adm
sal

acc
sal

pro
sal
mar
acc

per
mar
mar
(base) ninadhegde@ninadhegde-ROG-Strix-G731GU-G731GU:~/git/lss/database$ cut -d "|" -f 4  emp1.lst | cut -c 5-3
cut: invalid decreasing range
Try 'cut --help' for more information.
(base) ninadhegde@ninadhegde-ROG-Strix-G731GU-G731GU:~/git/lss/database$ cut -d "|" -f 4  emp1.lst | cut -c 2-6
ales 
roduc
arket
erson
dmin 
ales 

ccoun
ales 

roduc
ales 
arket
ccoun

erson
arket
arket
(base) ninadhegde@ninadhegde-ROG-Strix-G731GU-G731GU:~/git/lss/database$ cut -d "|" -f 5  emp1.lst | cut -c 2-6
2/12/
3/12/
4/19/
5/11/
8/30/
9/03/

6/05/
9/12/

9/07/
5/01/
9/26/
2/12/

7/06/
3/12/
2/31/
(base) ninadhegde@ninadhegde-ROG-Strix-G731GU-G731GU:~/git/lss/database$ cut -d "|" -f 5  emp1.lst | cut -c 6-
/52
/50
/43
/47
/56
/38

/62
/63

/50
/59
/45
/55

/47
/45
/40
(base) ninadhegde@ninadhegde-ROG-Strix-G731GU-G731GU:~/git/lss/database$ cut -d "|" -f 5  emp1.lst | cut -c 7-
52
50
43
47
56
38

62
63

50
59
45
55

47
45
40
(base) ninadhegde@ninadhegde-ROG-Strix-G731GU-G731GU:~/git/lss/database$ echo "Year : " | cut -d "|" -f 5  emp1.lst | cut -c 7-
52
50
43
47
56
38

62
63

50
59
45
55

47
45
40
(base) ninadhegde@ninadhegde-ROG-Strix-G731GU-G731GU:~/git/lss/database$ echo "Year : " 
Year : 
(base) ninadhegde@ninadhegde-ROG-Strix-G731GU-G731GU:~/git/lss/database$ cut -d "|" -f 5  emp1.lst | cut -c 7-
52
50
43
47
56
38

62
63

50
59
45
55

47
45
40
(base) ninadhegde@ninadhegde-ROG-Strix-G731GU-G731GU:~/git/lss/database$ echo "Year : " | cut -d "|" -f 5  emp1.lst | cut -c 7-
52
50
43
47
56
38

62
63

50
59
45
55

47
45
40
(base) ninadhegde@ninadhegde-ROG-Strix-G731GU-G731GU:~/git/lss/database$ cut -d "|" -f 5  emp1.lst | cut -c 7- | echo "Year :"
Year :
(base) ninadhegde@ninadhegde-ROG-Strix-G731GU-G731GU:~/git/lss/database$ echo "Year : " | cut -d "|" -f 5 -c 7-
cut: only one type of list may be specified
Try 'cut --help' for more information.
(base) ninadhegde@ninadhegde-ROG-Strix-G731GU-G731GU:~/git/lss/database$ cut -d "|" -f 5 -c 7-
cut: only one type of list may be specified
Try 'cut --help' for more information.
(base) ninadhegde@ninadhegde-ROG-Strix-G731GU-G731GU:~/git/lss/database$ man cut'
> ^C
(base) ninadhegde@ninadhegde-ROG-Strix-G731GU-G731GU:~/git/lss/database$ man cut
(base) ninadhegde@ninadhegde-ROG-Strix-G731GU-G731GU:~/git/lss/database$ cut -d "|" -c 7-
cut: an input delimiter may be specified only when operating on fields
Try 'cut --help' for more information.
(base) ninadhegde@ninadhegde-ROG-Strix-G731GU-G731GU:~/git/lss/database$ cut -d "|" -c 7- emp1.lst 
cut: an input delimiter may be specified only when operating on fields
Try 'cut --help' for more information.
(base) ninadhegde@ninadhegde-ROG-Strix-G731GU-G731GU:~/git/lss/database$ cut -d "|" -f 5 -c 7- emp1.lst 
cut: only one type of list may be specified
Try 'cut --help' for more information.
(base) ninadhegde@ninadhegde-ROG-Strix-G731GU-G731GU:~/git/lss/database$ cut --help
Usage: cut OPTION... [FILE]...
Print selected parts of lines from each FILE to standard output.

With no FILE, or when FILE is -, read standard input.

Mandatory arguments to long options are mandatory for short options too.
  -b, --bytes=LIST        select only these bytes
  -c, --characters=LIST   select only these characters
  -d, --delimiter=DELIM   use DELIM instead of TAB for field delimiter
  -f, --fields=LIST       select only these fields;  also print any line
                            that contains no delimiter character, unless
                            the -s option is specified
  -n                      (ignored)
      --complement        complement the set of selected bytes, characters
                            or fields
  -s, --only-delimited    do not print lines not containing delimiters
      --output-delimiter=STRING  use STRING as the output delimiter
                            the default is to use the input delimiter
  -z, --zero-terminated    line delimiter is NUL, not newline
      --help     display this help and exit
      --version  output version information and exit

Use one, and only one of -b, -c or -f.  Each LIST is made up of one
range, or many ranges separated by commas.  Selected input is written
in the same order that it is read, and is written exactly once.
Each range is one of:

  N     N'th byte, character or field, counted from 1
  N-    from N'th byte, character or field, to end of line
  N-M   from N'th to M'th (included) byte, character or field
  -M    from first to M'th (included) byte, character or field

GNU coreutils online help: <https://www.gnu.org/software/coreutils/>
Full documentation <https://www.gnu.org/software/coreutils/cut>
or available locally via: info '(coreutils) cut invocation'
(base) ninadhegde@ninadhegde-ROG-Strix-G731GU-G731GU:~/git/lss/database$ head -6 emp1.lst  | tee shortlistemp
2233|a.k. shukla      |g.m        |sales      |12/12/52| 90000
9876|jai sharma       |director   |production |03/12/50|130000
5678|sumit chakrobarty|d.g.m      |marketing  |04/19/43| 85000
2365|barun sengupta   |director   |personnel  |05/11/47|120000
5423|n.k. gupta       |chairman   |admin      |08/30/56|160000
1006|chanchal singhvi |director   |sales      |09/03/38|140000
(base) ninadhegde@ninadhegde-ROG-Strix-G731GU-G731GU:~/git/lss/database$ cut -d "|" -f 2,3 shortlistemp | tee cutlist1
a.k. shukla      |g.m        
jai sharma       |director   
sumit chakrobarty|d.g.m      
barun sengupta   |director   
n.k. gupta       |chairman   
chanchal singhvi |director   
(base) ninadhegde@ninadhegde-ROG-Strix-G731GU-G731GU:~/git/lss/database$ cut -d "|" -f 1,4- shortlistemp | tee cutlist2
2233|sales      |12/12/52| 90000
9876|production |03/12/50|130000
5678|marketing  |04/19/43| 85000
2365|personnel  |05/11/47|120000
5423|admin      |08/30/56|160000
1006|sales      |09/03/38|140000
(base) ninadhegde@ninadhegde-ROG-Strix-G731GU-G731GU:~/git/lss/database$ man paste
(base) ninadhegde@ninadhegde-ROG-Strix-G731GU-G731GU:~/git/lss/database$ paste cutlist1 cutlist2
a.k. shukla      |g.m        	2233|sales      |12/12/52| 90000
jai sharma       |director   	9876|production |03/12/50|130000
sumit chakrobarty|d.g.m      	5678|marketing  |04/19/43| 85000
barun sengupta   |director   	2365|personnel  |05/11/47|120000
n.k. gupta       |chairman   	5423|admin      |08/30/56|160000
chanchal singhvi |director   	1006|sales      |09/03/38|140000
(base) ninadhegde@ninadhegde-ROG-Strix-G731GU-G731GU:~/git/lss/database$ paste cutlist2 cutlist1
2233|sales      |12/12/52| 90000	a.k. shukla      |g.m        
9876|production |03/12/50|130000	jai sharma       |director   
5678|marketing  |04/19/43| 85000	sumit chakrobarty|d.g.m      
2365|personnel  |05/11/47|120000	barun sengupta   |director   
5423|admin      |08/30/56|160000	n.k. gupta       |chairman   
1006|sales      |09/03/38|140000	chanchal singhvi |director   
(base) ninadhegde@ninadhegde-ROG-Strix-G731GU-G731GU:~/git/lss/database$ paste cutlist2 -d " ' " cutlist1
2233|sales      |12/12/52| 90000 a.k. shukla      |g.m        
9876|production |03/12/50|130000 jai sharma       |director   
5678|marketing  |04/19/43| 85000 sumit chakrobarty|d.g.m      
2365|personnel  |05/11/47|120000 barun sengupta   |director   
5423|admin      |08/30/56|160000 n.k. gupta       |chairman   
1006|sales      |09/03/38|140000 chanchal singhvi |director   
(base) ninadhegde@ninadhegde-ROG-Strix-G731GU-G731GU:~/git/lss/database$ paste cutlist2 -d "'" cutlist1
2233|sales      |12/12/52| 90000'a.k. shukla      |g.m        
9876|production |03/12/50|130000'jai sharma       |director   
5678|marketing  |04/19/43| 85000'sumit chakrobarty|d.g.m      
2365|personnel  |05/11/47|120000'barun sengupta   |director   
5423|admin      |08/30/56|160000'n.k. gupta       |chairman   
1006|sales      |09/03/38|140000'chanchal singhvi |director   
(base) ninadhegde@ninadhegde-ROG-Strix-G731GU-G731GU:~/git/lss/database$ paste cut -d "|" -f 2,3 shortlistemp cutlist1
paste: invalid option -- 'f'
Try 'paste --help' for more information.
(base) ninadhegde@ninadhegde-ROG-Strix-G731GU-G731GU:~/git/lss/database$ paste cutlist1 cutlist2
a.k. shukla      |g.m        	2233|sales      |12/12/52| 90000
jai sharma       |director   	9876|production |03/12/50|130000
sumit chakrobarty|d.g.m      	5678|marketing  |04/19/43| 85000
barun sengupta   |director   	2365|personnel  |05/11/47|120000
n.k. gupta       |chairman   	5423|admin      |08/30/56|160000
chanchal singhvi |director   	1006|sales      |09/03/38|140000
(base) ninadhegde@ninadhegde-ROG-Strix-G731GU-G731GU:~/git/lss/database$ paste cutlist1 cutlist2 -d "{"
a.k. shukla      |g.m        {2233|sales      |12/12/52| 90000
jai sharma       |director   {9876|production |03/12/50|130000
sumit chakrobarty|d.g.m      {5678|marketing  |04/19/43| 85000
barun sengupta   |director   {2365|personnel  |05/11/47|120000
n.k. gupta       |chairman   {5423|admin      |08/30/56|160000
chanchal singhvi |director   {1006|sales      |09/03/38|140000
(base) ninadhegde@ninadhegde-ROG-Strix-G731GU-G731GU:~/git/lss/database$ paste cutlist1 cutlist2 -d "{" -d "}"
a.k. shukla      |g.m        }2233|sales      |12/12/52| 90000
jai sharma       |director   }9876|production |03/12/50|130000
sumit chakrobarty|d.g.m      }5678|marketing  |04/19/43| 85000
barun sengupta   |director   }2365|personnel  |05/11/47|120000
n.k. gupta       |chairman   }5423|admin      |08/30/56|160000
chanchal singhvi |director   }1006|sales      |09/03/38|140000
(base) ninadhegde@ninadhegde-ROG-Strix-G731GU-G731GU:~/git/lss/database$ paste cutlist1 cutlist2 -d "{" -d "}" -d "^"
a.k. shukla      |g.m        ^2233|sales      |12/12/52| 90000
jai sharma       |director   ^9876|production |03/12/50|130000
sumit chakrobarty|d.g.m      ^5678|marketing  |04/19/43| 85000
barun sengupta   |director   ^2365|personnel  |05/11/47|120000
n.k. gupta       |chairman   ^5423|admin      |08/30/56|160000
chanchal singhvi |director   ^1006|sales      |09/03/38|140000
(base) ninadhegde@ninadhegde-ROG-Strix-G731GU-G731GU:~/git/lss/database$ nano lstemp.lst 
(base) ninadhegde@ninadhegde-ROG-Strix-G731GU-G731GU:~/git/lss/database$ paste -s cutlist1 cutlist2 -d "{" -d "}" -d "^"
a.k. shukla      |g.m        ^jai sharma       |director   ^sumit chakrobarty|d.g.m      ^barun sengupta   |director   ^n.k. gupta       |chairman   ^chanchal singhvi |director   
2233|sales      |12/12/52| 90000^9876|production |03/12/50|130000^5678|marketing  |04/19/43| 85000^2365|personnel  |05/11/47|120000^5423|admin      |08/30/56|160000^1006|sales      |09/03/38|140000
(base) ninadhegde@ninadhegde-ROG-Strix-G731GU-G731GU:~/git/lss/database$ paste -s cutlist1 cutlist2 -d "^"
a.k. shukla      |g.m        ^jai sharma       |director   ^sumit chakrobarty|d.g.m      ^barun sengupta   |director   ^n.k. gupta       |chairman   ^chanchal singhvi |director   
2233|sales      |12/12/52| 90000^9876|production |03/12/50|130000^5678|marketing  |04/19/43| 85000^2365|personnel  |05/11/47|120000^5423|admin      |08/30/56|160000^1006|sales      |09/03/38|140000
(base) ninadhegde@ninadhegde-ROG-Strix-G731GU-G731GU:~/git/lss/database$ man paste
(base) ninadhegde@ninadhegde-ROG-Strix-G731GU-G731GU:~/git/lss/database$ paste  cutlist1 cutlist2 -d "^"
a.k. shukla      |g.m        ^2233|sales      |12/12/52| 90000
jai sharma       |director   ^9876|production |03/12/50|130000
sumit chakrobarty|d.g.m      ^5678|marketing  |04/19/43| 85000
barun sengupta   |director   ^2365|personnel  |05/11/47|120000
n.k. gupta       |chairman   ^5423|admin      |08/30/56|160000
chanchal singhvi |director   ^1006|sales      |09/03/38|140000
(base) ninadhegde@ninadhegde-ROG-Strix-G731GU-G731GU:~/git/lss/database$ man paste
(base) ninadhegde@ninadhegde-ROG-Strix-G731GU-G731GU:~/git/lss/database$ paste -z cutlist1 cutlist2 -d "^"
a.k. shukla      |g.m        
jai sharma       |director   
sumit chakrobarty|d.g.m      
barun sengupta   |director   
n.k. gupta       |chairman   
chanchal singhvi |director   
^2233|sales      |12/12/52| 90000
9876|production |03/12/50|130000
5678|marketing  |04/19/43| 85000
2365|personnel  |05/11/47|120000
5423|admin      |08/30/56|160000
1006|sales      |09/03/38|140000
(base) ninadhegde@ninadhegde-ROG-Strix-G731GU-G731GU:~/git/lss/database$ paste -z cutlist1 cutlist2 
a.k. shukla      |g.m        
jai sharma       |director   
sumit chakrobarty|d.g.m      
barun sengupta   |director   
n.k. gupta       |chairman   
chanchal singhvi |director   
	2233|sales      |12/12/52| 90000
9876|production |03/12/50|130000
5678|marketing  |04/19/43| 85000
2365|personnel  |05/11/47|120000
5423|admin      |08/30/56|160000
1006|sales      |09/03/38|140000
(base) ninadhegde@ninadhegde-ROG-Strix-G731GU-G731GU:~/git/lss/database$ paste -z cutlist1 cutlist2 -d ""
a.k. shukla      |g.m        
jai sharma       |director   
sumit chakrobarty|d.g.m      
barun sengupta   |director   
n.k. gupta       |chairman   
chanchal singhvi |director   
2233|sales      |12/12/52| 90000
9876|production |03/12/50|130000
5678|marketing  |04/19/43| 85000
2365|personnel  |05/11/47|120000
5423|admin      |08/30/56|160000
1006|sales      |09/03/38|140000
(base) ninadhegde@ninadhegde-ROG-Strix-G731GU-G731GU:~/git/lss/database$ paste -z cutlist1 cutlist2 -d "."
a.k. shukla      |g.m        
jai sharma       |director   
sumit chakrobarty|d.g.m      
barun sengupta   |director   
n.k. gupta       |chairman   
chanchal singhvi |director   
.2233|sales      |12/12/52| 90000
9876|production |03/12/50|130000
5678|marketing  |04/19/43| 85000
2365|personnel  |05/11/47|120000
5423|admin      |08/30/56|160000
1006|sales      |09/03/38|140000
(base) ninadhegde@ninadhegde-ROG-Strix-G731GU-G731GU:~/git/lss/database$ filename=${fullpath##*/}
(base) ninadhegde@ninadhegde-ROG-Strix-G731GU-G731GU:~/git/lss/database$ echo filename
filename
(base) ninadhegde@ninadhegde-ROG-Strix-G731GU-G731GU:~/git/lss/database$ echo fullpath##*/
fullpath##*/
(base) ninadhegde@ninadhegde-ROG-Strix-G731GU-G731GU:~/git/lss/database$ echo ${fullpath##*/}

(base) ninadhegde@ninadhegde-ROG-Strix-G731GU-G731GU:~/git/lss/database$ ls
cutlist  cutlist1  cutlist2  emp1.lst  emp.lst  lsiemp.lst  lstemp.lst  ourbase.txt  shortlist  shortlistemp
(base) ninadhegde@ninadhegde-ROG-Strix-G731GU-G731GU:~/git/lss/database$ sort ourbase.txt 



Abhishek222@gmail.com  |  7975236778   |  Abhishek J  |     RVCE22MCA019  | Section A|MCA 
abhishekjadhav.mca22@rvce.edu.in| 7975236778|Abhishek Jadhav|RVCE22MCA019|Section A|MCA 
adityahegde.mca22@rcve.edu.in   |6361181481|aditya hegde|RVCE22MCA013|Section A|MCA
amit888@gamil.com      |  9480411538   |  Amit Hegde  |    RVCE22MCA039  | Section A|MCA 
bharat111@gmail.com    |  9019515908   |  Ashwin PR   |  RVCE22MCA011  | Section A |MCA 
BharatK444@gmail.com   |  8073747379   |  Bharat K    |    RVCE22MCA079  | Section A|MCA 
BhratH666@gamil.com    |  6360793500   |  Bharat H    |    RVCE22MCA002  | Section A|MCA 
Dhansh333@gmail.com    |  9964825250   |  Dhanush K   |   RVCE22MCA034  | Section A|MCA 
manojkk.mca22@rvce.edu.in       | 8277218190  |Manoj |RVCE22MCA006|Section A|MCA
nandanbhat137@gmail.com         |9480278068|Nandan bhat|RVCE22MCA008|Section A|McA
ninadghegde.gmail.com           |9449136973|Ninad Hegde|RVCE22MCA007|Section A|MCA
Prathamesh555@gmail.com|  9148025795   |  Prathamesh H|    RVCE22MCA094  | Section B |MCA 
suhasms0143@gmail.com           |6363108413|Suhas M S|RVCE22MCA026|Section B|MCA
sushant777@gamil.com   |  8431169904   |   Sushant H  |    RVCE22MCA043  | Section B|MCA 
(base) ninadhegde@ninadhegde-ROG-Strix-G731GU-G731GU:~/git/lss/database$ sort ourbase.txt 



Abhishek222@gmail.com           |7975236778|  Abhishek J   |RVCE22MCA019|Section A|MCA 
abhishekjadhav.mca22@rvce.edu.in|7975236778|Abhishek Jadhav|RVCE22MCA019|Section A|MCA 
adityahegde.mca22@rcve.edu.in   |6361181481|aditya hegde   |RVCE22MCA013|Section A|MCA
amit888@gamil.com               |9480411538|  Amit Hegde   |RVCE22MCA039|Section A|MCA 
bharat111@gmail.com             |9019515908|  Ashwin PR    |RVCE22MCA011|Section A|MCA 
BharatK444@gmail.com            |8073747379|  Bharat K     |RVCE22MCA079|Section A|MCA 
BhratH666@gamil.com             |6360793500|  Bharat H     |RVCE22MCA002|Section A|MCA 
Dhansh333@gmail.com             |9964825250|  Dhanush K    |RVCE22MCA034|Section A|MCA 
manojkk.mca22@rvce.edu.in       |8277218190|Manoj          |RVCE22MCA006|Section A|MCA
nandanbhat137@gmail.com         |9480278068|Nandan bhat    |RVCE22MCA008|Section A|McA
ninadghegde.gmail.com           |9449136973|Ninad Hegde    |RVCE22MCA007|Section A|MCA
Prathamesh555@gmail.com         |9148025795|  Prathamesh H |RVCE22MCA094|Section B|MCA 
suhasms0143@gmail.com           |6363108413|Suhas M S      |RVCE22MCA026|Section B|MCA
sushant777@gamil.com            |8431169904|   Sushant H   |RVCE22MCA043|Section B|MCA 
(base) ninadhegde@ninadhegde-ROG-Strix-G731GU-G731GU:~/git/lss/database$ sort -t "|" -k 2 ourbase.txt 



BhratH666@gamil.com             |6360793500|  Bharat H     |RVCE22MCA002|Section A|MCA 
adityahegde.mca22@rcve.edu.in   |6361181481|aditya hegde   |RVCE22MCA013|Section A|MCA
suhasms0143@gmail.com           |6363108413|Suhas M S      |RVCE22MCA026|Section B|MCA
abhishekjadhav.mca22@rvce.edu.in|7975236778|Abhishek Jadhav|RVCE22MCA019|Section A|MCA 
Abhishek222@gmail.com           |7975236778|  Abhishek J   |RVCE22MCA019|Section A|MCA 
BharatK444@gmail.com            |8073747379|  Bharat K     |RVCE22MCA079|Section A|MCA 
manojkk.mca22@rvce.edu.in       |8277218190|Manoj          |RVCE22MCA006|Section A|MCA
sushant777@gamil.com            |8431169904|   Sushant H   |RVCE22MCA043|Section B|MCA 
bharat111@gmail.com             |9019515908|  Ashwin PR    |RVCE22MCA011|Section A|MCA 
Prathamesh555@gmail.com         |9148025795|  Prathamesh H |RVCE22MCA094|Section B|MCA 
ninadghegde.gmail.com           |9449136973|Ninad Hegde    |RVCE22MCA007|Section A|MCA
nandanbhat137@gmail.com         |9480278068|Nandan bhat    |RVCE22MCA008|Section A|McA
amit888@gamil.com               |9480411538|  Amit Hegde   |RVCE22MCA039|Section A|MCA 
Dhansh333@gmail.com             |9964825250|  Dhanush K    |RVCE22MCA034|Section A|MCA 
(base) ninadhegde@ninadhegde-ROG-Strix-G731GU-G731GU:~/git/lss/database$ sort -t "|" -k 3 ourbase.txt 



abhishekjadhav.mca22@rvce.edu.in|7975236778|Abhishek Jadhav|RVCE22MCA019|Section A|MCA 
Abhishek222@gmail.com           |7975236778|  Abhishek J   |RVCE22MCA019|Section A|MCA 
adityahegde.mca22@rcve.edu.in   |6361181481|aditya hegde   |RVCE22MCA013|Section A|MCA
amit888@gamil.com               |9480411538|  Amit Hegde   |RVCE22MCA039|Section A|MCA 
bharat111@gmail.com             |9019515908|  Ashwin PR    |RVCE22MCA011|Section A|MCA 
BhratH666@gamil.com             |6360793500|  Bharat H     |RVCE22MCA002|Section A|MCA 
BharatK444@gmail.com            |8073747379|  Bharat K     |RVCE22MCA079|Section A|MCA 
Dhansh333@gmail.com             |9964825250|  Dhanush K    |RVCE22MCA034|Section A|MCA 
manojkk.mca22@rvce.edu.in       |8277218190|Manoj          |RVCE22MCA006|Section A|MCA
nandanbhat137@gmail.com         |9480278068|Nandan bhat    |RVCE22MCA008|Section A|McA
ninadghegde.gmail.com           |9449136973|Ninad Hegde    |RVCE22MCA007|Section A|MCA
Prathamesh555@gmail.com         |9148025795|  Prathamesh H |RVCE22MCA094|Section B|MCA 
suhasms0143@gmail.com           |6363108413|Suhas M S      |RVCE22MCA026|Section B|MCA
sushant777@gamil.com            |8431169904|   Sushant H   |RVCE22MCA043|Section B|MCA 
(base) ninadhegde@ninadhegde-ROG-Strix-G731GU-G731GU:~/git/lss/database$ sort -t "|" -k 3 ourbase.txt 



abhishekjadhav.mca22@rvce.edu.in|7975236778|Abhishek Jadhav|RVCE22MCA019|Section A|MCA 
Abhishek222@gmail.com           |7975236778|Abhishek J     |RVCE22MCA019|Section A|MCA 
adityahegde.mca22@rcve.edu.in   |6361181481|aditya hegde   |RVCE22MCA013|Section A|MCA
amit888@gamil.com               |9480411538|Amit Hegde     |RVCE22MCA039|Section A|MCA 
bharat111@gmail.com             |9019515908|Ashwin PR      |RVCE22MCA011|Section A|MCA 
BhratH666@gamil.com             |6360793500|Bharat H       |RVCE22MCA002|Section A|MCA 
BharatK444@gmail.com            |8073747379|Bharat K       |RVCE22MCA079|Section A|MCA 
Dhansh333@gmail.com             |9964825250|Dhanush K      |RVCE22MCA034|Section A|MCA 
manojkk.mca22@rvce.edu.in       |8277218190|Manoj          |RVCE22MCA006|Section A|MCA
nandanbhat137@gmail.com         |9480278068|Nandan bhat    |RVCE22MCA008|Section A|McA
ninadghegde.gmail.com           |9449136973|Ninad Hegde    |RVCE22MCA007|Section A|MCA
Prathamesh555@gmail.com         |9148025795|Prathamesh H   |RVCE22MCA094|Section B|MCA 
suhasms0143@gmail.com           |6363108413|Suhas M S      |RVCE22MCA026|Section B|MCA
sushant777@gamil.com            |8431169904|Sushant H      |RVCE22MCA043|Section B|MCA 
(base) ninadhegde@ninadhegde-ROG-Strix-G731GU-G731GU:~/git/lss/database$ sort -t "|" -k 4 ourbase.txt 



BhratH666@gamil.com             |6360793500|Bharat H       |RVCE22MCA002|Section A|MCA 
manojkk.mca22@rvce.edu.in       |8277218190|Manoj          |RVCE22MCA006|Section A|MCA
ninadghegde.gmail.com           |9449136973|Ninad Hegde    |RVCE22MCA007|Section A|MCA
nandanbhat137@gmail.com         |9480278068|Nandan bhat    |RVCE22MCA008|Section A|McA
bharat111@gmail.com             |9019515908|Ashwin PR      |RVCE22MCA011|Section A|MCA 
adityahegde.mca22@rcve.edu.in   |6361181481|aditya hegde   |RVCE22MCA013|Section A|MCA
Abhishek222@gmail.com           |7975236778|Abhishek J     |RVCE22MCA019|Section A|MCA 
abhishekjadhav.mca22@rvce.edu.in|7975236778|Abhishek Jadhav|RVCE22MCA019|Section A|MCA 
suhasms0143@gmail.com           |6363108413|Suhas M S      |RVCE22MCA026|Section B|MCA
Dhansh333@gmail.com             |9964825250|Dhanush K      |RVCE22MCA034|Section A|MCA 
amit888@gamil.com               |9480411538|Amit Hegde     |RVCE22MCA039|Section A|MCA 
sushant777@gamil.com            |8431169904|Sushant H      |RVCE22MCA043|Section B|MCA 
BharatK444@gmail.com            |8073747379|Bharat K       |RVCE22MCA079|Section A|MCA 
Prathamesh555@gmail.com         |9148025795|Prathamesh H   |RVCE22MCA094|Section B|MCA 
(base) ninadhegde@ninadhegde-ROG-Strix-G731GU-G731GU:~/git/lss/database$ man sort
(base) ninadhegde@ninadhegde-ROG-Strix-G731GU-G731GU:~/git/lss/database$ sort -t "|" -k 2 ourbase.txt 



BhratH666@gamil.com             | 6360793500|Bharat H       |RVCE22MCA002|Section A|MCA 
adityahegde.mca22@rcve.edu.in   |6361181481|aditya hegde   |RVCE22MCA013|Section A|MCA
suhasms0143@gmail.com           |6363108413|Suhas M S      |RVCE22MCA026|Section B|MCA
abhishekjadhav.mca22@rvce.edu.in|7975236778|Abhishek Jadhav|RVCE22MCA019|Section A|MCA 
Abhishek222@gmail.com           |7975236778|Abhishek J     |RVCE22MCA019|Section A|MCA 
BharatK444@gmail.com            |8073747379|Bharat K       |RVCE22MCA079|Section A|MCA 
manojkk.mca22@rvce.edu.in       |8277218190|Manoj          |RVCE22MCA006|Section A|MCA
sushant777@gamil.com            |8431169904|Sushant H      |RVCE22MCA043|Section B|MCA 
bharat111@gmail.com             |9019515908|Ashwin PR      |RVCE22MCA011|Section A|MCA 
Prathamesh555@gmail.com         |9148025795|Prathamesh H   |RVCE22MCA094|Section B|MCA 
ninadghegde.gmail.com           |9449136973|Ninad Hegde    |RVCE22MCA007|Section A|MCA
nandanbhat137@gmail.com         |9480278068|Nandan bhat    |RVCE22MCA008|Section A|McA
amit888@gamil.com               |9480411538|Amit Hegde     |RVCE22MCA039|Section A|MCA 
Dhansh333@gmail.com             | 9964825250|Dhanush K      |RVCE22MCA034|Section A|MCA 
(base) ninadhegde@ninadhegde-ROG-Strix-G731GU-G731GU:~/git/lss/database$ sort -t "|" -k 2 emp1.lst 



2233|a.k. shukla      |g.m        |sales      |12/12/52| 90000
2476|anil aggarwal    |manager    |sales      |05/01/59|110000
2365|barun sengupta   |director   |personnel  |05/11/47|120000
1006|chanchal singhvi |director   |sales      |09/03/38|140000
9876|jai sharma       |director   |production |03/12/50|130000
4290|jayant Choudhury |executive  |production |09/07/50| 65000 
2345|j.b. saxena      |g.m.       |marketing  |03/12/45|110000
6213|karuna ganguly   |g.m.       |accounts   |06/05/62|105000 
6521|lalit chowdury   |director   |marketing  |09/26/45|125000
5423|n.k. gupta       |chairman   |admin      |08/30/56|160000
3212|shyam saksena    |d.g.m.     |accounts   |12/12/55| 85000
1265|s.n. dasgupta    |manager    |sales      |09/12/63| 90000
3564|sudhir Agarwal   |executive  |personnel  |07/06/47| 75000
5678|sumit chakrobarty|d.g.m      |marketing  |04/19/43| 85000
0110|v.k agrawal      |g.m.       |marketing  |12/31/40| 95000
(base) ninadhegde@ninadhegde-ROG-Strix-G731GU-G731GU:~/git/lss/database$ sort -t "|" -k 6 emp1.lst 



6213|karuna ganguly   |g.m.       |accounts   |06/05/62|105000 
2345|j.b. saxena      |g.m.       |marketing  |03/12/45|110000
2476|anil aggarwal    |manager    |sales      |05/01/59|110000
2365|barun sengupta   |director   |personnel  |05/11/47|120000
6521|lalit chowdury   |director   |marketing  |09/26/45|125000
9876|jai sharma       |director   |production |03/12/50|130000
1006|chanchal singhvi |director   |sales      |09/03/38|140000
5423|n.k. gupta       |chairman   |admin      |08/30/56|160000
4290|jayant Choudhury |executive  |production |09/07/50| 65000 
3564|sudhir Agarwal   |executive  |personnel  |07/06/47| 75000
3212|shyam saksena    |d.g.m.     |accounts   |12/12/55| 85000
5678|sumit chakrobarty|d.g.m      |marketing  |04/19/43| 85000
1265|s.n. dasgupta    |manager    |sales      |09/12/63| 90000
2233|a.k. shukla      |g.m        |sales      |12/12/52| 90000
0110|v.k agrawal      |g.m.       |marketing  |12/31/40| 95000
(base) ninadhegde@ninadhegde-ROG-Strix-G731GU-G731GU:~/git/lss/database$ sort -t "|" -n -k 6 emp1.lst 



4290|jayant Choudhury |executive  |production |09/07/50| 65000 
3564|sudhir Agarwal   |executive  |personnel  |07/06/47| 75000
3212|shyam saksena    |d.g.m.     |accounts   |12/12/55| 85000
5678|sumit chakrobarty|d.g.m      |marketing  |04/19/43| 85000
1265|s.n. dasgupta    |manager    |sales      |09/12/63| 90000
2233|a.k. shukla      |g.m        |sales      |12/12/52| 90000
0110|v.k agrawal      |g.m.       |marketing  |12/31/40| 95000
6213|karuna ganguly   |g.m.       |accounts   |06/05/62|105000 
2345|j.b. saxena      |g.m.       |marketing  |03/12/45|110000
2476|anil aggarwal    |manager    |sales      |05/01/59|110000
2365|barun sengupta   |director   |personnel  |05/11/47|120000
6521|lalit chowdury   |director   |marketing  |09/26/45|125000
9876|jai sharma       |director   |production |03/12/50|130000
1006|chanchal singhvi |director   |sales      |09/03/38|140000
5423|n.k. gupta       |chairman   |admin      |08/30/56|160000
(base) ninadhegde@ninadhegde-ROG-Strix-G731GU-G731GU:~/git/lss/database$ sort -t "|" -b -k 6 emp1.lst 



6213|karuna ganguly   |g.m.       |accounts   |06/05/62|105000 
2345|j.b. saxena      |g.m.       |marketing  |03/12/45|110000
2476|anil aggarwal    |manager    |sales      |05/01/59|110000
2365|barun sengupta   |director   |personnel  |05/11/47|120000
6521|lalit chowdury   |director   |marketing  |09/26/45|125000
9876|jai sharma       |director   |production |03/12/50|130000
1006|chanchal singhvi |director   |sales      |09/03/38|140000
5423|n.k. gupta       |chairman   |admin      |08/30/56|160000
4290|jayant Choudhury |executive  |production |09/07/50| 65000 
3564|sudhir Agarwal   |executive  |personnel  |07/06/47| 75000
3212|shyam saksena    |d.g.m.     |accounts   |12/12/55| 85000
5678|sumit chakrobarty|d.g.m      |marketing  |04/19/43| 85000
1265|s.n. dasgupta    |manager    |sales      |09/12/63| 90000
2233|a.k. shukla      |g.m        |sales      |12/12/52| 90000
0110|v.k agrawal      |g.m.       |marketing  |12/31/40| 95000
(base) ninadhegde@ninadhegde-ROG-Strix-G731GU-G731GU:~/git/lss/database$ sort -t "|" -n -k 6 emp1.lst 



4290|jayant Choudhury |executive  |production |09/07/50| 65000 
3564|sudhir Agarwal   |executive  |personnel  |07/06/47| 75000
3212|shyam saksena    |d.g.m.     |accounts   |12/12/55| 85000
5678|sumit chakrobarty|d.g.m      |marketing  |04/19/43| 85000
1265|s.n. dasgupta    |manager    |sales      |09/12/63| 90000
2233|a.k. shukla      |g.m        |sales      |12/12/52| 90000
0110|v.k agrawal      |g.m.       |marketing  |12/31/40| 95000
6213|karuna ganguly   |g.m.       |accounts   |06/05/62|105000 
2345|j.b. saxena      |g.m.       |marketing  |03/12/45|110000
2476|anil aggarwal    |manager    |sales      |05/01/59|110000
2365|barun sengupta   |director   |personnel  |05/11/47|120000
6521|lalit chowdury   |director   |marketing  |09/26/45|125000
9876|jai sharma       |director   |production |03/12/50|130000
1006|chanchal singhvi |director   |sales      |09/03/38|140000
5423|n.k. gupta       |chairman   |admin      |08/30/56|160000
(base) ninadhegde@ninadhegde-ROG-Strix-G731GU-G731GU:~/git/lss/database$ sort -t "|" -n -k 6 lstemp.lst 











ID  |Name             |Designation|Department |DOB     |salary
4290|jayant Choudhury |executive  |production |09/07/50| 65000
4290|jayant Choudhury |executive  |production |09/07/50| 65000
4290|jayant Choudhury |executive  |production |09/07/50| 65000 
3564|sudhir Agarwal   |executive  |personnel  |07/06/47| 75000
3564|sudhir Agarwal   |executive  |personnel  |07/06/47| 75000
3564|sudhir Agarwal   |executive  |personnel  |07/06/47| 75000
3564|sudhir Agarwal   |executive  |personnel  |07/06/47| 75000
3212|shyam saksena    |d.g.m.     |accounts   |12/12/55| 85000
3212|shyam saksena    |d.g.m.     |accounts   |12/12/55| 85000
3212|shyam saksena    |d.g.m.     |accounts   |12/12/55| 85000
5678|sumit chakrobarty|d.g.m      |marketing  |04/19/43| 85000
8212|shyam saksena    |d.g.m.     |accounts   |12/12/55| 85000
1265|s.n. dasgupta    |manager    |sales      |09/12/63| 90000
1265|s.n. dasgupta    |manager    |sales      |09/12/63| 90000
1265|s.n. dasgupta    |manager    |sales      |09/12/63| 90000
1265|s.n. dasgupta    |manager    |sales      |09/12/63| 90000
2233|a.k. shukla      |g.m        |sales      |12/12/52| 90000
0110|v.k agrawal      |g.m.       |marketing  |12/31/40| 95000
0110|v.k agrawal      |g.m.       |marketing  |12/31/40| 95000
0110|v.k agrawal      |g.m.       |marketing  |12/31/40| 95000
0110|v.k agrawal      |g.m.       |marketing  |12/31/40| 95000
6213|karuna ganguly   |g.m.       |accounts   |06/05/62|105000
6213|karuna ganguly   |g.m.       |accounts   |06/05/62|105000
6213|karuna ganguly   |g.m.       |accounts   |06/05/62|105000
6213|karuna ganguly   |g.m.       |accounts   |06/05/62|105000 
2345|j.b. saxena      |g.m.       |marketing  |03/12/45|110000
2345|j.b. saxena      |g.m.       |marketing  |03/12/45|110000
2345|j.b. saxena      |g.m.       |marketing  |03/12/45|110000
2345|j.b. saxena      |g.m.       |marketing  |03/12/45|110000
2476|anil aggarwal    |manager    |sales      |05/01/59|110000
2476|anil aggarwal    |manager    |sales      |05/01/59|110000
2476|anil aggarwal    |manager    |sales      |05/01/59|110000
2365|barun sengupta   |director   |personnel  |05/11/47|120000
6521|lalit chowdury   |director   |marketing  |09/26/45|125000
6521|lalit chowdury   |director   |marketing  |09/26/45|125000
6521|lalit chowdury   |director   |marketing  |09/26/45|125000
9876|jai sharma       |director   |production |03/12/50|130000
1006|chanchal singhvi |director   |sales      |09/03/38|140000
5423|n.k. gupta       |chairman   |admin      |08/30/56|160000
(base) ninadhegde@ninadhegde-ROG-Strix-G731GU-G731GU:~/git/lss/database$ sort -t "|" -n -r -k 6 lstemp.lst 
5423|n.k. gupta       |chairman   |admin      |08/30/56|160000
1006|chanchal singhvi |director   |sales      |09/03/38|140000
9876|jai sharma       |director   |production |03/12/50|130000
6521|lalit chowdury   |director   |marketing  |09/26/45|125000
6521|lalit chowdury   |director   |marketing  |09/26/45|125000
6521|lalit chowdury   |director   |marketing  |09/26/45|125000
2365|barun sengupta   |director   |personnel  |05/11/47|120000
2476|anil aggarwal    |manager    |sales      |05/01/59|110000
2476|anil aggarwal    |manager    |sales      |05/01/59|110000
2476|anil aggarwal    |manager    |sales      |05/01/59|110000
2345|j.b. saxena      |g.m.       |marketing  |03/12/45|110000
2345|j.b. saxena      |g.m.       |marketing  |03/12/45|110000
2345|j.b. saxena      |g.m.       |marketing  |03/12/45|110000
2345|j.b. saxena      |g.m.       |marketing  |03/12/45|110000
6213|karuna ganguly   |g.m.       |accounts   |06/05/62|105000 
6213|karuna ganguly   |g.m.       |accounts   |06/05/62|105000
6213|karuna ganguly   |g.m.       |accounts   |06/05/62|105000
6213|karuna ganguly   |g.m.       |accounts   |06/05/62|105000
0110|v.k agrawal      |g.m.       |marketing  |12/31/40| 95000
0110|v.k agrawal      |g.m.       |marketing  |12/31/40| 95000
0110|v.k agrawal      |g.m.       |marketing  |12/31/40| 95000
0110|v.k agrawal      |g.m.       |marketing  |12/31/40| 95000
2233|a.k. shukla      |g.m        |sales      |12/12/52| 90000
1265|s.n. dasgupta    |manager    |sales      |09/12/63| 90000
1265|s.n. dasgupta    |manager    |sales      |09/12/63| 90000
1265|s.n. dasgupta    |manager    |sales      |09/12/63| 90000
1265|s.n. dasgupta    |manager    |sales      |09/12/63| 90000
8212|shyam saksena    |d.g.m.     |accounts   |12/12/55| 85000
5678|sumit chakrobarty|d.g.m      |marketing  |04/19/43| 85000
3212|shyam saksena    |d.g.m.     |accounts   |12/12/55| 85000
3212|shyam saksena    |d.g.m.     |accounts   |12/12/55| 85000
3212|shyam saksena    |d.g.m.     |accounts   |12/12/55| 85000
3564|sudhir Agarwal   |executive  |personnel  |07/06/47| 75000
3564|sudhir Agarwal   |executive  |personnel  |07/06/47| 75000
3564|sudhir Agarwal   |executive  |personnel  |07/06/47| 75000
3564|sudhir Agarwal   |executive  |personnel  |07/06/47| 75000
4290|jayant Choudhury |executive  |production |09/07/50| 65000 
4290|jayant Choudhury |executive  |production |09/07/50| 65000
4290|jayant Choudhury |executive  |production |09/07/50| 65000
ID  |Name             |Designation|Department |DOB     |salary











(base) ninadhegde@ninadhegde-ROG-Strix-G731GU-G731GU:~/git/lss/database$ man sort
(base) ninadhegde@ninadhegde-ROG-Strix-G731GU-G731GU:~/git/lss/database$ sort -t "|" -n -R -k 6 lstemp.lst 
sort: options '-nR' are incompatible
(base) ninadhegde@ninadhegde-ROG-Strix-G731GU-G731GU:~/git/lss/database$ sort -t "|" -R -k 6 lstemp.lst 
9876|jai sharma       |director   |production |03/12/50|130000
6213|karuna ganguly   |g.m.       |accounts   |06/05/62|105000
6213|karuna ganguly   |g.m.       |accounts   |06/05/62|105000
6213|karuna ganguly   |g.m.       |accounts   |06/05/62|105000
0110|v.k agrawal      |g.m.       |marketing  |12/31/40| 95000
0110|v.k agrawal      |g.m.       |marketing  |12/31/40| 95000
0110|v.k agrawal      |g.m.       |marketing  |12/31/40| 95000
0110|v.k agrawal      |g.m.       |marketing  |12/31/40| 95000
2345|j.b. saxena      |g.m.       |marketing  |03/12/45|110000
2345|j.b. saxena      |g.m.       |marketing  |03/12/45|110000
2345|j.b. saxena      |g.m.       |marketing  |03/12/45|110000
2345|j.b. saxena      |g.m.       |marketing  |03/12/45|110000
2476|anil aggarwal    |manager    |sales      |05/01/59|110000
2476|anil aggarwal    |manager    |sales      |05/01/59|110000
2476|anil aggarwal    |manager    |sales      |05/01/59|110000











6521|lalit chowdury   |director   |marketing  |09/26/45|125000
6521|lalit chowdury   |director   |marketing  |09/26/45|125000
6521|lalit chowdury   |director   |marketing  |09/26/45|125000
6213|karuna ganguly   |g.m.       |accounts   |06/05/62|105000 
3564|sudhir Agarwal   |executive  |personnel  |07/06/47| 75000
3564|sudhir Agarwal   |executive  |personnel  |07/06/47| 75000
3564|sudhir Agarwal   |executive  |personnel  |07/06/47| 75000
3564|sudhir Agarwal   |executive  |personnel  |07/06/47| 75000
1006|chanchal singhvi |director   |sales      |09/03/38|140000
3212|shyam saksena    |d.g.m.     |accounts   |12/12/55| 85000
3212|shyam saksena    |d.g.m.     |accounts   |12/12/55| 85000
3212|shyam saksena    |d.g.m.     |accounts   |12/12/55| 85000
5678|sumit chakrobarty|d.g.m      |marketing  |04/19/43| 85000
8212|shyam saksena    |d.g.m.     |accounts   |12/12/55| 85000
1265|s.n. dasgupta    |manager    |sales      |09/12/63| 90000
1265|s.n. dasgupta    |manager    |sales      |09/12/63| 90000
1265|s.n. dasgupta    |manager    |sales      |09/12/63| 90000
1265|s.n. dasgupta    |manager    |sales      |09/12/63| 90000
2233|a.k. shukla      |g.m        |sales      |12/12/52| 90000
2365|barun sengupta   |director   |personnel  |05/11/47|120000
ID  |Name             |Designation|Department |DOB     |salary
4290|jayant Choudhury |executive  |production |09/07/50| 65000
4290|jayant Choudhury |executive  |production |09/07/50| 65000
5423|n.k. gupta       |chairman   |admin      |08/30/56|160000
4290|jayant Choudhury |executive  |production |09/07/50| 65000 
(base) ninadhegde@ninadhegde-ROG-Strix-G731GU-G731GU:~/git/lss/database$ sort -t "|" -c -k 6 lstemp.lst 
sort: lstemp.lst:2: disorder: 2233|a.k. shukla      |g.m        |sales      |12/12/52| 90000
(base) ninadhegde@ninadhegde-ROG-Strix-G731GU-G731GU:~/git/lss/database$ man sort
(base) ninadhegde@ninadhegde-ROG-Strix-G731GU-G731GU:~/git/lss/database$ sort -t "|" -b -k 6 lstemp.lst 











6213|karuna ganguly   |g.m.       |accounts   |06/05/62|105000
6213|karuna ganguly   |g.m.       |accounts   |06/05/62|105000
6213|karuna ganguly   |g.m.       |accounts   |06/05/62|105000
6213|karuna ganguly   |g.m.       |accounts   |06/05/62|105000 
2345|j.b. saxena      |g.m.       |marketing  |03/12/45|110000
2345|j.b. saxena      |g.m.       |marketing  |03/12/45|110000
2345|j.b. saxena      |g.m.       |marketing  |03/12/45|110000
2345|j.b. saxena      |g.m.       |marketing  |03/12/45|110000
2476|anil aggarwal    |manager    |sales      |05/01/59|110000
2476|anil aggarwal    |manager    |sales      |05/01/59|110000
2476|anil aggarwal    |manager    |sales      |05/01/59|110000
2365|barun sengupta   |director   |personnel  |05/11/47|120000
6521|lalit chowdury   |director   |marketing  |09/26/45|125000
6521|lalit chowdury   |director   |marketing  |09/26/45|125000
6521|lalit chowdury   |director   |marketing  |09/26/45|125000
9876|jai sharma       |director   |production |03/12/50|130000
1006|chanchal singhvi |director   |sales      |09/03/38|140000
5423|n.k. gupta       |chairman   |admin      |08/30/56|160000
4290|jayant Choudhury |executive  |production |09/07/50| 65000
4290|jayant Choudhury |executive  |production |09/07/50| 65000
4290|jayant Choudhury |executive  |production |09/07/50| 65000 
3564|sudhir Agarwal   |executive  |personnel  |07/06/47| 75000
3564|sudhir Agarwal   |executive  |personnel  |07/06/47| 75000
3564|sudhir Agarwal   |executive  |personnel  |07/06/47| 75000
3564|sudhir Agarwal   |executive  |personnel  |07/06/47| 75000
3212|shyam saksena    |d.g.m.     |accounts   |12/12/55| 85000
3212|shyam saksena    |d.g.m.     |accounts   |12/12/55| 85000
3212|shyam saksena    |d.g.m.     |accounts   |12/12/55| 85000
5678|sumit chakrobarty|d.g.m      |marketing  |04/19/43| 85000
8212|shyam saksena    |d.g.m.     |accounts   |12/12/55| 85000
1265|s.n. dasgupta    |manager    |sales      |09/12/63| 90000
1265|s.n. dasgupta    |manager    |sales      |09/12/63| 90000
1265|s.n. dasgupta    |manager    |sales      |09/12/63| 90000
1265|s.n. dasgupta    |manager    |sales      |09/12/63| 90000
2233|a.k. shukla      |g.m        |sales      |12/12/52| 90000
0110|v.k agrawal      |g.m.       |marketing  |12/31/40| 95000
0110|v.k agrawal      |g.m.       |marketing  |12/31/40| 95000
0110|v.k agrawal      |g.m.       |marketing  |12/31/40| 95000
0110|v.k agrawal      |g.m.       |marketing  |12/31/40| 95000
ID  |Name             |Designation|Department |DOB     |salary
(base) ninadhegde@ninadhegde-ROG-Strix-G731GU-G731GU:~/git/lss/database$ sort -t "|" -b -k 2 lstemp.lst 











2233|a.k. shukla      |g.m        |sales      |12/12/52| 90000
2476|anil aggarwal    |manager    |sales      |05/01/59|110000
2476|anil aggarwal    |manager    |sales      |05/01/59|110000
2476|anil aggarwal    |manager    |sales      |05/01/59|110000
2365|barun sengupta   |director   |personnel  |05/11/47|120000
1006|chanchal singhvi |director   |sales      |09/03/38|140000
9876|jai sharma       |director   |production |03/12/50|130000
4290|jayant Choudhury |executive  |production |09/07/50| 65000
4290|jayant Choudhury |executive  |production |09/07/50| 65000
4290|jayant Choudhury |executive  |production |09/07/50| 65000 
2345|j.b. saxena      |g.m.       |marketing  |03/12/45|110000
2345|j.b. saxena      |g.m.       |marketing  |03/12/45|110000
2345|j.b. saxena      |g.m.       |marketing  |03/12/45|110000
2345|j.b. saxena      |g.m.       |marketing  |03/12/45|110000
6213|karuna ganguly   |g.m.       |accounts   |06/05/62|105000
6213|karuna ganguly   |g.m.       |accounts   |06/05/62|105000
6213|karuna ganguly   |g.m.       |accounts   |06/05/62|105000
6213|karuna ganguly   |g.m.       |accounts   |06/05/62|105000 
6521|lalit chowdury   |director   |marketing  |09/26/45|125000
6521|lalit chowdury   |director   |marketing  |09/26/45|125000
6521|lalit chowdury   |director   |marketing  |09/26/45|125000
ID  |Name             |Designation|Department |DOB     |salary
5423|n.k. gupta       |chairman   |admin      |08/30/56|160000
3212|shyam saksena    |d.g.m.     |accounts   |12/12/55| 85000
3212|shyam saksena    |d.g.m.     |accounts   |12/12/55| 85000
3212|shyam saksena    |d.g.m.     |accounts   |12/12/55| 85000
8212|shyam saksena    |d.g.m.     |accounts   |12/12/55| 85000
1265|s.n. dasgupta    |manager    |sales      |09/12/63| 90000
1265|s.n. dasgupta    |manager    |sales      |09/12/63| 90000
1265|s.n. dasgupta    |manager    |sales      |09/12/63| 90000
1265|s.n. dasgupta    |manager    |sales      |09/12/63| 90000
3564|sudhir Agarwal   |executive  |personnel  |07/06/47| 75000
3564|sudhir Agarwal   |executive  |personnel  |07/06/47| 75000
3564|sudhir Agarwal   |executive  |personnel  |07/06/47| 75000
3564|sudhir Agarwal   |executive  |personnel  |07/06/47| 75000
5678|sumit chakrobarty|d.g.m      |marketing  |04/19/43| 85000
0110|v.k agrawal      |g.m.       |marketing  |12/31/40| 95000
0110|v.k agrawal      |g.m.       |marketing  |12/31/40| 95000
0110|v.k agrawal      |g.m.       |marketing  |12/31/40| 95000
0110|v.k agrawal      |g.m.       |marketing  |12/31/40| 95000
(base) ninadhegde@ninadhegde-ROG-Strix-G731GU-G731GU:~/git/lss/database$ sort -t "|" -n -k 2 lstemp.lst 











0110|v.k agrawal      |g.m.       |marketing  |12/31/40| 95000
0110|v.k agrawal      |g.m.       |marketing  |12/31/40| 95000
0110|v.k agrawal      |g.m.       |marketing  |12/31/40| 95000
0110|v.k agrawal      |g.m.       |marketing  |12/31/40| 95000
1006|chanchal singhvi |director   |sales      |09/03/38|140000
1265|s.n. dasgupta    |manager    |sales      |09/12/63| 90000
1265|s.n. dasgupta    |manager    |sales      |09/12/63| 90000
1265|s.n. dasgupta    |manager    |sales      |09/12/63| 90000
1265|s.n. dasgupta    |manager    |sales      |09/12/63| 90000
2233|a.k. shukla      |g.m        |sales      |12/12/52| 90000
2345|j.b. saxena      |g.m.       |marketing  |03/12/45|110000
2345|j.b. saxena      |g.m.       |marketing  |03/12/45|110000
2345|j.b. saxena      |g.m.       |marketing  |03/12/45|110000
2345|j.b. saxena      |g.m.       |marketing  |03/12/45|110000
2365|barun sengupta   |director   |personnel  |05/11/47|120000
2476|anil aggarwal    |manager    |sales      |05/01/59|110000
2476|anil aggarwal    |manager    |sales      |05/01/59|110000
2476|anil aggarwal    |manager    |sales      |05/01/59|110000
3212|shyam saksena    |d.g.m.     |accounts   |12/12/55| 85000
3212|shyam saksena    |d.g.m.     |accounts   |12/12/55| 85000
3212|shyam saksena    |d.g.m.     |accounts   |12/12/55| 85000
3564|sudhir Agarwal   |executive  |personnel  |07/06/47| 75000
3564|sudhir Agarwal   |executive  |personnel  |07/06/47| 75000
3564|sudhir Agarwal   |executive  |personnel  |07/06/47| 75000
3564|sudhir Agarwal   |executive  |personnel  |07/06/47| 75000
4290|jayant Choudhury |executive  |production |09/07/50| 65000
4290|jayant Choudhury |executive  |production |09/07/50| 65000
4290|jayant Choudhury |executive  |production |09/07/50| 65000 
5423|n.k. gupta       |chairman   |admin      |08/30/56|160000
5678|sumit chakrobarty|d.g.m      |marketing  |04/19/43| 85000
6213|karuna ganguly   |g.m.       |accounts   |06/05/62|105000
6213|karuna ganguly   |g.m.       |accounts   |06/05/62|105000
6213|karuna ganguly   |g.m.       |accounts   |06/05/62|105000
6213|karuna ganguly   |g.m.       |accounts   |06/05/62|105000 
6521|lalit chowdury   |director   |marketing  |09/26/45|125000
6521|lalit chowdury   |director   |marketing  |09/26/45|125000
6521|lalit chowdury   |director   |marketing  |09/26/45|125000
8212|shyam saksena    |d.g.m.     |accounts   |12/12/55| 85000
9876|jai sharma       |director   |production |03/12/50|130000
ID  |Name             |Designation|Department |DOB     |salary
(base) ninadhegde@ninadhegde-ROG-Strix-G731GU-G731GU:~/git/lss/database$ sort -t "|" -n -k 2 ourbase.txt 



BhratH666@gamil.com             | 6360793500|Bharat H       |RVCE22MCA002|Section A|MCA 
adityahegde.mca22@rcve.edu.in   |6361181481|aditya hegde   |RVCE22MCA013|Section A|MCA
suhasms0143@gmail.com           |6363108413|Suhas M S      |RVCE22MCA026|Section B|MCA
Abhishek222@gmail.com           |7975236778|Abhishek J     |RVCE22MCA019|Section A|MCA 
abhishekjadhav.mca22@rvce.edu.in|7975236778|Abhishek Jadhav|RVCE22MCA019|Section A|MCA 
BharatK444@gmail.com            |8073747379|Bharat K       |RVCE22MCA079|Section A|MCA 
manojkk.mca22@rvce.edu.in       |8277218190|Manoj          |RVCE22MCA006|Section A|MCA
sushant777@gamil.com            |8431169904|Sushant H      |RVCE22MCA043|Section B|MCA 
bharat111@gmail.com             |9019515908|Ashwin PR      |RVCE22MCA011|Section A|MCA 
Prathamesh555@gmail.com         |9148025795|Prathamesh H   |RVCE22MCA094|Section B|MCA 
ninadghegde.gmail.com           |9449136973|Ninad Hegde    |RVCE22MCA007|Section A|MCA
nandanbhat137@gmail.com         |9480278068|Nandan bhat    |RVCE22MCA008|Section A|McA
amit888@gamil.com               |9480411538|Amit Hegde     |RVCE22MCA039|Section A|MCA 
Dhansh333@gmail.com             | 9964825250|Dhanush K      |RVCE22MCA034|Section A|MCA 
(base) ninadhegde@ninadhegde-ROG-Strix-G731GU-G731GU:~/git/lss/database$ sort -t "|" -n -k 1 ourbase.txt 



Abhishek222@gmail.com           |7975236778|Abhishek J     |RVCE22MCA019|Section A|MCA 
abhishekjadhav.mca22@rvce.edu.in|7975236778|Abhishek Jadhav|RVCE22MCA019|Section A|MCA 
adityahegde.mca22@rcve.edu.in   |6361181481|aditya hegde   |RVCE22MCA013|Section A|MCA
amit888@gamil.com               |9480411538|Amit Hegde     |RVCE22MCA039|Section A|MCA 
bharat111@gmail.com             |9019515908|Ashwin PR      |RVCE22MCA011|Section A|MCA 
BharatK444@gmail.com            |8073747379|Bharat K       |RVCE22MCA079|Section A|MCA 
BhratH666@gamil.com             | 6360793500|Bharat H       |RVCE22MCA002|Section A|MCA 
Dhansh333@gmail.com             | 9964825250|Dhanush K      |RVCE22MCA034|Section A|MCA 
manojkk.mca22@rvce.edu.in       |8277218190|Manoj          |RVCE22MCA006|Section A|MCA
nandanbhat137@gmail.com         |9480278068|Nandan bhat    |RVCE22MCA008|Section A|McA
ninadghegde.gmail.com           |9449136973|Ninad Hegde    |RVCE22MCA007|Section A|MCA
Prathamesh555@gmail.com         |9148025795|Prathamesh H   |RVCE22MCA094|Section B|MCA 
suhasms0143@gmail.com           |6363108413|Suhas M S      |RVCE22MCA026|Section B|MCA
sushant777@gamil.com            |8431169904|Sushant H      |RVCE22MCA043|Section B|MCA 
(base) ninadhegde@ninadhegde-ROG-Strix-G731GU-G731GU:~/git/lss/database$ sort -t "|" -k 1 ourbase.txt 



Abhishek222@gmail.com           |7975236778|Abhishek J     |RVCE22MCA019|Section A|MCA 
abhishekjadhav.mca22@rvce.edu.in|7975236778|Abhishek Jadhav|RVCE22MCA019|Section A|MCA 
adityahegde.mca22@rcve.edu.in   |6361181481|aditya hegde   |RVCE22MCA013|Section A|MCA
amit888@gamil.com               |9480411538|Amit Hegde     |RVCE22MCA039|Section A|MCA 
bharat111@gmail.com             |9019515908|Ashwin PR      |RVCE22MCA011|Section A|MCA 
BharatK444@gmail.com            |8073747379|Bharat K       |RVCE22MCA079|Section A|MCA 
BhratH666@gamil.com             | 6360793500|Bharat H       |RVCE22MCA002|Section A|MCA 
Dhansh333@gmail.com             | 9964825250|Dhanush K      |RVCE22MCA034|Section A|MCA 
manojkk.mca22@rvce.edu.in       |8277218190|Manoj          |RVCE22MCA006|Section A|MCA
nandanbhat137@gmail.com         |9480278068|Nandan bhat    |RVCE22MCA008|Section A|McA
ninadghegde.gmail.com           |9449136973|Ninad Hegde    |RVCE22MCA007|Section A|MCA
Prathamesh555@gmail.com         |9148025795|Prathamesh H   |RVCE22MCA094|Section B|MCA 
suhasms0143@gmail.com           |6363108413|Suhas M S      |RVCE22MCA026|Section B|MCA
sushant777@gamil.com            |8431169904|Sushant H      |RVCE22MCA043|Section B|MCA 
(base) ninadhegde@ninadhegde-ROG-Strix-G731GU-G731GU:~/git/lss/database$ 


Abhishek222@gmail.com           |7975236778|Abhishek J     |RVCE22MCA019|Section A|MCA 
abhishekjadhav.mca22@rvce.edu.in|7975236778|Abhishek Jadhav|RVCE22MCA019|Section A|MCA 
adityahegde.mca22@rcve.edu.in   |6361181481|aditya hegde   |RVCE22MCA013|Section A|MCA
amit888@gamil.com               |9480411538|Amit Hegde     |RVCE22MCA039|Section A|MCA 
bharat111@gmail.com             |9019515908|Ashwin PR      |RVCE22MCA011|Section A|MCA 
BharatK444@gmail.com            |8073747379|Bharat K       |RVCE22MCA079|Section A|MCA 
BhratH666@gamil.com             |6360793500|Bharat H       |RVCE22MCA002|Section A|MCA 
Dhansh333@gmail.com             |9964825250|Dhanush K      |RVCE22MCA034|Section A|MCA 
manojkk.mca22@rvce.edu.in       |8277218190|Manoj          |RVCE22MCA006|Section A|MCA
nandanbhat137@gmail.com         |9480278068|Nandan bhat    |RVCE22MCA008|Section A|McA
ninadghegde.gmail.com           |9449136973|Ninad Hegde    |RVCE22MCA007|Section A|MCA
Prathamesh555@gmail.com         |9148025795|Prathamesh H   |RVCE22MCA094|Section B|MCA 
suhasms0143@gmail.com           |6363108413|Suhas M S      |RVCE22MCA026|Section B|MCA
sushant777@gamil.com            |8431169904|Sushant H      |RVCE22MCA043|Section B|MCA 
(base) ninadhegde@ninadhegde-ROG-Strix-G731GU-G731GU:~/git/lss/database$ sort -t "|" -k +2 ourbase.txt 



BhratH666@gamil.com             |6360793500|Bharat H       |RVCE22MCA002|Section A|MCA 
adityahegde.mca22@rcve.edu.in   |6361181481|aditya hegde   |RVCE22MCA013|Section A|MCA
suhasms0143@gmail.com           |6363108413|Suhas M S      |RVCE22MCA026|Section B|MCA
abhishekjadhav.mca22@rvce.edu.in|7975236778|Abhishek Jadhav|RVCE22MCA019|Section A|MCA 
Abhishek222@gmail.com           |7975236778|Abhishek J     |RVCE22MCA019|Section A|MCA 
BharatK444@gmail.com            |8073747379|Bharat K       |RVCE22MCA079|Section A|MCA 
manojkk.mca22@rvce.edu.in       |8277218190|Manoj          |RVCE22MCA006|Section A|MCA
sushant777@gamil.com            |8431169904|Sushant H      |RVCE22MCA043|Section B|MCA 
bharat111@gmail.com             |9019515908|Ashwin PR      |RVCE22MCA011|Section A|MCA 
Prathamesh555@gmail.com         |9148025795|Prathamesh H   |RVCE22MCA094|Section B|MCA 
ninadghegde.gmail.com           |9449136973|Ninad Hegde    |RVCE22MCA007|Section A|MCA
nandanbhat137@gmail.com         |9480278068|Nandan bhat    |RVCE22MCA008|Section A|McA
amit888@gamil.com               |9480411538|Amit Hegde     |RVCE22MCA039|Section A|MCA 
Dhansh333@gmail.com             |9964825250|Dhanush K      |RVCE22MCA034|Section A|MCA 
(base) ninadhegde@ninadhegde-ROG-Strix-G731GU-G731GU:~/git/lss/database$ sort -t "|" -k +5 ourbase.txt 



nandanbhat137@gmail.com         |9480278068|Nandan bhat    |RVCE22MCA008|Section A|McA
adityahegde.mca22@rcve.edu.in   |6361181481|aditya hegde   |RVCE22MCA013|Section A|MCA
manojkk.mca22@rvce.edu.in       |8277218190|Manoj          |RVCE22MCA006|Section A|MCA
ninadghegde.gmail.com           |9449136973|Ninad Hegde    |RVCE22MCA007|Section A|MCA
Abhishek222@gmail.com           |7975236778|Abhishek J     |RVCE22MCA019|Section A|MCA 
abhishekjadhav.mca22@rvce.edu.in|7975236778|Abhishek Jadhav|RVCE22MCA019|Section A|MCA 
amit888@gamil.com               |9480411538|Amit Hegde     |RVCE22MCA039|Section A|MCA 
bharat111@gmail.com             |9019515908|Ashwin PR      |RVCE22MCA011|Section A|MCA 
BharatK444@gmail.com            |8073747379|Bharat K       |RVCE22MCA079|Section A|MCA 
BhratH666@gamil.com             |6360793500|Bharat H       |RVCE22MCA002|Section A|MCA 
Dhansh333@gmail.com             |9964825250|Dhanush K      |RVCE22MCA034|Section A|MCA 
suhasms0143@gmail.com           |6363108413|Suhas M S      |RVCE22MCA026|Section B|MCA
Prathamesh555@gmail.com         |9148025795|Prathamesh H   |RVCE22MCA094|Section B|MCA 
sushant777@gamil.com            |8431169904|Sushant H      |RVCE22MCA043|Section B|MCA 
(base) ninadhegde@ninadhegde-ROG-Strix-G731GU-G731GU:~/git/lss/database$ sort -t "|" -k +4 ourbase.txt 



BhratH666@gamil.com             |6360793500|Bharat H       |RVCE22MCA002|Section A|MCA 
manojkk.mca22@rvce.edu.in       |8277218190|Manoj          |RVCE22MCA006|Section A|MCA
ninadghegde.gmail.com           |9449136973|Ninad Hegde    |RVCE22MCA007|Section A|MCA
nandanbhat137@gmail.com         |9480278068|Nandan bhat    |RVCE22MCA008|Section A|McA
bharat111@gmail.com             |9019515908|Ashwin PR      |RVCE22MCA011|Section A|MCA 
adityahegde.mca22@rcve.edu.in   |6361181481|aditya hegde   |RVCE22MCA013|Section A|MCA
Abhishek222@gmail.com           |7975236778|Abhishek J     |RVCE22MCA019|Section A|MCA 
abhishekjadhav.mca22@rvce.edu.in|7975236778|Abhishek Jadhav|RVCE22MCA019|Section A|MCA 
suhasms0143@gmail.com           |6363108413|Suhas M S      |RVCE22MCA026|Section B|MCA
Dhansh333@gmail.com             |9964825250|Dhanush K      |RVCE22MCA034|Section A|MCA 
amit888@gamil.com               |9480411538|Amit Hegde     |RVCE22MCA039|Section A|MCA 
sushant777@gamil.com            |8431169904|Sushant H      |RVCE22MCA043|Section B|MCA 
BharatK444@gmail.com            |8073747379|Bharat K       |RVCE22MCA079|Section A|MCA 
Prathamesh555@gmail.com         |9148025795|Prathamesh H   |RVCE22MCA094|Section B|MCA 
(base) ninadhegde@ninadhegde-ROG-Strix-G731GU-G731GU:~/git/lss/database$ sort -t "|" -k 4 ourbase.txt 



BhratH666@gamil.com             |6360793500|Bharat H       |RVCE22MCA002|Section A|MCA 
manojkk.mca22@rvce.edu.in       |8277218190|Manoj          |RVCE22MCA006|Section A|MCA
ninadghegde.gmail.com           |9449136973|Ninad Hegde    |RVCE22MCA007|Section A|MCA
nandanbhat137@gmail.com         |9480278068|Nandan bhat    |RVCE22MCA008|Section A|McA
bharat111@gmail.com             |9019515908|Ashwin PR      |RVCE22MCA011|Section A|MCA 
adityahegde.mca22@rcve.edu.in   |6361181481|aditya hegde   |RVCE22MCA013|Section A|MCA
Abhishek222@gmail.com           |7975236778|Abhishek J     |RVCE22MCA019|Section A|MCA 
abhishekjadhav.mca22@rvce.edu.in|7975236778|Abhishek Jadhav|RVCE22MCA019|Section A|MCA 
suhasms0143@gmail.com           |6363108413|Suhas M S      |RVCE22MCA026|Section B|MCA
Dhansh333@gmail.com             |9964825250|Dhanush K      |RVCE22MCA034|Section A|MCA 
amit888@gamil.com               |9480411538|Amit Hegde     |RVCE22MCA039|Section A|MCA 
sushant777@gamil.com            |8431169904|Sushant H      |RVCE22MCA043|Section B|MCA 
BharatK444@gmail.com            |8073747379|Bharat K       |RVCE22MCA079|Section A|MCA 
Prathamesh555@gmail.com         |9148025795|Prathamesh H   |RVCE22MCA094|Section B|MCA 
(base) ninadhegde@ninadhegde-ROG-Strix-G731GU-G731GU:~/git/lss/database$ sort -t "|" -k +2 ourbase.txt 



BhratH666@gamil.com             |6360793500|Bharat H       |RVCE22MCA002|Section A|MCA 
adityahegde.mca22@rcve.edu.in   |6361181481|aditya hegde   |RVCE22MCA013|Section A|MCA
suhasms0143@gmail.com           |6363108413|Suhas M S      |RVCE22MCA026|Section B|MCA
abhishekjadhav.mca22@rvce.edu.in|7975236778|Abhishek Jadhav|RVCE22MCA019|Section A|MCA 
Abhishek222@gmail.com           |7975236778|Abhishek J     |RVCE22MCA019|Section A|MCA 
BharatK444@gmail.com            |8073747379|Bharat K       |RVCE22MCA079|Section A|MCA 
manojkk.mca22@rvce.edu.in       |8277218190|Manoj          |RVCE22MCA006|Section A|MCA
sushant777@gamil.com            |8431169904|Sushant H      |RVCE22MCA043|Section B|MCA 
bharat111@gmail.com             |9019515908|Ashwin PR      |RVCE22MCA011|Section A|MCA 
Prathamesh555@gmail.com         |9148025795|Prathamesh H   |RVCE22MCA094|Section B|MCA 
ninadghegde.gmail.com           |9449136973|Ninad Hegde    |RVCE22MCA007|Section A|MCA
nandanbhat137@gmail.com         |9480278068|Nandan bhat    |RVCE22MCA008|Section A|McA
amit888@gamil.com               |9480411538|Amit Hegde     |RVCE22MCA039|Section A|MCA 
Dhansh333@gmail.com             |9964825250|Dhanush K      |RVCE22MCA034|Section A|MCA 
(base) ninadhegde@ninadhegde-ROG-Strix-G731GU-G731GU:~/git/lss/database$ sort -t "|" -k 2 ourbase.txt 



BhratH666@gamil.com             |6360793500|Bharat H       |RVCE22MCA002|Section A|MCA 
adityahegde.mca22@rcve.edu.in   |6361181481|aditya hegde   |RVCE22MCA013|Section A|MCA
suhasms0143@gmail.com           |6363108413|Suhas M S      |RVCE22MCA026|Section B|MCA
abhishekjadhav.mca22@rvce.edu.in|7975236778|Abhishek Jadhav|RVCE22MCA019|Section A|MCA 
Abhishek222@gmail.com           |7975236778|Abhishek J     |RVCE22MCA019|Section A|MCA 
BharatK444@gmail.com            |8073747379|Bharat K       |RVCE22MCA079|Section A|MCA 
manojkk.mca22@rvce.edu.in       |8277218190|Manoj          |RVCE22MCA006|Section A|MCA
sushant777@gamil.com            |8431169904|Sushant H      |RVCE22MCA043|Section B|MCA 
bharat111@gmail.com             |9019515908|Ashwin PR      |RVCE22MCA011|Section A|MCA 
Prathamesh555@gmail.com         |9148025795|Prathamesh H   |RVCE22MCA094|Section B|MCA 
ninadghegde.gmail.com           |9449136973|Ninad Hegde    |RVCE22MCA007|Section A|MCA
nandanbhat137@gmail.com         |9480278068|Nandan bhat    |RVCE22MCA008|Section A|McA
amit888@gamil.com               |9480411538|Amit Hegde     |RVCE22MCA039|Section A|MCA 
Dhansh333@gmail.com             |9964825250|Dhanush K      |RVCE22MCA034|Section A|MCA 
(base) ninadhegde@ninadhegde-ROG-Strix-G731GU-G731GU:~/git/lss/database$ sort -t "|" -k -2 ourbase.txt 
sort: invalid number at field start: invalid count at start of ‘-2’
(base) ninadhegde@ninadhegde-ROG-Strix-G731GU-G731GU:~/git/lss/database$ sort -t "|" -k +2 ourbase.txt 



BhratH666@gamil.com             |6360793500|Bharat H       |RVCE22MCA002|Section A|MCA 
adityahegde.mca22@rcve.edu.in   |6361181481|aditya hegde   |RVCE22MCA013|Section A|MCA
suhasms0143@gmail.com           |6363108413|Suhas M S      |RVCE22MCA026|Section B|MCA
abhishekjadhav.mca22@rvce.edu.in|7975236778|Abhishek Jadhav|RVCE22MCA019|Section A|MCA 
Abhishek222@gmail.com           |7975236778|Abhishek J     |RVCE22MCA019|Section A|MCA 
BharatK444@gmail.com            |8073747379|Bharat K       |RVCE22MCA079|Section A|MCA 
manojkk.mca22@rvce.edu.in       |8277218190|Manoj          |RVCE22MCA006|Section A|MCA
sushant777@gamil.com            |8431169904|Sushant H      |RVCE22MCA043|Section B|MCA 
bharat111@gmail.com             |9019515908|Ashwin PR      |RVCE22MCA011|Section A|MCA 
Prathamesh555@gmail.com         |9148025795|Prathamesh H   |RVCE22MCA094|Section B|MCA 
ninadghegde.gmail.com           |9449136973|Ninad Hegde    |RVCE22MCA007|Section A|MCA
nandanbhat137@gmail.com         |9480278068|Nandan bhat    |RVCE22MCA008|Section A|McA
amit888@gamil.com               |9480411538|Amit Hegde     |RVCE22MCA039|Section A|MCA 
Dhansh333@gmail.com             |9964825250|Dhanush K      |RVCE22MCA034|Section A|MCA 
(base) ninadhegde@ninadhegde-ROG-Strix-G731GU-G731GU:~/git/lss/database$ sort -t "|" -k +2 lstemp.lst 











2233|a.k. shukla      |g.m        |sales      |12/12/52| 90000
2476|anil aggarwal    |manager    |sales      |05/01/59|110000
2476|anil aggarwal    |manager    |sales      |05/01/59|110000
2476|anil aggarwal    |manager    |sales      |05/01/59|110000
2365|barun sengupta   |director   |personnel  |05/11/47|120000
1006|chanchal singhvi |director   |sales      |09/03/38|140000
9876|jai sharma       |director   |production |03/12/50|130000
4290|jayant Choudhury |executive  |production |09/07/50| 65000
4290|jayant Choudhury |executive  |production |09/07/50| 65000
4290|jayant Choudhury |executive  |production |09/07/50| 65000 
2345|j.b. saxena      |g.m.       |marketing  |03/12/45|110000
2345|j.b. saxena      |g.m.       |marketing  |03/12/45|110000
2345|j.b. saxena      |g.m.       |marketing  |03/12/45|110000
2345|j.b. saxena      |g.m.       |marketing  |03/12/45|110000
6213|karuna ganguly   |g.m.       |accounts   |06/05/62|105000
6213|karuna ganguly   |g.m.       |accounts   |06/05/62|105000
6213|karuna ganguly   |g.m.       |accounts   |06/05/62|105000
6213|karuna ganguly   |g.m.       |accounts   |06/05/62|105000 
6521|lalit chowdury   |director   |marketing  |09/26/45|125000
6521|lalit chowdury   |director   |marketing  |09/26/45|125000
6521|lalit chowdury   |director   |marketing  |09/26/45|125000
ID  |Name             |Designation|Department |DOB     |salary
5423|n.k. gupta       |chairman   |admin      |08/30/56|160000
3212|shyam saksena    |d.g.m.     |accounts   |12/12/55| 85000
3212|shyam saksena    |d.g.m.     |accounts   |12/12/55| 85000
3212|shyam saksena    |d.g.m.     |accounts   |12/12/55| 85000
8212|shyam saksena    |d.g.m.     |accounts   |12/12/55| 85000
1265|s.n. dasgupta    |manager    |sales      |09/12/63| 90000
1265|s.n. dasgupta    |manager    |sales      |09/12/63| 90000
1265|s.n. dasgupta    |manager    |sales      |09/12/63| 90000
1265|s.n. dasgupta    |manager    |sales      |09/12/63| 90000
3564|sudhir Agarwal   |executive  |personnel  |07/06/47| 75000
3564|sudhir Agarwal   |executive  |personnel  |07/06/47| 75000
3564|sudhir Agarwal   |executive  |personnel  |07/06/47| 75000
3564|sudhir Agarwal   |executive  |personnel  |07/06/47| 75000
5678|sumit chakrobarty|d.g.m      |marketing  |04/19/43| 85000
0110|v.k agrawal      |g.m.       |marketing  |12/31/40| 95000
0110|v.k agrawal      |g.m.       |marketing  |12/31/40| 95000
0110|v.k agrawal      |g.m.       |marketing  |12/31/40| 95000
0110|v.k agrawal      |g.m.       |marketing  |12/31/40| 95000
(base) ninadhegde@ninadhegde-ROG-Strix-G731GU-G731GU:~/git/lss/database$ sort -t "|" -k +4 lstemp.lst 











6213|karuna ganguly   |g.m.       |accounts   |06/05/62|105000
6213|karuna ganguly   |g.m.       |accounts   |06/05/62|105000
6213|karuna ganguly   |g.m.       |accounts   |06/05/62|105000
6213|karuna ganguly   |g.m.       |accounts   |06/05/62|105000 
3212|shyam saksena    |d.g.m.     |accounts   |12/12/55| 85000
3212|shyam saksena    |d.g.m.     |accounts   |12/12/55| 85000
3212|shyam saksena    |d.g.m.     |accounts   |12/12/55| 85000
8212|shyam saksena    |d.g.m.     |accounts   |12/12/55| 85000
5423|n.k. gupta       |chairman   |admin      |08/30/56|160000
ID  |Name             |Designation|Department |DOB     |salary
2345|j.b. saxena      |g.m.       |marketing  |03/12/45|110000
2345|j.b. saxena      |g.m.       |marketing  |03/12/45|110000
2345|j.b. saxena      |g.m.       |marketing  |03/12/45|110000
2345|j.b. saxena      |g.m.       |marketing  |03/12/45|110000
5678|sumit chakrobarty|d.g.m      |marketing  |04/19/43| 85000
6521|lalit chowdury   |director   |marketing  |09/26/45|125000
6521|lalit chowdury   |director   |marketing  |09/26/45|125000
6521|lalit chowdury   |director   |marketing  |09/26/45|125000
0110|v.k agrawal      |g.m.       |marketing  |12/31/40| 95000
0110|v.k agrawal      |g.m.       |marketing  |12/31/40| 95000
0110|v.k agrawal      |g.m.       |marketing  |12/31/40| 95000
0110|v.k agrawal      |g.m.       |marketing  |12/31/40| 95000
2365|barun sengupta   |director   |personnel  |05/11/47|120000
3564|sudhir Agarwal   |executive  |personnel  |07/06/47| 75000
3564|sudhir Agarwal   |executive  |personnel  |07/06/47| 75000
3564|sudhir Agarwal   |executive  |personnel  |07/06/47| 75000
3564|sudhir Agarwal   |executive  |personnel  |07/06/47| 75000
9876|jai sharma       |director   |production |03/12/50|130000
4290|jayant Choudhury |executive  |production |09/07/50| 65000
4290|jayant Choudhury |executive  |production |09/07/50| 65000
4290|jayant Choudhury |executive  |production |09/07/50| 65000 
2476|anil aggarwal    |manager    |sales      |05/01/59|110000
2476|anil aggarwal    |manager    |sales      |05/01/59|110000
2476|anil aggarwal    |manager    |sales      |05/01/59|110000
1006|chanchal singhvi |director   |sales      |09/03/38|140000
1265|s.n. dasgupta    |manager    |sales      |09/12/63| 90000
1265|s.n. dasgupta    |manager    |sales      |09/12/63| 90000
1265|s.n. dasgupta    |manager    |sales      |09/12/63| 90000
1265|s.n. dasgupta    |manager    |sales      |09/12/63| 90000
2233|a.k. shukla      |g.m        |sales      |12/12/52| 90000
(base) ninadhegde@ninadhegde-ROG-Strix-G731GU-G731GU:~/git/lss/database$ sort -t "|" -k +3 lstemp.lst 











5423|n.k. gupta       |chairman   |admin      |08/30/56|160000
ID  |Name             |Designation|Department |DOB     |salary
3212|shyam saksena    |d.g.m.     |accounts   |12/12/55| 85000
3212|shyam saksena    |d.g.m.     |accounts   |12/12/55| 85000
3212|shyam saksena    |d.g.m.     |accounts   |12/12/55| 85000
8212|shyam saksena    |d.g.m.     |accounts   |12/12/55| 85000
5678|sumit chakrobarty|d.g.m      |marketing  |04/19/43| 85000
6521|lalit chowdury   |director   |marketing  |09/26/45|125000
6521|lalit chowdury   |director   |marketing  |09/26/45|125000
6521|lalit chowdury   |director   |marketing  |09/26/45|125000
2365|barun sengupta   |director   |personnel  |05/11/47|120000
9876|jai sharma       |director   |production |03/12/50|130000
1006|chanchal singhvi |director   |sales      |09/03/38|140000
3564|sudhir Agarwal   |executive  |personnel  |07/06/47| 75000
3564|sudhir Agarwal   |executive  |personnel  |07/06/47| 75000
3564|sudhir Agarwal   |executive  |personnel  |07/06/47| 75000
3564|sudhir Agarwal   |executive  |personnel  |07/06/47| 75000
4290|jayant Choudhury |executive  |production |09/07/50| 65000
4290|jayant Choudhury |executive  |production |09/07/50| 65000
4290|jayant Choudhury |executive  |production |09/07/50| 65000 
6213|karuna ganguly   |g.m.       |accounts   |06/05/62|105000
6213|karuna ganguly   |g.m.       |accounts   |06/05/62|105000
6213|karuna ganguly   |g.m.       |accounts   |06/05/62|105000
6213|karuna ganguly   |g.m.       |accounts   |06/05/62|105000 
2345|j.b. saxena      |g.m.       |marketing  |03/12/45|110000
2345|j.b. saxena      |g.m.       |marketing  |03/12/45|110000
2345|j.b. saxena      |g.m.       |marketing  |03/12/45|110000
2345|j.b. saxena      |g.m.       |marketing  |03/12/45|110000
0110|v.k agrawal      |g.m.       |marketing  |12/31/40| 95000
0110|v.k agrawal      |g.m.       |marketing  |12/31/40| 95000
0110|v.k agrawal      |g.m.       |marketing  |12/31/40| 95000
0110|v.k agrawal      |g.m.       |marketing  |12/31/40| 95000
2233|a.k. shukla      |g.m        |sales      |12/12/52| 90000
2476|anil aggarwal    |manager    |sales      |05/01/59|110000
2476|anil aggarwal    |manager    |sales      |05/01/59|110000
2476|anil aggarwal    |manager    |sales      |05/01/59|110000
1265|s.n. dasgupta    |manager    |sales      |09/12/63| 90000
1265|s.n. dasgupta    |manager    |sales      |09/12/63| 90000
1265|s.n. dasgupta    |manager    |sales      |09/12/63| 90000
1265|s.n. dasgupta    |manager    |sales      |09/12/63| 90000
(base) ninadhegde@ninadhegde-ROG-Strix-G731GU-G731GU:~/git/lss/database$ sort -t "|" -k 3 lstemp.lst 











5423|n.k. gupta       |chairman   |admin      |08/30/56|160000
ID  |Name             |Designation|Department |DOB     |salary
3212|shyam saksena    |d.g.m.     |accounts   |12/12/55| 85000
3212|shyam saksena    |d.g.m.     |accounts   |12/12/55| 85000
3212|shyam saksena    |d.g.m.     |accounts   |12/12/55| 85000
8212|shyam saksena    |d.g.m.     |accounts   |12/12/55| 85000
5678|sumit chakrobarty|d.g.m      |marketing  |04/19/43| 85000
6521|lalit chowdury   |director   |marketing  |09/26/45|125000
6521|lalit chowdury   |director   |marketing  |09/26/45|125000
6521|lalit chowdury   |director   |marketing  |09/26/45|125000
2365|barun sengupta   |director   |personnel  |05/11/47|120000
9876|jai sharma       |director   |production |03/12/50|130000
1006|chanchal singhvi |director   |sales      |09/03/38|140000
3564|sudhir Agarwal   |executive  |personnel  |07/06/47| 75000
3564|sudhir Agarwal   |executive  |personnel  |07/06/47| 75000
3564|sudhir Agarwal   |executive  |personnel  |07/06/47| 75000
3564|sudhir Agarwal   |executive  |personnel  |07/06/47| 75000
4290|jayant Choudhury |executive  |production |09/07/50| 65000
4290|jayant Choudhury |executive  |production |09/07/50| 65000
4290|jayant Choudhury |executive  |production |09/07/50| 65000 
6213|karuna ganguly   |g.m.       |accounts   |06/05/62|105000
6213|karuna ganguly   |g.m.       |accounts   |06/05/62|105000
6213|karuna ganguly   |g.m.       |accounts   |06/05/62|105000
6213|karuna ganguly   |g.m.       |accounts   |06/05/62|105000 
2345|j.b. saxena      |g.m.       |marketing  |03/12/45|110000
2345|j.b. saxena      |g.m.       |marketing  |03/12/45|110000
2345|j.b. saxena      |g.m.       |marketing  |03/12/45|110000
2345|j.b. saxena      |g.m.       |marketing  |03/12/45|110000
0110|v.k agrawal      |g.m.       |marketing  |12/31/40| 95000
0110|v.k agrawal      |g.m.       |marketing  |12/31/40| 95000
0110|v.k agrawal      |g.m.       |marketing  |12/31/40| 95000
0110|v.k agrawal      |g.m.       |marketing  |12/31/40| 95000
2233|a.k. shukla      |g.m        |sales      |12/12/52| 90000
2476|anil aggarwal    |manager    |sales      |05/01/59|110000
2476|anil aggarwal    |manager    |sales      |05/01/59|110000
2476|anil aggarwal    |manager    |sales      |05/01/59|110000
1265|s.n. dasgupta    |manager    |sales      |09/12/63| 90000
1265|s.n. dasgupta    |manager    |sales      |09/12/63| 90000
1265|s.n. dasgupta    |manager    |sales      |09/12/63| 90000
1265|s.n. dasgupta    |manager    |sales      |09/12/63| 90000
(base) ninadhegde@ninadhegde-ROG-Strix-G731GU-G731GU:~/git/lss/database$ sort -t "|" -k 2 lstemp.lst 











2233|a.k. shukla      |g.m        |sales      |12/12/52| 90000
2476|anil aggarwal    |manager    |sales      |05/01/59|110000
2476|anil aggarwal    |manager    |sales      |05/01/59|110000
2476|anil aggarwal    |manager    |sales      |05/01/59|110000
2365|barun sengupta   |director   |personnel  |05/11/47|120000
1006|chanchal singhvi |director   |sales      |09/03/38|140000
9876|jai sharma       |director   |production |03/12/50|130000
4290|jayant Choudhury |executive  |production |09/07/50| 65000
4290|jayant Choudhury |executive  |production |09/07/50| 65000
4290|jayant Choudhury |executive  |production |09/07/50| 65000 
2345|j.b. saxena      |g.m.       |marketing  |03/12/45|110000
2345|j.b. saxena      |g.m.       |marketing  |03/12/45|110000
2345|j.b. saxena      |g.m.       |marketing  |03/12/45|110000
2345|j.b. saxena      |g.m.       |marketing  |03/12/45|110000
6213|karuna ganguly   |g.m.       |accounts   |06/05/62|105000
6213|karuna ganguly   |g.m.       |accounts   |06/05/62|105000
6213|karuna ganguly   |g.m.       |accounts   |06/05/62|105000
6213|karuna ganguly   |g.m.       |accounts   |06/05/62|105000 
6521|lalit chowdury   |director   |marketing  |09/26/45|125000
6521|lalit chowdury   |director   |marketing  |09/26/45|125000
6521|lalit chowdury   |director   |marketing  |09/26/45|125000
ID  |Name             |Designation|Department |DOB     |salary
5423|n.k. gupta       |chairman   |admin      |08/30/56|160000
3212|shyam saksena    |d.g.m.     |accounts   |12/12/55| 85000
3212|shyam saksena    |d.g.m.     |accounts   |12/12/55| 85000
3212|shyam saksena    |d.g.m.     |accounts   |12/12/55| 85000
8212|shyam saksena    |d.g.m.     |accounts   |12/12/55| 85000
1265|s.n. dasgupta    |manager    |sales      |09/12/63| 90000
1265|s.n. dasgupta    |manager    |sales      |09/12/63| 90000
1265|s.n. dasgupta    |manager    |sales      |09/12/63| 90000
1265|s.n. dasgupta    |manager    |sales      |09/12/63| 90000
3564|sudhir Agarwal   |executive  |personnel  |07/06/47| 75000
3564|sudhir Agarwal   |executive  |personnel  |07/06/47| 75000
3564|sudhir Agarwal   |executive  |personnel  |07/06/47| 75000
3564|sudhir Agarwal   |executive  |personnel  |07/06/47| 75000
5678|sumit chakrobarty|d.g.m      |marketing  |04/19/43| 85000
0110|v.k agrawal      |g.m.       |marketing  |12/31/40| 95000
0110|v.k agrawal      |g.m.       |marketing  |12/31/40| 95000
0110|v.k agrawal      |g.m.       |marketing  |12/31/40| 95000
0110|v.k agrawal      |g.m.       |marketing  |12/31/40| 95000
(base) ninadhegde@ninadhegde-ROG-Strix-G731GU-G731GU:~/git/lss/database$ sort -t "|" -k 2 lstemp.lst | head -n 10










(base) ninadhegde@ninadhegde-ROG-Strix-G731GU-G731GU:~/git/lss/database$ sort -t "|" -k 2 lstemp.lst | tail -n 10
1265|s.n. dasgupta    |manager    |sales      |09/12/63| 90000
3564|sudhir Agarwal   |executive  |personnel  |07/06/47| 75000
3564|sudhir Agarwal   |executive  |personnel  |07/06/47| 75000
3564|sudhir Agarwal   |executive  |personnel  |07/06/47| 75000
3564|sudhir Agarwal   |executive  |personnel  |07/06/47| 75000
5678|sumit chakrobarty|d.g.m      |marketing  |04/19/43| 85000
0110|v.k agrawal      |g.m.       |marketing  |12/31/40| 95000
0110|v.k agrawal      |g.m.       |marketing  |12/31/40| 95000
0110|v.k agrawal      |g.m.       |marketing  |12/31/40| 95000
0110|v.k agrawal      |g.m.       |marketing  |12/31/40| 95000
(base) ninadhegde@ninadhegde-ROG-Strix-G731GU-G731GU:~/git/lss/database$ sort -t "|" -k 2 emp1.lst 



2233|a.k. shukla      |g.m        |sales      |12/12/52| 90000
2476|anil aggarwal    |manager    |sales      |05/01/59|110000
2365|barun sengupta   |director   |personnel  |05/11/47|120000
1006|chanchal singhvi |director   |sales      |09/03/38|140000
9876|jai sharma       |director   |production |03/12/50|130000
4290|jayant Choudhury |executive  |production |09/07/50| 65000 
2345|j.b. saxena      |g.m.       |marketing  |03/12/45|110000
6213|karuna ganguly   |g.m.       |accounts   |06/05/62|105000 
6521|lalit chowdury   |director   |marketing  |09/26/45|125000
5423|n.k. gupta       |chairman   |admin      |08/30/56|160000
3212|shyam saksena    |d.g.m.     |accounts   |12/12/55| 85000
1265|s.n. dasgupta    |manager    |sales      |09/12/63| 90000
3564|sudhir Agarwal   |executive  |personnel  |07/06/47| 75000
5678|sumit chakrobarty|d.g.m      |marketing  |04/19/43| 85000
0110|v.k agrawal      |g.m.       |marketing  |12/31/40| 95000
(base) ninadhegde@ninadhegde-ROG-Strix-G731GU-G731GU:~/git/lss/database$ sort -t "|" -k 1 emp1.lst 



0110|v.k agrawal      |g.m.       |marketing  |12/31/40| 95000
1006|chanchal singhvi |director   |sales      |09/03/38|140000
1265|s.n. dasgupta    |manager    |sales      |09/12/63| 90000
2233|a.k. shukla      |g.m        |sales      |12/12/52| 90000
2345|j.b. saxena      |g.m.       |marketing  |03/12/45|110000
2365|barun sengupta   |director   |personnel  |05/11/47|120000
2476|anil aggarwal    |manager    |sales      |05/01/59|110000
3212|shyam saksena    |d.g.m.     |accounts   |12/12/55| 85000
3564|sudhir Agarwal   |executive  |personnel  |07/06/47| 75000
4290|jayant Choudhury |executive  |production |09/07/50| 65000 
5423|n.k. gupta       |chairman   |admin      |08/30/56|160000
5678|sumit chakrobarty|d.g.m      |marketing  |04/19/43| 85000
6213|karuna ganguly   |g.m.       |accounts   |06/05/62|105000 
6521|lalit chowdury   |director   |marketing  |09/26/45|125000
9876|jai sharma       |director   |production |03/12/50|130000
(base) ninadhegde@ninadhegde-ROG-Strix-G731GU-G731GU:~/git/lss/database$ sort -t "|" -k +1 emp1.lst 



0110|v.k agrawal      |g.m.       |marketing  |12/31/40| 95000
1006|chanchal singhvi |director   |sales      |09/03/38|140000
1265|s.n. dasgupta    |manager    |sales      |09/12/63| 90000
2233|a.k. shukla      |g.m        |sales      |12/12/52| 90000
2345|j.b. saxena      |g.m.       |marketing  |03/12/45|110000
2365|barun sengupta   |director   |personnel  |05/11/47|120000
2476|anil aggarwal    |manager    |sales      |05/01/59|110000
3212|shyam saksena    |d.g.m.     |accounts   |12/12/55| 85000
3564|sudhir Agarwal   |executive  |personnel  |07/06/47| 75000
4290|jayant Choudhury |executive  |production |09/07/50| 65000 
5423|n.k. gupta       |chairman   |admin      |08/30/56|160000
5678|sumit chakrobarty|d.g.m      |marketing  |04/19/43| 85000
6213|karuna ganguly   |g.m.       |accounts   |06/05/62|105000 
6521|lalit chowdury   |director   |marketing  |09/26/45|125000
9876|jai sharma       |director   |production |03/12/50|130000
(base) ninadhegde@ninadhegde-ROG-Strix-G731GU-G731GU:~/git/lss/database$ sort -t "|" -k +1 emp1.lst 










1006|chanchal singhvi |director   |sales      |09/03/38|140000
1006|chanchal singhvi |director   |sales      |09/03/38|140000
1111|a.k. shukla      |g.m        |sales      |12/12/52| 90000
1111|n.k. gupta       |chairman   |admin      |08/30/56|160000
1111|s.n. dasgupta    |manager    |sales      |09/12/63| 90000
1111|v.k agrawal      |g.m.       |marketing  |12/31/40| 95000
1111|v.k agrawal      |g.m.       |marketing  |12/31/40| 95000
2345|j.b. saxena      |g.m.       |marketing  |03/12/45|110000
2345|j.b. saxena      |g.m.       |marketing  |03/12/45|110000
2365|barun sengupta   |director   |personnel  |05/11/47|120000
2365|barun sengupta   |director   |personnel  |05/11/47|120000
2476|anil aggarwal    |manager    |sales      |05/01/59|110000
2476|anil aggarwal    |manager    |sales      |05/01/59|110000
3212|shyam saksena    |d.g.m.     |accounts   |12/12/55| 85000
3212|shyam saksena    |d.g.m.     |accounts   |12/12/55| 85000
3564|sudhir Agarwal   |executive  |personnel  |07/06/47| 75000
3564|sudhir Agarwal   |executive  |personnel  |07/06/47| 75000
4290|jayant Choudhury |executive  |production |09/07/50| 65000 
4290|jayant Choudhury |executive  |production |09/07/50| 65000 
5678|sumit chakrobarty|d.g.m      |marketing  |04/19/43| 85000
5678|sumit chakrobarty|d.g.m      |marketing  |04/19/43| 85000
6213|karuna ganguly   |g.m.       |accounts   |06/05/62|105000 
6213|karuna ganguly   |g.m.       |accounts   |06/05/62|105000 
6521|lalit chowdury   |director   |marketing  |09/26/45|125000
9876|jai sharma       |director   |production |03/12/50|130000
9876|jai sharma       |director   |production |03/12/50|130000
(base) ninadhegde@ninadhegde-ROG-Strix-G731GU-G731GU:~/git/lss/database$ sort -t "|" -k +1 emp1.lst 










1006|chanchal singhvi |cirector   |sales      |09/03/38|140000
1006|chanchal singhvi |director   |sales      |09/03/38|140000
1111|a.k. shukla      |g.m        |sales      |12/12/52| 90000
1111|n.k. gupta       |chairman   |admin      |08/30/56|160000
1111|s.n. dasgupta    |manager    |sales      |09/12/63| 90000
1111|v.k agrawal      |g.m.       |marketing  |12/31/40| 95000
1111|v.k agrawal      |g.m.       |marketing  |12/31/40| 95000
2345|j.b. saxena      |g.m.       |marketing  |03/12/45|110000
2345|j.b. saxena      |g.m.       |marketing  |03/12/45|110000
2365|barun sengupta   |director   |personnel  |05/11/47|120000
2365|barun sengupta   |director   |personnel  |05/11/47|120000
2476|anil aggarwal    |manager    |sales      |05/01/59|110000
2476|anil aggarwal    |manager    |sales      |05/01/59|110000
3212|shyam saksena    |d.g.m.     |accounts   |12/12/55| 85000
3212|shyam saksena    |d.g.m.     |accounts   |12/12/55| 85000
3564|sudhir Agarwal   |executive  |personnel  |07/06/47| 75000
3564|sudhir Agarwal   |executive  |personnel  |07/06/47| 75000
4290|jayant Choudhury |executive  |production |09/07/50| 65000 
4290|jayant Choudhury |executive  |production |09/07/50| 65000 
5678|sumit chakrobarty|d.g.m      |marketing  |04/19/43| 85000
5678|sumit chakrobarty|d.g.m      |marketing  |04/19/43| 85000
6213|karuna ganguly   |g.m.       |accounts   |06/05/62|105000 
6213|karuna ganguly   |g.m.       |accounts   |06/05/62|105000 
6521|lalit chowdury   |director   |marketing  |09/26/45|125000
9876|jai sharma       |director   |production |03/12/50|130000
9876|jai sharma       |director   |production |03/12/50|130000
(base) ninadhegde@ninadhegde-ROG-Strix-G731GU-G731GU:~/git/lss/database$ sort -t "|" -k +1 emp1.lst 










1006|chanchal singhvi |cirector   |sales      |09/03/38|140000
1006|chanchal singhvi |director   |sales      |09/03/38|140000
1111|a.k. shukla      |g.m        |sales      |12/12/52| 90000
1111|j.b. saxena      |g.m.       |marketing  |03/12/45|110000
1111|n.k. gupta       |chairman   |admin      |08/30/56|160000
1111|s.n. dasgupta    |manager    |sales      |09/12/63| 90000
1111|v.k agrawal      |g.m.       |marketing  |12/31/40| 95000
1111|v.k agrawal      |g.m.       |marketing  |12/31/40| 95000
2345|j.b. saxena      |g.m.       |marketing  |03/12/45|110000
2365|barun sengupta   |director   |personnel  |05/11/47|120000
2365|barun sengupta   |director   |personnel  |05/11/47|120000
2476|anil aggarwal    |manager    |sales      |05/01/59|110000
2476|anil aggarwal    |manager    |sales      |05/01/59|110000
3212|shyam saksena    |d.g.m.     |accounts   |12/12/55| 85000
3212|shyam saksena    |d.g.m.     |accounts   |12/12/55| 85000
3564|sudhir Agarwal   |executive  |personnel  |07/06/47| 75000
3564|sudhir Agarwal   |executive  |personnel  |07/06/47| 75000
4290|jayant Choudhury |executive  |production |09/07/50| 65000 
4290|jayant Choudhury |executive  |production |09/07/50| 65000 
5678|sumit chakrobarty|d.g.m      |marketing  |04/19/43| 85000
5678|sumit chakrobarty|d.g.m      |marketing  |04/19/43| 85000
6213|karuna ganguly   |g.m.       |accounts   |06/05/62|105000 
6213|karuna ganguly   |g.m.       |accounts   |06/05/62|105000 
6521|lalit chowdury   |director   |marketing  |09/26/45|125000
9876|jai sharma       |director   |production |03/12/50|130000
9876|jai sharma       |director   |production |03/12/50|130000
(base) ninadhegde@ninadhegde-ROG-Strix-G731GU-G731GU:~/git/lss/database$ sort -t "|" -k +1 emp1.lst 









1006|chanchal singhvi |cirector   |sales      |09/03/38|140000
1006|chanchal singhvi |director   |sales      |09/03/38|140000
1111|a.k. shukla      |g.m        |sales      |12/12/52| 90000
1111|j.b. saxena      |g.m.       |marketing  |03/12/45|110000
1111|n.k. gupta       |chairman   |admin      |08/30/56|160000
1111|s.n. dasgupta    |manager    |sales      |09/12/63| 90000
1111|S.n. dasgupta    |manager    |sales      |09/12/63| 90000
1111|v.k agrawal      |g.m.       |marketing  |12/31/40| 95000
1111|v.k agrawal      |g.m.       |marketing  |12/31/40| 95000
2345|j.b. saxena      |g.m.       |marketing  |03/12/45|110000
2365|barun sengupta   |director   |personnel  |05/11/47|120000
2365|barun sengupta   |director   |personnel  |05/11/47|120000
2476|anil aggarwal    |manager    |sales      |05/01/59|110000
2476|anil aggarwal    |manager    |sales      |05/01/59|110000
3212|shyam saksena    |d.g.m.     |accounts   |12/12/55| 85000
3212|shyam saksena    |d.g.m.     |accounts   |12/12/55| 85000
3564|sudhir Agarwal   |executive  |personnel  |07/06/47| 75000
3564|sudhir Agarwal   |executive  |personnel  |07/06/47| 75000
4290|jayant Choudhury |executive  |production |09/07/50| 65000 
4290|jayant Choudhury |executive  |production |09/07/50| 65000 
5678|sumit chakrobarty|d.g.m      |marketing  |04/19/43| 85000
5678|sumit chakrobarty|d.g.m      |marketing  |04/19/43| 85000
6213|karuna ganguly   |g.m.       |accounts   |06/05/62|105000 
6213|karuna ganguly   |g.m.       |accounts   |06/05/62|105000 
6521|lalit chowdury   |director   |marketing  |09/26/45|125000
9876|jai sharma       |director   |production |03/12/50|130000
9876|jai sharma       |director   |production |03/12/50|130000
(base) ninadhegde@ninadhegde-ROG-Strix-G731GU-G731GU:~/git/lss/database$ sort -t "|" -k +1 emp1.lst 









1006|chanchal singhvi |cirector   |sales      |09/03/38|140000
1006|chanchal singhvi |director   |sales      |09/03/38|140000
1111|a.k. shukla      |g.m        |sales      |12/12/52| 90000
1111|j.b. saxena      |g.m.       |marketing  |03/12/45|110000
1111|n.k. gupta       |chairman   |admin      |08/30/56|160000
1111|s.n. dasgupta    |manager    |sales      |09/12/63| 90000
1111|S.n. dasgupta    |nanager    |sales      |09/12/63| 90000
1111|v.k agrawal      |g.m.       |marketing  |12/31/40| 95000
1111|v.k agrawal      |g.m.       |marketing  |12/31/40| 95000
2345|j.b. saxena      |g.m.       |marketing  |03/12/45|110000
2365|barun sengupta   |director   |personnel  |05/11/47|120000
2365|barun sengupta   |director   |personnel  |05/11/47|120000
2476|anil aggarwal    |manager    |sales      |05/01/59|110000
2476|anil aggarwal    |manager    |sales      |05/01/59|110000
3212|shyam saksena    |d.g.m.     |accounts   |12/12/55| 85000
3212|shyam saksena    |d.g.m.     |accounts   |12/12/55| 85000
3564|sudhir Agarwal   |executive  |personnel  |07/06/47| 75000
3564|sudhir Agarwal   |executive  |personnel  |07/06/47| 75000
4290|jayant Choudhury |executive  |production |09/07/50| 65000 
4290|jayant Choudhury |executive  |production |09/07/50| 65000 
5678|sumit chakrobarty|d.g.m      |marketing  |04/19/43| 85000
5678|sumit chakrobarty|d.g.m      |marketing  |04/19/43| 85000
6213|karuna ganguly   |g.m.       |accounts   |06/05/62|105000 
6213|karuna ganguly   |g.m.       |accounts   |06/05/62|105000 
6521|lalit chowdury   |director   |marketing  |09/26/45|125000
9876|jai sharma       |director   |production |03/12/50|130000
9876|jai sharma       |director   |production |03/12/50|130000
(base) ninadhegde@ninadhegde-ROG-Strix-G731GU-G731GU:~/git/lss/database$ sort -t "|" -k +1 emp1.lst 









1006|chanchal singhvi |cirector   |sales      |09/03/38|140000
1006|chanchal singhvi |director   |sales      |09/03/38|140000
1111|a.k. shukla      |g.m        |sales      |12/12/52| 90000
1111|j.b. saxena      |g.m.       |marketing  |03/12/45|110000
1111|n.k. gupta       |chairman   |admin      |08/30/56|160000
1111|S.n. dasgupta    |damager    |sales      |09/12/63| 90000
1111|s.n. dasgupta    |manager    |sales      |09/12/63| 90000
1111|S.n. dasgupta    |nanager    |sales      |09/12/63| 90000
1111|v.k agrawal      |g.m.       |marketing  |12/31/40| 95000
1111|v.k agrawal      |g.m.       |marketing  |12/31/40| 95000
2345|j.b. saxena      |g.m.       |marketing  |03/12/45|110000
2365|barun sengupta   |director   |personnel  |05/11/47|120000
2365|barun sengupta   |director   |personnel  |05/11/47|120000
2476|anil aggarwal    |manager    |sales      |05/01/59|110000
2476|anil aggarwal    |manager    |sales      |05/01/59|110000
3212|shyam saksena    |d.g.m.     |accounts   |12/12/55| 85000
3212|shyam saksena    |d.g.m.     |accounts   |12/12/55| 85000
3564|sudhir Agarwal   |executive  |personnel  |07/06/47| 75000
3564|sudhir Agarwal   |executive  |personnel  |07/06/47| 75000
4290|jayant Choudhury |executive  |production |09/07/50| 65000 
4290|jayant Choudhury |executive  |production |09/07/50| 65000 
5678|sumit chakrobarty|d.g.m      |marketing  |04/19/43| 85000
5678|sumit chakrobarty|d.g.m      |marketing  |04/19/43| 85000
6213|karuna ganguly   |g.m.       |accounts   |06/05/62|105000 
6213|karuna ganguly   |g.m.       |accounts   |06/05/62|105000 
6521|lalit chowdury   |director   |marketing  |09/26/45|125000
9876|jai sharma       |director   |production |03/12/50|130000
9876|jai sharma       |director   |production |03/12/50|130000
(base) ninadhegde@ninadhegde-ROG-Strix-G731GU-G731GU:~/git/lss/database$ sort -t "|" -k 6 emp1.lst 









6213|karuna ganguly   |g.m.       |accounts   |06/05/62|105000 
6213|karuna ganguly   |g.m.       |accounts   |06/05/62|105000 
1111|j.b. saxena      |g.m.       |marketing  |03/12/45|110000
2345|j.b. saxena      |g.m.       |marketing  |03/12/45|110000
2476|anil aggarwal    |manager    |sales      |05/01/59|110000
2476|anil aggarwal    |manager    |sales      |05/01/59|110000
2365|barun sengupta   |director   |personnel  |05/11/47|120000
2365|barun sengupta   |director   |personnel  |05/11/47|120000
6521|lalit chowdury   |director   |marketing  |09/26/45|125000
9876|jai sharma       |director   |production |03/12/50|130000
9876|jai sharma       |director   |production |03/12/50|130000
1006|chanchal singhvi |cirector   |sales      |09/03/38|140000
1006|chanchal singhvi |director   |sales      |09/03/38|140000
1111|n.k. gupta       |chairman   |admin      |08/30/56|160000
4290|jayant Choudhury |executive  |production |09/07/50| 65000 
4290|jayant Choudhury |executive  |production |09/07/50| 65000 
3564|sudhir Agarwal   |executive  |personnel  |07/06/47| 75000
3564|sudhir Agarwal   |executive  |personnel  |07/06/47| 75000
3212|shyam saksena    |d.g.m.     |accounts   |12/12/55| 85000
3212|shyam saksena    |d.g.m.     |accounts   |12/12/55| 85000
5678|sumit chakrobarty|d.g.m      |marketing  |04/19/43| 85000
5678|sumit chakrobarty|d.g.m      |marketing  |04/19/43| 85000
1111|a.k. shukla      |g.m        |sales      |12/12/52| 90000
1111|S.n. dasgupta    |damager    |sales      |09/12/63| 90000
1111|s.n. dasgupta    |manager    |sales      |09/12/63| 90000
1111|S.n. dasgupta    |nanager    |sales      |09/12/63| 90000
1111|v.k agrawal      |g.m.       |marketing  |12/31/40| 95000
1111|v.k agrawal      |g.m.       |marketing  |12/31/40| 95000
(base) ninadhegde@ninadhegde-ROG-Strix-G731GU-G731GU:~/git/lss/database$ sort -t "|" -k -6 emp1.lst 
sort: invalid number at field start: invalid count at start of ‘-6’
(base) ninadhegde@ninadhegde-ROG-Strix-G731GU-G731GU:~/git/lss/database$ sort -t "|" -k 6 emp1.lst 









6213|karuna ganguly   |g.m.       |accounts   |06/05/62|105000 
6213|karuna ganguly   |g.m.       |accounts   |06/05/62|105000 
1111|j.b. saxena      |g.m.       |marketing  |03/12/45|110000
2345|j.b. saxena      |g.m.       |marketing  |03/12/45|110000
2476|anil aggarwal    |manager    |sales      |05/01/59|110000
2476|anil aggarwal    |manager    |sales      |05/01/59|110000
2365|barun sengupta   |director   |personnel  |05/11/47|120000
2365|barun sengupta   |director   |personnel  |05/11/47|120000
6521|lalit chowdury   |director   |marketing  |09/26/45|125000
9876|jai sharma       |director   |production |03/12/50|130000
9876|jai sharma       |director   |production |03/12/50|130000
1006|chanchal singhvi |cirector   |sales      |09/03/38|140000
1006|chanchal singhvi |director   |sales      |09/03/38|140000
1111|n.k. gupta       |chairman   |admin      |08/30/56|160000
4290|jayant Choudhury |executive  |production |09/07/50| 65000 
4290|jayant Choudhury |executive  |production |09/07/50| 65000 
3564|sudhir Agarwal   |executive  |personnel  |07/06/47| 75000
3564|sudhir Agarwal   |executive  |personnel  |07/06/47| 75000
3212|shyam saksena    |d.g.m.     |accounts   |12/12/55| 85000
3212|shyam saksena    |d.g.m.     |accounts   |12/12/55| 85000
5678|sumit chakrobarty|d.g.m      |marketing  |04/19/43| 85000
5678|sumit chakrobarty|d.g.m      |marketing  |04/19/43| 85000
1111|a.k. shukla      |g.m        |sales      |12/12/52| 90000
1111|S.n. dasgupta    |damager    |sales      |09/12/63| 90000
1111|s.n. dasgupta    |manager    |sales      |09/12/63| 90000
1111|S.n. dasgupta    |nanager    |sales      |09/12/63| 90000
1111|v.k agrawal      |g.m.       |marketing  |12/31/40| 95000
1111|v.k agrawal      |g.m.       |marketing  |12/31/40| 95000
(base) ninadhegde@ninadhegde-ROG-Strix-G731GU-G731GU:~/git/lss/database$ sort -t "|" -k 6,2 emp1.lst 









1006|chanchal singhvi |cirector   |sales      |09/03/38|140000
1006|chanchal singhvi |director   |sales      |09/03/38|140000
1111|a.k. shukla      |g.m        |sales      |12/12/52| 90000
1111|j.b. saxena      |g.m.       |marketing  |03/12/45|110000
1111|n.k. gupta       |chairman   |admin      |08/30/56|160000
1111|S.n. dasgupta    |damager    |sales      |09/12/63| 90000
1111|s.n. dasgupta    |manager    |sales      |09/12/63| 90000
1111|S.n. dasgupta    |nanager    |sales      |09/12/63| 90000
1111|v.k agrawal      |g.m.       |marketing  |12/31/40| 95000
1111|v.k agrawal      |g.m.       |marketing  |12/31/40| 95000
2345|j.b. saxena      |g.m.       |marketing  |03/12/45|110000
2365|barun sengupta   |director   |personnel  |05/11/47|120000
2365|barun sengupta   |director   |personnel  |05/11/47|120000
2476|anil aggarwal    |manager    |sales      |05/01/59|110000
2476|anil aggarwal    |manager    |sales      |05/01/59|110000
3212|shyam saksena    |d.g.m.     |accounts   |12/12/55| 85000
3212|shyam saksena    |d.g.m.     |accounts   |12/12/55| 85000
3564|sudhir Agarwal   |executive  |personnel  |07/06/47| 75000
3564|sudhir Agarwal   |executive  |personnel  |07/06/47| 75000
4290|jayant Choudhury |executive  |production |09/07/50| 65000 
4290|jayant Choudhury |executive  |production |09/07/50| 65000 
5678|sumit chakrobarty|d.g.m      |marketing  |04/19/43| 85000
5678|sumit chakrobarty|d.g.m      |marketing  |04/19/43| 85000
6213|karuna ganguly   |g.m.       |accounts   |06/05/62|105000 
6213|karuna ganguly   |g.m.       |accounts   |06/05/62|105000 
6521|lalit chowdury   |director   |marketing  |09/26/45|125000
9876|jai sharma       |director   |production |03/12/50|130000
9876|jai sharma       |director   |production |03/12/50|130000
(base) ninadhegde@ninadhegde-ROG-Strix-G731GU-G731GU:~/git/lss/database$ sort -t "|" -k 1,6 emp1.lst 









1006|chanchal singhvi |cirector   |sales      |09/03/38|140000
1006|chanchal singhvi |director   |sales      |09/03/38|140000
1111|a.k. shukla      |g.m        |sales      |12/12/52| 90000
1111|j.b. saxena      |g.m.       |marketing  |03/12/45|110000
1111|n.k. gupta       |chairman   |admin      |08/30/56|160000
1111|S.n. dasgupta    |damager    |sales      |09/12/63| 90000
1111|s.n. dasgupta    |manager    |sales      |09/12/63| 90000
1111|S.n. dasgupta    |nanager    |sales      |09/12/63| 90000
1111|v.k agrawal      |g.m.       |marketing  |12/31/40| 95000
1111|v.k agrawal      |g.m.       |marketing  |12/31/40| 95000
2345|j.b. saxena      |g.m.       |marketing  |03/12/45|110000
2365|barun sengupta   |director   |personnel  |05/11/47|120000
2365|barun sengupta   |director   |personnel  |05/11/47|120000
2476|anil aggarwal    |manager    |sales      |05/01/59|110000
2476|anil aggarwal    |manager    |sales      |05/01/59|110000
3212|shyam saksena    |d.g.m.     |accounts   |12/12/55| 85000
3212|shyam saksena    |d.g.m.     |accounts   |12/12/55| 85000
3564|sudhir Agarwal   |executive  |personnel  |07/06/47| 75000
3564|sudhir Agarwal   |executive  |personnel  |07/06/47| 75000
4290|jayant Choudhury |executive  |production |09/07/50| 65000 
4290|jayant Choudhury |executive  |production |09/07/50| 65000 
5678|sumit chakrobarty|d.g.m      |marketing  |04/19/43| 85000
5678|sumit chakrobarty|d.g.m      |marketing  |04/19/43| 85000
6213|karuna ganguly   |g.m.       |accounts   |06/05/62|105000 
6213|karuna ganguly   |g.m.       |accounts   |06/05/62|105000 
6521|lalit chowdury   |director   |marketing  |09/26/45|125000
9876|jai sharma       |director   |production |03/12/50|130000
9876|jai sharma       |director   |production |03/12/50|130000
(base) ninadhegde@ninadhegde-ROG-Strix-G731GU-G731GU:~/git/lss/database$ sort -t "|" -k 1 -k 6 emp1.lst 









1006|chanchal singhvi |cirector   |sales      |09/03/38|140000
1006|chanchal singhvi |director   |sales      |09/03/38|140000
1111|a.k. shukla      |g.m        |sales      |12/12/52| 90000
1111|j.b. saxena      |g.m.       |marketing  |03/12/45|110000
1111|n.k. gupta       |chairman   |admin      |08/30/56|160000
1111|S.n. dasgupta    |damager    |sales      |09/12/63| 90000
1111|s.n. dasgupta    |manager    |sales      |09/12/63| 90000
1111|S.n. dasgupta    |nanager    |sales      |09/12/63| 90000
1111|v.k agrawal      |g.m.       |marketing  |12/31/40| 95000
1111|v.k agrawal      |g.m.       |marketing  |12/31/40| 95000
2345|j.b. saxena      |g.m.       |marketing  |03/12/45|110000
2365|barun sengupta   |director   |personnel  |05/11/47|120000
2365|barun sengupta   |director   |personnel  |05/11/47|120000
2476|anil aggarwal    |manager    |sales      |05/01/59|110000
2476|anil aggarwal    |manager    |sales      |05/01/59|110000
3212|shyam saksena    |d.g.m.     |accounts   |12/12/55| 85000
3212|shyam saksena    |d.g.m.     |accounts   |12/12/55| 85000
3564|sudhir Agarwal   |executive  |personnel  |07/06/47| 75000
3564|sudhir Agarwal   |executive  |personnel  |07/06/47| 75000
4290|jayant Choudhury |executive  |production |09/07/50| 65000 
4290|jayant Choudhury |executive  |production |09/07/50| 65000 
5678|sumit chakrobarty|d.g.m      |marketing  |04/19/43| 85000
5678|sumit chakrobarty|d.g.m      |marketing  |04/19/43| 85000
6213|karuna ganguly   |g.m.       |accounts   |06/05/62|105000 
6213|karuna ganguly   |g.m.       |accounts   |06/05/62|105000 
6521|lalit chowdury   |director   |marketing  |09/26/45|125000
9876|jai sharma       |director   |production |03/12/50|130000
9876|jai sharma       |director   |production |03/12/50|130000
(base) ninadhegde@ninadhegde-ROG-Strix-G731GU-G731GU:~/git/lss/database$ sort -t "|" -k 1 -k 6 emp1.lst 









1006|chanchal singhvi |cirector   |sales      |09/03/38|140000
1006|chanchal singhvi |director   |sales      |09/03/38|120000
1111|a.k. shukla      |g.m        |sales      |12/12/52| 90000
1111|j.b. saxena      |g.m.       |marketing  |03/12/45|110000
1111|n.k. gupta       |chairman   |admin      |08/30/56|160000
1111|S.n. dasgupta    |damager    |sales      |09/12/63| 90000
1111|s.n. dasgupta    |manager    |sales      |09/12/63| 90000
1111|S.n. dasgupta    |nanager    |sales      |09/12/63| 90000
1111|v.k agrawal      |g.m.       |marketing  |12/31/40| 95000
1111|v.k agrawal      |g.m.       |marketing  |12/31/40| 95000
2345|j.b. saxena      |g.m.       |marketing  |03/12/45|110000
2365|barun sengupta   |director   |personnel  |05/11/47|120000
2365|barun sengupta   |director   |personnel  |05/11/47|120000
2476|anil aggarwal    |manager    |sales      |05/01/59|110000
2476|anil aggarwal    |manager    |sales      |05/01/59|110000
3212|shyam saksena    |d.g.m.     |accounts   |12/12/55| 85000
3212|shyam saksena    |d.g.m.     |accounts   |12/12/55| 85000
3564|sudhir Agarwal   |executive  |personnel  |07/06/47| 75000
3564|sudhir Agarwal   |executive  |personnel  |07/06/47| 75000
4290|jayant Choudhury |executive  |production |09/07/50| 65000 
4290|jayant Choudhury |executive  |production |09/07/50| 65000 
5678|sumit chakrobarty|d.g.m      |marketing  |04/19/43| 85000
5678|sumit chakrobarty|d.g.m      |marketing  |04/19/43| 85000
6213|karuna ganguly   |g.m.       |accounts   |06/05/62|105000 
6213|karuna ganguly   |g.m.       |accounts   |06/05/62|105000 
6521|lalit chowdury   |director   |marketing  |09/26/45|125000
9876|jai sharma       |director   |production |03/12/50|130000
9876|jai sharma       |director   |production |03/12/50|130000
(base) ninadhegde@ninadhegde-ROG-Strix-G731GU-G731GU:~/git/lss/database$ sort -t "|" -k 1,6 emp1.lst 









1006|chanchal singhvi |cirector   |sales      |09/03/38|140000
1006|chanchal singhvi |director   |sales      |09/03/38|120000
1111|a.k. shukla      |g.m        |sales      |12/12/52| 90000
1111|j.b. saxena      |g.m.       |marketing  |03/12/45|110000
1111|n.k. gupta       |chairman   |admin      |08/30/56|160000
1111|S.n. dasgupta    |damager    |sales      |09/12/63| 90000
1111|s.n. dasgupta    |manager    |sales      |09/12/63| 90000
1111|S.n. dasgupta    |nanager    |sales      |09/12/63| 90000
1111|v.k agrawal      |g.m.       |marketing  |12/31/40| 95000
1111|v.k agrawal      |g.m.       |marketing  |12/31/40| 95000
2345|j.b. saxena      |g.m.       |marketing  |03/12/45|110000
2365|barun sengupta   |director   |personnel  |05/11/47|120000
2365|barun sengupta   |director   |personnel  |05/11/47|120000
2476|anil aggarwal    |manager    |sales      |05/01/59|110000
2476|anil aggarwal    |manager    |sales      |05/01/59|110000
3212|shyam saksena    |d.g.m.     |accounts   |12/12/55| 85000
3212|shyam saksena    |d.g.m.     |accounts   |12/12/55| 85000
3564|sudhir Agarwal   |executive  |personnel  |07/06/47| 75000
3564|sudhir Agarwal   |executive  |personnel  |07/06/47| 75000
4290|jayant Choudhury |executive  |production |09/07/50| 65000 
4290|jayant Choudhury |executive  |production |09/07/50| 65000 
5678|sumit chakrobarty|d.g.m      |marketing  |04/19/43| 85000
5678|sumit chakrobarty|d.g.m      |marketing  |04/19/43| 85000
6213|karuna ganguly   |g.m.       |accounts   |06/05/62|105000 
6213|karuna ganguly   |g.m.       |accounts   |06/05/62|105000 
6521|lalit chowdury   |director   |marketing  |09/26/45|125000
9876|jai sharma       |director   |production |03/12/50|130000
9876|jai sharma       |director   |production |03/12/50|130000
(base) ninadhegde@ninadhegde-ROG-Strix-G731GU-G731GU:~/git/lss/database$ sort -t "|" -k 1 6 emp1.lst 
sort: cannot read: 6: No such file or directory
(base) ninadhegde@ninadhegde-ROG-Strix-G731GU-G731GU:~/git/lss/database$ sort -t "|" -k 1 -k 6 emp1.lst 









1006|chanchal singhvi |cirector   |sales      |09/03/38|140000
1006|chanchal singhvi |director   |sales      |09/03/38|120000
1111|a.k. shukla      |g.m        |sales      |12/12/52| 90000
1111|j.b. saxena      |g.m.       |marketing  |03/12/45|110000
1111|n.k. gupta       |chairman   |admin      |08/30/56|160000
1111|S.n. dasgupta    |damager    |sales      |09/12/63| 90000
1111|s.n. dasgupta    |manager    |sales      |09/12/63| 90000
1111|S.n. dasgupta    |nanager    |sales      |09/12/63| 90000
1111|v.k agrawal      |g.m.       |marketing  |12/31/40| 95000
1111|v.k agrawal      |g.m.       |marketing  |12/31/40| 95000
2345|j.b. saxena      |g.m.       |marketing  |03/12/45|110000
2365|barun sengupta   |director   |personnel  |05/11/47|120000
2365|barun sengupta   |director   |personnel  |05/11/47|120000
2476|anil aggarwal    |manager    |sales      |05/01/59|110000
2476|anil aggarwal    |manager    |sales      |05/01/59|110000
3212|shyam saksena    |d.g.m.     |accounts   |12/12/55| 85000
3212|shyam saksena    |d.g.m.     |accounts   |12/12/55| 85000
3564|sudhir Agarwal   |executive  |personnel  |07/06/47| 75000
3564|sudhir Agarwal   |executive  |personnel  |07/06/47| 75000
4290|jayant Choudhury |executive  |production |09/07/50| 65000 
4290|jayant Choudhury |executive  |production |09/07/50| 65000 
5678|sumit chakrobarty|d.g.m      |marketing  |04/19/43| 85000
5678|sumit chakrobarty|d.g.m      |marketing  |04/19/43| 85000
6213|karuna ganguly   |g.m.       |accounts   |06/05/62|105000 
6213|karuna ganguly   |g.m.       |accounts   |06/05/62|105000 
6521|lalit chowdury   |director   |marketing  |09/26/45|125000
9876|jai sharma       |director   |production |03/12/50|130000
9876|jai sharma       |director   |production |03/12/50|130000
(base) ninadhegde@ninadhegde-ROG-Strix-G731GU-G731GU:~/git/lss/database$ sort -t "|" -k 3 -k 6 emp1.lst 









1111|n.k. gupta       |chairman   |admin      |08/30/56|160000
1006|chanchal singhvi |cirector   |sales      |09/03/38|140000
1111|S.n. dasgupta    |damager    |sales      |09/12/63| 90000
3212|shyam saksena    |d.g.m.     |accounts   |12/12/55| 85000
3212|shyam saksena    |d.g.m.     |accounts   |12/12/55| 85000
5678|sumit chakrobarty|d.g.m      |marketing  |04/19/43| 85000
5678|sumit chakrobarty|d.g.m      |marketing  |04/19/43| 85000
6521|lalit chowdury   |director   |marketing  |09/26/45|125000
2365|barun sengupta   |director   |personnel  |05/11/47|120000
2365|barun sengupta   |director   |personnel  |05/11/47|120000
9876|jai sharma       |director   |production |03/12/50|130000
9876|jai sharma       |director   |production |03/12/50|130000
1006|chanchal singhvi |director   |sales      |09/03/38|120000
3564|sudhir Agarwal   |executive  |personnel  |07/06/47| 75000
3564|sudhir Agarwal   |executive  |personnel  |07/06/47| 75000
4290|jayant Choudhury |executive  |production |09/07/50| 65000 
4290|jayant Choudhury |executive  |production |09/07/50| 65000 
6213|karuna ganguly   |g.m.       |accounts   |06/05/62|105000 
6213|karuna ganguly   |g.m.       |accounts   |06/05/62|105000 
1111|j.b. saxena      |g.m.       |marketing  |03/12/45|110000
2345|j.b. saxena      |g.m.       |marketing  |03/12/45|110000
1111|v.k agrawal      |g.m.       |marketing  |12/31/40| 95000
1111|v.k agrawal      |g.m.       |marketing  |12/31/40| 95000
1111|a.k. shukla      |g.m        |sales      |12/12/52| 90000
2476|anil aggarwal    |manager    |sales      |05/01/59|110000
2476|anil aggarwal    |manager    |sales      |05/01/59|110000
1111|s.n. dasgupta    |manager    |sales      |09/12/63| 90000
1111|S.n. dasgupta    |nanager    |sales      |09/12/63| 90000
(base) ninadhegde@ninadhegde-ROG-Strix-G731GU-G731GU:~/git/lss/database$ sort -t "|" -k 3 -k 6 emp1.lst 









1111|n.k. gupta       |chairman   |admin      |08/30/56|160000
1006|chanchal singhvi |cirector   |sales      |09/03/38|140000
1111|S.n. dasgupta    |damager    |sales      |09/12/63| 90000
3212|shyam saksena    |d.g.m.     |accounts   |12/12/55| 85000
3212|shyam saksena    |d.g.m.     |accounts   |12/12/55| 85000
5678|sumit chakrobarty|d.g.m      |marketing  |04/19/43| 85000
5678|sumit chakrobarty|d.g.m      |marketing  |04/19/43| 95000
6521|lalit chowdury   |director   |marketing  |09/26/45|125000
2365|barun sengupta   |director   |personnel  |05/11/47|120000
2365|barun sengupta   |director   |personnel  |05/11/47|120000
9876|jai sharma       |director   |production |03/12/50|130000
9876|jai sharma       |director   |production |03/12/50|130000
1006|chanchal singhvi |director   |sales      |09/03/38|120000
3564|sudhir Agarwal   |executive  |personnel  |07/06/47| 75000
3564|sudhir Agarwal   |executive  |personnel  |07/06/47| 75000
4290|jayant Choudhury |executive  |production |09/07/50| 65000 
4290|jayant Choudhury |executive  |production |09/07/50| 65000 
6213|karuna ganguly   |g.m.       |accounts   |06/05/62|105000 
6213|karuna ganguly   |g.m.       |accounts   |06/05/62|105000 
1111|j.b. saxena      |g.m.       |marketing  |03/12/45|110000
2345|j.b. saxena      |g.m.       |marketing  |03/12/45|110000
1111|v.k agrawal      |g.m.       |marketing  |12/31/40| 95000
1111|v.k agrawal      |g.m.       |marketing  |12/31/40| 95000
1111|a.k. shukla      |g.m        |sales      |12/12/52| 90000
2476|anil aggarwal    |manager    |sales      |05/01/59|110000
2476|anil aggarwal    |manager    |sales      |05/01/59|110000
1111|s.n. dasgupta    |manager    |sales      |09/12/63| 90000
1111|S.n. dasgupta    |nanager    |sales      |09/12/63| 90000
(base) ninadhegde@ninadhegde-ROG-Strix-G731GU-G731GU:~/git/lss/database$ sort -t "|" -k 3 -k 6 emp1.lst 









1111|n.k. gupta       |chairman   |admin      |08/30/56|160000
1006|chanchal singhvi |cirector   |sales      |09/03/38|140000
1111|S.n. dasgupta    |damager    |sales      |09/12/63| 90000
3212|shyam saksena    |d.g.m.     |accounts   |12/12/55| 85000
3212|shyam saksena    |d.g.m.     |accounts   |12/12/55| 85000
5678|sumit chakrobarty|d.g.m      |marketing  |04/19/43| 75000
5678|sumit chakrobarty|d.g.m      |marketing  |04/19/43| 95000
6521|lalit chowdury   |director   |marketing  |09/26/45|125000
2365|barun sengupta   |director   |personnel  |05/11/47|120000
2365|barun sengupta   |director   |personnel  |05/11/47|120000
9876|jai sharma       |director   |production |03/12/50|130000
9876|jai sharma       |director   |production |03/12/50|130000
1006|chanchal singhvi |director   |sales      |09/03/38|120000
3564|sudhir Agarwal   |executive  |personnel  |07/06/47| 75000
3564|sudhir Agarwal   |executive  |personnel  |07/06/47| 75000
4290|jayant Choudhury |executive  |production |09/07/50| 65000 
4290|jayant Choudhury |executive  |production |09/07/50| 65000 
6213|karuna ganguly   |g.m.       |accounts   |06/05/62|105000 
6213|karuna ganguly   |g.m.       |accounts   |06/05/62|105000 
1111|j.b. saxena      |g.m.       |marketing  |03/12/45|110000
2345|j.b. saxena      |g.m.       |marketing  |03/12/45|110000
1111|v.k agrawal      |g.m.       |marketing  |12/31/40| 95000
1111|v.k agrawal      |g.m.       |marketing  |12/31/40| 95000
1111|a.k. shukla      |g.m        |sales      |12/12/52| 90000
2476|anil aggarwal    |manager    |sales      |05/01/59|110000
2476|anil aggarwal    |manager    |sales      |05/01/59|110000
1111|s.n. dasgupta    |manager    |sales      |09/12/63| 90000
1111|S.n. dasgupta    |nanager    |sales      |09/12/63| 90000
(base) ninadhegde@ninadhegde-ROG-Strix-G731GU-G731GU:~/git/lss/database$ sort -t "|" -k 3 -k 6 emp1.lst 









1111|n.k. gupta       |chairman   |admin      |08/30/56|160000
1006|chanchal singhvi |cirector   |sales      |09/03/38|140000
1111|S.n. dasgupta    |damager    |sales      |09/12/63| 90000
3212|shyam saksena    |d.g.m      |accounts   |12/12/55| 85000
3212|shyam saksena    |d.g.m      |accounts   |12/12/55| 85000
5678|sumit chakrobarty|d.g.m      |marketing  |04/19/43| 75000
5678|sumit chakrobarty|d.g.m      |marketing  |04/19/43| 95000
6521|lalit chowdury   |director   |marketing  |09/26/45|125000
2365|barun sengupta   |director   |personnel  |05/11/47|120000
2365|barun sengupta   |director   |personnel  |05/11/47|120000
9876|jai sharma       |director   |production |03/12/50|130000
9876|jai sharma       |director   |production |03/12/50|130000
1006|chanchal singhvi |director   |sales      |09/03/38|120000
3564|sudhir Agarwal   |executive  |personnel  |07/06/47| 75000
3564|sudhir Agarwal   |executive  |personnel  |07/06/47| 75000
4290|jayant Choudhury |executive  |production |09/07/50| 65000 
4290|jayant Choudhury |executive  |production |09/07/50| 65000 
6213|karuna ganguly   |g.m.       |accounts   |06/05/62|105000 
6213|karuna ganguly   |g.m.       |accounts   |06/05/62|105000 
1111|j.b. saxena      |g.m.       |marketing  |03/12/45|110000
2345|j.b. saxena      |g.m.       |marketing  |03/12/45|110000
1111|v.k agrawal      |g.m.       |marketing  |12/31/40| 95000
1111|v.k agrawal      |g.m.       |marketing  |12/31/40| 95000
1111|a.k. shukla      |g.m        |sales      |12/12/52| 90000
2476|anil aggarwal    |manager    |sales      |05/01/59|110000
2476|anil aggarwal    |manager    |sales      |05/01/59|110000
1111|s.n. dasgupta    |manager    |sales      |09/12/63| 90000
1111|S.n. dasgupta    |nanager    |sales      |09/12/63| 90000
(base) ninadhegde@ninadhegde-ROG-Strix-G731GU-G731GU:~/git/lss/database$ sort -t "|" -k 3 -k 6 emp1.lst 









1111|n.k. gupta       |chairman   |admin      |08/30/56|160000
1006|chanchal singhvi |cirector   |sales      |09/03/38|140000
1111|S.n. dasgupta    |damager    |sales      |09/12/63| 90000
3212|shyam saksena    |d.g.m      |accounts   |12/12/55| 85000
3212|shyam saksena    |d.g.m      |accounts   |12/12/55| 85000
5678|sumit chakrobarty|d.g.m      |marketing  |04/19/43| 75000
5678|sumit chakrobarty|d.g.m      |marketing  |04/19/43| 95000
6521|lalit chowdury   |director   |marketing  |09/26/45|125000
2365|barun sengupta   |director   |personnel  |05/11/47|120000
2365|barun sengupta   |director   |personnel  |05/11/47|120000
9876|jai sharma       |director   |production |03/12/50|130000
9876|jai sharma       |director   |production |03/12/50|130000
1006|chanchal singhvi |director   |sales      |09/03/38|120000
3564|sudhir Agarwal   |executive  |personnel  |07/06/47| 75000
3564|sudhir Agarwal   |executive  |personnel  |07/06/47| 75000
4290|jayant Choudhury |executive  |production |09/07/50| 65000 
4290|jayant Choudhury |executive  |production |09/07/50| 65000 
6213|karuna ganguly   |g.m.       |accounts   |06/05/62|105000 
6213|karuna ganguly   |g.m.       |accounts   |06/05/62|105000 
1111|j.b. saxena      |g.m.       |marketing  |03/12/45|110000
2345|j.b. saxena      |g.m.       |marketing  |03/12/45|110000
1111|v.k agrawal      |g.m.       |marketing  |12/31/40| 95000
1111|v.k agrawal      |g.m.       |marketing  |12/31/40| 95000
1111|a.k. shukla      |g.m        |sales      |12/12/52| 90000
2476|anil aggarwal    |manager    |sales      |05/01/59|110000
2476|anil aggarwal    |manager    |sales      |05/01/59|110000
1111|s.n. dasgupta    |manager    |sales      |09/12/63| 90000
1111|S.n. dasgupta    |nanager    |sales      |09/12/63| 90000
(base) ninadhegde@ninadhegde-ROG-Strix-G731GU-G731GU:~/git/lss/database$ sort -t "|" -k +3 emp1.lst 









1111|n.k. gupta       |chairman   |admin      |08/30/56|160000
1006|chanchal singhvi |cirector   |sales      |09/03/38|140000
1111|S.n. dasgupta    |damager    |sales      |09/12/63| 90000
3212|shyam saksena    |d.g.m      |accounts   |12/12/55| 85000
3212|shyam saksena    |d.g.m      |accounts   |12/12/55| 85000
5678|sumit chakrobarty|d.g.m      |marketing  |04/19/43| 75000
5678|sumit chakrobarty|d.g.m      |marketing  |04/19/43| 95000
6521|lalit chowdury   |director   |marketing  |09/26/45|125000
2365|barun sengupta   |director   |personnel  |05/11/47|120000
2365|barun sengupta   |director   |personnel  |05/11/47|120000
9876|jai sharma       |director   |production |03/12/50|130000
9876|jai sharma       |director   |production |03/12/50|130000
1006|chanchal singhvi |director   |sales      |09/03/38|120000
3564|sudhir Agarwal   |executive  |personnel  |07/06/47| 75000
3564|sudhir Agarwal   |executive  |personnel  |07/06/47| 75000
4290|jayant Choudhury |executive  |production |09/07/50| 65000 
4290|jayant Choudhury |executive  |production |09/07/50| 65000 
6213|karuna ganguly   |g.m.       |accounts   |06/05/62|105000 
6213|karuna ganguly   |g.m.       |accounts   |06/05/62|105000 
1111|j.b. saxena      |g.m.       |marketing  |03/12/45|110000
2345|j.b. saxena      |g.m.       |marketing  |03/12/45|110000
1111|v.k agrawal      |g.m.       |marketing  |12/31/40| 95000
1111|v.k agrawal      |g.m.       |marketing  |12/31/40| 95000
1111|a.k. shukla      |g.m        |sales      |12/12/52| 90000
2476|anil aggarwal    |manager    |sales      |05/01/59|110000
2476|anil aggarwal    |manager    |sales      |05/01/59|110000
1111|s.n. dasgupta    |manager    |sales      |09/12/63| 90000
1111|S.n. dasgupta    |nanager    |sales      |09/12/63| 90000
(base) ninadhegde@ninadhegde-ROG-Strix-G731GU-G731GU:~/git/lss/database$ sort -t "|" -k 3 -k 6 emp1.lst 









1111|n.k. gupta       |chairman   |admin      |08/30/56|160000
1006|chanchal singhvi |cirector   |sales      |09/03/38|140000
1111|S.n. dasgupta    |damager    |sales      |09/12/63| 90000
3212|shyam saksena    |d.g.m      |accounts   |12/12/55| 85000
3212|shyam saksena    |d.g.m      |accounts   |12/12/55| 85000
5678|sumit chakrobarty|d.g.m      |marketing  |04/19/43| 75000
5678|sumit chakrobarty|d.g.m      |marketing  |04/19/43| 95000
6521|lalit chowdury   |director   |marketing  |09/26/45|125000
2365|barun sengupta   |director   |personnel  |05/11/47|120000
2365|barun sengupta   |director   |personnel  |05/11/47|120000
9876|jai sharma       |director   |production |03/12/50|130000
9876|jai sharma       |director   |production |03/12/50|130000
1006|chanchal singhvi |director   |sales      |09/03/38|120000
3564|sudhir Agarwal   |executive  |personnel  |07/06/47| 75000
3564|sudhir Agarwal   |executive  |personnel  |07/06/47| 75000
4290|jayant Choudhury |executive  |production |09/07/50| 65000 
4290|jayant Choudhury |executive  |production |09/07/50| 65000 
6213|karuna ganguly   |g.m.       |accounts   |06/05/62|105000 
6213|karuna ganguly   |g.m.       |accounts   |06/05/62|105000 
1111|a.k. shukla      |g.m.       |ales      |12/12/52| 90000
1111|j.b. saxena      |g.m.       |marketing  |03/12/45|110000
2345|j.b. saxena      |g.m.       |marketing  |03/12/45|110000
1111|v.k agrawal      |g.m.       |marketing  |12/31/40| 95000
1111|v.k agrawal      |g.m.       |marketing  |12/31/40| 95000
2476|anil aggarwal    |manager    |sales      |05/01/59|110000
2476|anil aggarwal    |manager    |sales      |05/01/59|110000
1111|s.n. dasgupta    |manager    |sales      |09/12/63| 90000
1111|S.n. dasgupta    |nanager    |sales      |09/12/63| 90000
(base) ninadhegde@ninadhegde-ROG-Strix-G731GU-G731GU:~/git/lss/database$ sort -t "|" -k 3 -k 6 emp1.lst 









1111|n.k. gupta       |chairman   |admin      |08/30/56|160000
1006|chanchal singhvi |cirector   |sales      |09/03/38|140000
1111|S.n. dasgupta    |damager    |sales      |09/12/63| 90000
3212|shyam saksena    |d.g.m      |accounts   |12/12/55| 85000
3212|shyam saksena    |d.g.m      |accounts   |12/12/55| 85000
5678|sumit chakrobarty|d.g.m      |marketing  |04/19/43| 75000
5678|sumit chakrobarty|d.g.m      |marketing  |04/19/43| 95000
6521|lalit chowdury   |director   |marketing  |09/26/45|125000
2365|barun sengupta   |director   |personnel  |05/11/47|120000
2365|barun sengupta   |director   |personnel  |05/11/47|120000
9876|jai sharma       |director   |production |03/12/50|130000
9876|jai sharma       |director   |production |03/12/50|130000
1006|chanchal singhvi |director   |sales      |09/03/38|120000
3564|sudhir Agarwal   |executive  |personnel  |07/06/47| 75000
3564|sudhir Agarwal   |executive  |personnel  |07/06/47| 75000
4290|jayant Choudhury |executive  |production |09/07/50| 65000 
4290|jayant Choudhury |executive  |production |09/07/50| 65000 
6213|karuna ganguly   |g.m.       |accounts   |06/05/62|105000 
6213|karuna ganguly   |g.m.       |accounts   |06/05/62|105000 
1111|a.k. shukla      |g.m.       |ales       |12/12/52| 90000
1111|j.b. saxena      |g.m.       |marketing  |03/12/45|110000
2345|j.b. saxena      |g.m.       |marketing  |03/12/45|110000
1111|v.k agrawal      |g.m.       |marketing  |12/31/40| 95000
1111|v.k agrawal      |g.m.       |marketing  |12/31/40| 95000
2476|anil aggarwal    |manager    |sales      |05/01/59|110000
2476|anil aggarwal    |manager    |sales      |05/01/59|110000
1111|s.n. dasgupta    |manager    |sales      |09/12/63| 90000
1111|S.n. dasgupta    |nanager    |sales      |09/12/63| 90000
(base) ninadhegde@ninadhegde-ROG-Strix-G731GU-G731GU:~/git/lss/database$ sort -t "|" -k +3 emp1.lst 









1111|n.k. gupta       |chairman   |admin      |08/30/56|160000
1006|chanchal singhvi |cirector   |sales      |09/03/38|140000
1111|S.n. dasgupta    |damager    |sales      |09/12/63| 90000
3212|shyam saksena    |d.g.m      |accounts   |12/12/55| 85000
3212|shyam saksena    |d.g.m      |accounts   |12/12/55| 85000
5678|sumit chakrobarty|d.g.m      |marketing  |04/19/43| 75000
5678|sumit chakrobarty|d.g.m      |marketing  |04/19/43| 95000
6521|lalit chowdury   |director   |marketing  |09/26/45|125000
2365|barun sengupta   |director   |personnel  |05/11/47|120000
2365|barun sengupta   |director   |personnel  |05/11/47|120000
9876|jai sharma       |director   |production |03/12/50|130000
9876|jai sharma       |director   |production |03/12/50|130000
1006|chanchal singhvi |director   |sales      |09/03/38|120000
3564|sudhir Agarwal   |executive  |personnel  |07/06/47| 75000
3564|sudhir Agarwal   |executive  |personnel  |07/06/47| 75000
4290|jayant Choudhury |executive  |production |09/07/50| 65000 
4290|jayant Choudhury |executive  |production |09/07/50| 65000 
6213|karuna ganguly   |g.m.       |accounts   |06/05/62|105000 
6213|karuna ganguly   |g.m.       |accounts   |06/05/62|105000 
1111|a.k. shukla      |g.m.       |ales       |12/12/52| 90000
1111|j.b. saxena      |g.m.       |marketing  |03/12/45|110000
2345|j.b. saxena      |g.m.       |marketing  |03/12/45|110000
1111|v.k agrawal      |g.m.       |marketing  |12/31/40| 95000
1111|v.k agrawal      |g.m.       |marketing  |12/31/40| 95000
2476|anil aggarwal    |manager    |sales      |05/01/59|110000
2476|anil aggarwal    |manager    |sales      |05/01/59|110000
1111|s.n. dasgupta    |manager    |sales      |09/12/63| 90000
1111|S.n. dasgupta    |nanager    |sales      |09/12/63| 90000
(base) ninadhegde@ninadhegde-ROG-Strix-G731GU-G731GU:~/git/lss/database$ sort -t "|" -k +3 emp1.lst 

1111|n.k. gupta       |chairman   |admin      |08/30/56|160000
1006|chanchal singhvi |cirector   |sales      |09/03/38|140000
1111|S.n. dasgupta    |damager    |sales      |09/12/63| 90000
3212|shyam saksena    |d.g.m      |accounts   |12/12/55| 85000
3212|shyam saksena    |d.g.m      |accounts   |12/12/55| 85000
5678|sumit chakrobarty|d.g.m      |marketing  |04/19/43| 75000
5678|sumit chakrobarty|d.g.m      |marketing  |04/19/43| 95000
6521|lalit chowdury   |director   |marketing  |09/26/45|125000
2365|barun sengupta   |director   |personnel  |05/11/47|120000
2365|barun sengupta   |director   |personnel  |05/11/47|120000
9876|jai sharma       |director   |production |03/12/50|130000
9876|jai sharma       |director   |production |03/12/50|130000
1006|chanchal singhvi |director   |sales      |09/03/38|120000
3564|sudhir Agarwal   |executive  |personnel  |07/06/47| 75000
3564|sudhir Agarwal   |executive  |personnel  |07/06/47| 75000
4290|jayant Choudhury |executive  |production |09/07/50| 65000 
4290|jayant Choudhury |executive  |production |09/07/50| 65000 
6213|karuna ganguly   |g.m.       |accounts   |06/05/62|105000 
6213|karuna ganguly   |g.m.       |accounts   |06/05/62|105000 
1111|a.k. shukla      |g.m.       |ales       |12/12/52| 90000
1111|j.b. saxena      |g.m.       |marketing  |03/12/45|110000
2345|j.b. saxena      |g.m.       |marketing  |03/12/45|110000
1111|v.k agrawal      |g.m.       |marketing  |12/31/40| 95000
1111|v.k agrawal      |g.m.       |marketing  |12/31/40| 95000
2476|anil aggarwal    |manager    |sales      |05/01/59|110000
2476|anil aggarwal    |manager    |sales      |05/01/59|110000
1111|s.n. dasgupta    |manager    |sales      |09/12/63| 90000
1111|S.n. dasgupta    |nanager    |sales      |09/12/63| 90000
(base) ninadhegde@ninadhegde-ROG-Strix-G731GU-G731GU:~/git/lss/database$ sort -t "|" -k 3 -k 6 emp1.lst 

1111|n.k. gupta       |chairman   |admin      |08/30/56|160000
1006|chanchal singhvi |cirector   |sales      |09/03/38|140000
1111|S.n. dasgupta    |damager    |sales      |09/12/63| 90000
3212|shyam saksena    |d.g.m      |accounts   |12/12/55| 85000
3212|shyam saksena    |d.g.m      |accounts   |12/12/55| 85000
5678|sumit chakrobarty|d.g.m      |marketing  |04/19/43| 75000
5678|sumit chakrobarty|d.g.m      |marketing  |04/19/43| 95000
6521|lalit chowdury   |director   |marketing  |09/26/45|125000
2365|barun sengupta   |director   |personnel  |05/11/47|120000
2365|barun sengupta   |director   |personnel  |05/11/47|120000
9876|jai sharma       |director   |production |03/12/50|130000
9876|jai sharma       |director   |production |03/12/50|130000
1006|chanchal singhvi |director   |sales      |09/03/38|120000
3564|sudhir Agarwal   |executive  |personnel  |07/06/47| 75000
3564|sudhir Agarwal   |executive  |personnel  |07/06/47| 75000
4290|jayant Choudhury |executive  |production |09/07/50| 65000 
4290|jayant Choudhury |executive  |production |09/07/50| 65000 
6213|karuna ganguly   |g.m.       |accounts   |06/05/62|105000 
6213|karuna ganguly   |g.m.       |accounts   |06/05/62|105000 
1111|a.k. shukla      |g.m.       |ales       |12/12/52| 90000
1111|j.b. saxena      |g.m.       |marketing  |03/12/45|110000
2345|j.b. saxena      |g.m.       |marketing  |03/12/45|110000
1111|v.k agrawal      |g.m.       |marketing  |12/31/40| 95000
1111|v.k agrawal      |g.m.       |marketing  |12/31/40| 95000
2476|anil aggarwal    |manager    |sales      |05/01/59|110000
2476|anil aggarwal    |manager    |sales      |05/01/59|110000
1111|s.n. dasgupta    |manager    |sales      |09/12/63| 90000
1111|S.n. dasgupta    |nanager    |sales      |09/12/63| 90000
(base) ninadhegde@ninadhegde-ROG-Strix-G731GU-G731GU:~/git/lss/database$ sort -t "|" -k 2 -k 6 emp1.lst 

1111|a.k. shukla      |g.m.       |ales       |12/12/52| 90000
2476|anil aggarwal    |manager    |sales      |05/01/59|110000
2476|anil aggarwal    |manager    |sales      |05/01/59|110000
2365|barun sengupta   |director   |personnel  |05/11/47|120000
2365|barun sengupta   |director   |personnel  |05/11/47|120000
1006|chanchal singhvi |cirector   |sales      |09/03/38|140000
1006|chanchal singhvi |director   |sales      |09/03/38|120000
9876|jai sharma       |director   |production |03/12/50|130000
9876|jai sharma       |director   |production |03/12/50|130000
4290|jayant Choudhury |executive  |production |09/07/50| 65000 
4290|jayant Choudhury |executive  |production |09/07/50| 65000 
1111|j.b. saxena      |g.m.       |marketing  |03/12/45|110000
2345|j.b. saxena      |g.m.       |marketing  |03/12/45|110000
6213|karuna ganguly   |g.m.       |accounts   |06/05/62|105000 
6213|karuna ganguly   |g.m.       |accounts   |06/05/62|105000 
6521|lalit chowdury   |director   |marketing  |09/26/45|125000
1111|n.k. gupta       |chairman   |admin      |08/30/56|160000
3212|shyam saksena    |d.g.m      |accounts   |12/12/55| 85000
3212|shyam saksena    |d.g.m      |accounts   |12/12/55| 85000
1111|S.n. dasgupta    |damager    |sales      |09/12/63| 90000
1111|s.n. dasgupta    |manager    |sales      |09/12/63| 90000
1111|S.n. dasgupta    |nanager    |sales      |09/12/63| 90000
3564|sudhir Agarwal   |executive  |personnel  |07/06/47| 75000
3564|sudhir Agarwal   |executive  |personnel  |07/06/47| 75000
5678|sumit chakrobarty|d.g.m      |marketing  |04/19/43| 75000
5678|sumit chakrobarty|d.g.m      |marketing  |04/19/43| 95000
1111|v.k agrawal      |g.m.       |marketing  |12/31/40| 95000
1111|v.k agrawal      |g.m.       |marketing  |12/31/40| 95000
(base) ninadhegde@ninadhegde-ROG-Strix-G731GU-G731GU:~/git/lss/database$ sort -t "|" -k 2 -k 6 emp1.lst 

1111|a.k. shukla      |g.m.       |ales       |12/12/52| 90000
2476|anil aggarwal    |manager    |sales      |05/01/59|110000
2476|anil aggarwal    |manager    |sales      |05/01/59|110000
2365|barun sengupta   |director   |personnel  |05/11/47|120000
2365|barun sengupta   |director   |personnel  |05/11/47|120000
1006|chanchal singhvi |director   |sales      |09/03/38|120000
1006|chanchal singhvi |iirector   |sales      |09/03/38|140000
9876|jai sharma       |director   |production |03/12/50|130000
9876|jai sharma       |director   |production |03/12/50|130000
4290|jayant Choudhury |executive  |production |09/07/50| 65000 
4290|jayant Choudhury |executive  |production |09/07/50| 65000 
1111|j.b. saxena      |g.m.       |marketing  |03/12/45|110000
2345|j.b. saxena      |g.m.       |marketing  |03/12/45|110000
6213|karuna ganguly   |g.m.       |accounts   |06/05/62|105000 
6213|karuna ganguly   |g.m.       |accounts   |06/05/62|105000 
6521|lalit chowdury   |director   |marketing  |09/26/45|125000
1111|n.k. gupta       |chairman   |admin      |08/30/56|160000
3212|shyam saksena    |d.g.m      |accounts   |12/12/55| 85000
3212|shyam saksena    |d.g.m      |accounts   |12/12/55| 85000
1111|S.n. dasgupta    |damager    |sales      |09/12/63| 90000
1111|s.n. dasgupta    |manager    |sales      |09/12/63| 90000
1111|S.n. dasgupta    |nanager    |sales      |09/12/63| 90000
3564|sudhir Agarwal   |executive  |personnel  |07/06/47| 75000
3564|sudhir Agarwal   |executive  |personnel  |07/06/47| 75000
5678|sumit chakrobarty|d.g.m      |marketing  |04/19/43| 75000
5678|sumit chakrobarty|d.g.m      |marketing  |04/19/43| 95000
1111|v.k agrawal      |g.m.       |marketing  |12/31/40| 95000
1111|v.k agrawal      |g.m.       |marketing  |12/31/40| 95000
(base) ninadhegde@ninadhegde-ROG-Strix-G731GU-G731GU:~/git/lss/database$ sort -t "|" -k 2,6 emp1.lst 

1111|a.k. shukla      |g.m.       |ales       |12/12/52| 90000
2476|anil aggarwal    |manager    |sales      |05/01/59|110000
2476|anil aggarwal    |manager    |sales      |05/01/59|110000
2365|barun sengupta   |director   |personnel  |05/11/47|120000
2365|barun sengupta   |director   |personnel  |05/11/47|120000
1006|chanchal singhvi |director   |sales      |09/03/38|120000
1006|chanchal singhvi |iirector   |sales      |09/03/38|140000
9876|jai sharma       |director   |production |03/12/50|130000
9876|jai sharma       |director   |production |03/12/50|130000
4290|jayant Choudhury |executive  |production |09/07/50| 65000 
4290|jayant Choudhury |executive  |production |09/07/50| 65000 
1111|j.b. saxena      |g.m.       |marketing  |03/12/45|110000
2345|j.b. saxena      |g.m.       |marketing  |03/12/45|110000
6213|karuna ganguly   |g.m.       |accounts   |06/05/62|105000 
6213|karuna ganguly   |g.m.       |accounts   |06/05/62|105000 
6521|lalit chowdury   |director   |marketing  |09/26/45|125000
1111|n.k. gupta       |chairman   |admin      |08/30/56|160000
3212|shyam saksena    |d.g.m      |accounts   |12/12/55| 85000
3212|shyam saksena    |d.g.m      |accounts   |12/12/55| 85000
1111|S.n. dasgupta    |damager    |sales      |09/12/63| 90000
1111|s.n. dasgupta    |manager    |sales      |09/12/63| 90000
1111|S.n. dasgupta    |nanager    |sales      |09/12/63| 90000
3564|sudhir Agarwal   |executive  |personnel  |07/06/47| 75000
3564|sudhir Agarwal   |executive  |personnel  |07/06/47| 75000
5678|sumit chakrobarty|d.g.m      |marketing  |04/19/43| 75000
5678|sumit chakrobarty|d.g.m      |marketing  |04/19/43| 95000
1111|v.k agrawal      |g.m.       |marketing  |12/31/40| 95000
1111|v.k agrawal      |g.m.       |marketing  |12/31/40| 95000
(base) ninadhegde@ninadhegde-ROG-Strix-G731GU-G731GU:~/git/lss/database$ sort -t "|" -k 2,6 emp2.lst 
sort: cannot read: emp2.lst: No such file or directory
(base) ninadhegde@ninadhegde-ROG-Strix-G731GU-G731GU:~/git/lss/database$ sort -t "|" -k 2,6 emp2.lst 
sort: cannot read: emp2.lst: No such file or directory
(base) ninadhegde@ninadhegde-ROG-Strix-G731GU-G731GU:~/git/lss/database$ sort -t "|" -k 2,2 -k 6,6 emp1.lst 

1111|a.k. shukla      |g.m.       |ales       |12/12/52| 90000
2476|anil aggarwal    |manager    |sales      |05/01/59|110000
2476|anil aggarwal    |manager    |sales      |05/01/59|110000
2365|barun sengupta   |director   |personnel  |05/11/47|120000
2365|barun sengupta   |director   |personnel  |05/11/47|120000
1006|chanchal singhvi |director   |sales      |09/03/38|120000
1006|chanchal singhvi |iirector   |sales      |09/03/38|140000
9876|jai sharma       |director   |production |03/12/50|130000
9876|jai sharma       |director   |production |03/12/50|130000
4290|jayant Choudhury |executive  |production |09/07/50| 65000 
4290|jayant Choudhury |executive  |production |09/07/50| 65000 
1111|j.b. saxena      |g.m.       |marketing  |03/12/45|110000
2345|j.b. saxena      |g.m.       |marketing  |03/12/45|110000
6213|karuna ganguly   |g.m.       |accounts   |06/05/62|105000 
6213|karuna ganguly   |g.m.       |accounts   |06/05/62|105000 
6521|lalit chowdury   |director   |marketing  |09/26/45|125000
1111|n.k. gupta       |chairman   |admin      |08/30/56|160000
3212|shyam saksena    |d.g.m      |accounts   |12/12/55| 85000
3212|shyam saksena    |d.g.m      |accounts   |12/12/55| 85000
1111|s.n. dasgupta    |manager    |sales      |09/12/63| 90000
1111|S.n. dasgupta    |damager    |sales      |09/12/63| 90000
1111|S.n. dasgupta    |nanager    |sales      |09/12/63| 90000
3564|sudhir Agarwal   |executive  |personnel  |07/06/47| 75000
3564|sudhir Agarwal   |executive  |personnel  |07/06/47| 75000
5678|sumit chakrobarty|d.g.m      |marketing  |04/19/43| 75000
5678|sumit chakrobarty|d.g.m      |marketing  |04/19/43| 95000
1111|v.k agrawal      |g.m.       |marketing  |12/31/40| 95000
1111|v.k agrawal      |g.m.       |marketing  |12/31/40| 95000
(base) ninadhegde@ninadhegde-ROG-Strix-G731GU-G731GU:~/git/lss/database$ sort -t "|" -k 2,2 -k 6,6 emp1.lst 

1111|a.k. shukla      |g.m.       |ales       |12/12/52| 90000
2476|anil aggarwal    |manager    |sales      |05/01/59|110000
2476|anil aggarwal    |manager    |sales      |05/01/59|110000
2365|barun sengupta   |director   |personnel  |05/11/47|120000
2365|barun sengupta   |director   |personnel  |05/11/47|120000
1006|chanchal singhvi |director   |sales      |09/03/38|120000
1006|chanchal singhvi |cirector   |sales      |09/03/38|140000
9876|jai sharma       |director   |production |03/12/50|130000
9876|jai sharma       |director   |production |03/12/50|130000
4290|jayant Choudhury |executive  |production |09/07/50| 65000 
4290|jayant Choudhury |executive  |production |09/07/50| 65000 
1111|j.b. saxena      |g.m.       |marketing  |03/12/45|110000
2345|j.b. saxena      |g.m.       |marketing  |03/12/45|110000
6213|karuna ganguly   |g.m.       |accounts   |06/05/62|105000 
6213|karuna ganguly   |g.m.       |accounts   |06/05/62|105000 
6521|lalit chowdury   |director   |marketing  |09/26/45|125000
1111|n.k. gupta       |chairman   |admin      |08/30/56|160000
3212|shyam saksena    |d.g.m      |accounts   |12/12/55| 85000
3212|shyam saksena    |d.g.m      |accounts   |12/12/55| 85000
1111|s.n. dasgupta    |manager    |sales      |09/12/63| 90000
1111|S.n. dasgupta    |damager    |sales      |09/12/63| 85000
1111|S.n. dasgupta    |nanager    |sales      |09/12/63| 90000
3564|sudhir Agarwal   |executive  |personnel  |07/06/47| 75000
3564|sudhir Agarwal   |executive  |personnel  |07/06/47| 75000
5678|sumit chakrobarty|d.g.m      |marketing  |04/19/43| 75000
5678|sumit chakrobarty|d.g.m      |marketing  |04/19/43| 95000
1111|v.k agrawal      |g.m.       |marketing  |12/31/40| 95000
1111|v.k agrawal      |g.m.       |marketing  |12/31/40| 95000
(base) ninadhegde@ninadhegde-ROG-Strix-G731GU-G731GU:~/git/lss/database$ sort -t "|" -k 2,2 -k 6,6 emp1.lst 

1111|a.k. shukla      |g.m.       |ales       |12/12/52| 90000
2476|anil aggarwal    |manager    |sales      |05/01/59|110000
2476|anil aggarwal    |manager    |sales      |05/01/59|110000
2365|barun sengupta   |director   |personnel  |05/11/47|120000
2365|barun sengupta   |director   |personnel  |05/11/47|120000
1006|chanchal singhvi |director   |sales      |09/03/38|120000
1006|chanchal singhvi |cirector   |sales      |09/03/38|140000
9876|jai sharma       |director   |production |03/12/50|130000
9876|jai sharma       |director   |production |03/12/50|130000
4290|jayant Choudhury |executive  |production |09/07/50| 65000 
4290|jayant Choudhury |executive  |production |09/07/50| 65000 
1111|j.b. saxena      |g.m.       |marketing  |03/12/45|110000
2345|j.b. saxena      |g.m.       |marketing  |03/12/45|110000
6213|karuna ganguly   |g.m.       |accounts   |06/05/62|105000 
6213|karuna ganguly   |g.m.       |accounts   |06/05/62|105000 
6521|lalit chowdury   |director   |marketing  |09/26/45|125000
1111|n.k. gupta       |chairman   |admin      |08/30/56|160000
3212|shyam saksena    |d.g.m      |accounts   |12/12/55| 85000
3212|shyam saksena    |d.g.m      |accounts   |12/12/55| 85000
1111|s.n. dasgupta    |manager    |sales      |09/12/63| 90000
1111|S.n. dasgupta    |damager    |sales      |09/12/63| 85000
1111|S.n. dasgupta    |nanager    |sales      |09/12/63| 90000
3564|sudhir Agarwal   |executive  |personnel  |07/06/47| 75000
3564|sudhir Agarwal   |executive  |personnel  |07/06/47| 75000
5678|sumit chakrobarty|d.g.m      |marketing  |04/19/43| 75000
5678|sumit chakrobarty|d.g.m      |marketing  |04/19/43| 95000
1111|v.k agrawal      |g.m.       |marketing  |12/31/40| 95000
1111|v.k agrawal      |g.m.       |marketing  |12/31/40| 95000
(base) ninadhegde@ninadhegde-ROG-Strix-G731GU-G731GU:~/git/lss/database$ sort -t "|" -k 4,4 -k 6,6 emp1.lst 

6213|karuna ganguly   |g.m.       |accounts   |06/05/62|105000 
6213|karuna ganguly   |g.m.       |accounts   |06/05/62|105000 
3212|shyam saksena    |d.g.m      |accounts   |12/12/55| 85000
3212|shyam saksena    |d.g.m      |accounts   |12/12/55| 85000
1111|n.k. gupta       |chairman   |admin      |08/30/56|160000
1111|a.k. shukla      |g.m.       |ales       |12/12/52| 90000
1111|j.b. saxena      |g.m.       |marketing  |03/12/45|110000
2345|j.b. saxena      |g.m.       |marketing  |03/12/45|110000
6521|lalit chowdury   |director   |marketing  |09/26/45|125000
5678|sumit chakrobarty|d.g.m      |marketing  |04/19/43| 75000
1111|v.k agrawal      |g.m.       |marketing  |12/31/40| 95000
1111|v.k agrawal      |g.m.       |marketing  |12/31/40| 95000
5678|sumit chakrobarty|d.g.m      |marketing  |04/19/43| 95000
2365|barun sengupta   |director   |personnel  |05/11/47|120000
2365|barun sengupta   |director   |personnel  |05/11/47|120000
3564|sudhir Agarwal   |executive  |personnel  |07/06/47| 75000
3564|sudhir Agarwal   |executive  |personnel  |07/06/47| 75000
9876|jai sharma       |director   |production |03/12/50|130000
9876|jai sharma       |director   |production |03/12/50|130000
4290|jayant Choudhury |executive  |production |09/07/50| 65000 
4290|jayant Choudhury |executive  |production |09/07/50| 65000 
2476|anil aggarwal    |manager    |sales      |05/01/59|110000
2476|anil aggarwal    |manager    |sales      |05/01/59|110000
1006|chanchal singhvi |director   |sales      |09/03/38|120000
1006|chanchal singhvi |cirector   |sales      |09/03/38|140000
1111|S.n. dasgupta    |damager    |sales      |09/12/63| 85000
1111|s.n. dasgupta    |manager    |sales      |09/12/63| 90000
1111|S.n. dasgupta    |nanager    |sales      |09/12/63| 90000
(base) ninadhegde@ninadhegde-ROG-Strix-G731GU-G731GU:~/git/lss/database$ sort -t "|" -k 4,4 -n -k 6,6 emp1.lst 

4290|jayant Choudhury |executive  |production |09/07/50| 65000 
4290|jayant Choudhury |executive  |production |09/07/50| 65000 
3564|sudhir Agarwal   |executive  |personnel  |07/06/47| 75000
3564|sudhir Agarwal   |executive  |personnel  |07/06/47| 75000
5678|sumit chakrobarty|d.g.m      |marketing  |04/19/43| 75000
1111|S.n. dasgupta    |damager    |sales      |09/12/63| 85000
3212|shyam saksena    |d.g.m      |accounts   |12/12/55| 85000
3212|shyam saksena    |d.g.m      |accounts   |12/12/55| 85000
1111|a.k. shukla      |g.m.       |ales       |12/12/52| 90000
1111|s.n. dasgupta    |manager    |sales      |09/12/63| 90000
1111|S.n. dasgupta    |nanager    |sales      |09/12/63| 90000
1111|v.k agrawal      |g.m.       |marketing  |12/31/40| 95000
1111|v.k agrawal      |g.m.       |marketing  |12/31/40| 95000
5678|sumit chakrobarty|d.g.m      |marketing  |04/19/43| 95000
6213|karuna ganguly   |g.m.       |accounts   |06/05/62|105000 
6213|karuna ganguly   |g.m.       |accounts   |06/05/62|105000 
1111|j.b. saxena      |g.m.       |marketing  |03/12/45|110000
2345|j.b. saxena      |g.m.       |marketing  |03/12/45|110000
2476|anil aggarwal    |manager    |sales      |05/01/59|110000
2476|anil aggarwal    |manager    |sales      |05/01/59|110000
1006|chanchal singhvi |director   |sales      |09/03/38|120000
2365|barun sengupta   |director   |personnel  |05/11/47|120000
2365|barun sengupta   |director   |personnel  |05/11/47|120000
6521|lalit chowdury   |director   |marketing  |09/26/45|125000
9876|jai sharma       |director   |production |03/12/50|130000
9876|jai sharma       |director   |production |03/12/50|130000
1006|chanchal singhvi |cirector   |sales      |09/03/38|140000
1111|n.k. gupta       |chairman   |admin      |08/30/56|160000
(base) ninadhegde@ninadhegde-ROG-Strix-G731GU-G731GU:~/git/lss/database$ sort -t "|" -k 4,4  -k 6,6 -n emp1.lst 

4290|jayant Choudhury |executive  |production |09/07/50| 65000 
4290|jayant Choudhury |executive  |production |09/07/50| 65000 
3564|sudhir Agarwal   |executive  |personnel  |07/06/47| 75000
3564|sudhir Agarwal   |executive  |personnel  |07/06/47| 75000
5678|sumit chakrobarty|d.g.m      |marketing  |04/19/43| 75000
1111|S.n. dasgupta    |damager    |sales      |09/12/63| 85000
3212|shyam saksena    |d.g.m      |accounts   |12/12/55| 85000
3212|shyam saksena    |d.g.m      |accounts   |12/12/55| 85000
1111|a.k. shukla      |g.m.       |ales       |12/12/52| 90000
1111|s.n. dasgupta    |manager    |sales      |09/12/63| 90000
1111|S.n. dasgupta    |nanager    |sales      |09/12/63| 90000
1111|v.k agrawal      |g.m.       |marketing  |12/31/40| 95000
1111|v.k agrawal      |g.m.       |marketing  |12/31/40| 95000
5678|sumit chakrobarty|d.g.m      |marketing  |04/19/43| 95000
6213|karuna ganguly   |g.m.       |accounts   |06/05/62|105000 
6213|karuna ganguly   |g.m.       |accounts   |06/05/62|105000 
1111|j.b. saxena      |g.m.       |marketing  |03/12/45|110000
2345|j.b. saxena      |g.m.       |marketing  |03/12/45|110000
2476|anil aggarwal    |manager    |sales      |05/01/59|110000
2476|anil aggarwal    |manager    |sales      |05/01/59|110000
1006|chanchal singhvi |director   |sales      |09/03/38|120000
2365|barun sengupta   |director   |personnel  |05/11/47|120000
2365|barun sengupta   |director   |personnel  |05/11/47|120000
6521|lalit chowdury   |director   |marketing  |09/26/45|125000
9876|jai sharma       |director   |production |03/12/50|130000
9876|jai sharma       |director   |production |03/12/50|130000
1006|chanchal singhvi |cirector   |sales      |09/03/38|140000
1111|n.k. gupta       |chairman   |admin      |08/30/56|160000
(base) ninadhegde@ninadhegde-ROG-Strix-G731GU-G731GU:~/git/lss/database$ sort -t "|" -k 4,4  -k 6,6  emp1.lst 

6213|karuna ganguly   |g.m.       |accounts   |06/05/62|105000 
6213|karuna ganguly   |g.m.       |accounts   |06/05/62|105000 
3212|shyam saksena    |d.g.m      |accounts   |12/12/55| 85000
3212|shyam saksena    |d.g.m      |accounts   |12/12/55| 85000
1111|n.k. gupta       |chairman   |admin      |08/30/56|160000
1111|a.k. shukla      |g.m.       |ales       |12/12/52| 90000
1111|j.b. saxena      |g.m.       |marketing  |03/12/45|110000
2345|j.b. saxena      |g.m.       |marketing  |03/12/45|110000
6521|lalit chowdury   |director   |marketing  |09/26/45|125000
5678|sumit chakrobarty|d.g.m      |marketing  |04/19/43| 75000
1111|v.k agrawal      |g.m.       |marketing  |12/31/40| 95000
1111|v.k agrawal      |g.m.       |marketing  |12/31/40| 95000
5678|sumit chakrobarty|d.g.m      |marketing  |04/19/43| 95000
2365|barun sengupta   |director   |personnel  |05/11/47|120000
2365|barun sengupta   |director   |personnel  |05/11/47|120000
3564|sudhir Agarwal   |executive  |personnel  |07/06/47| 75000
3564|sudhir Agarwal   |executive  |personnel  |07/06/47| 75000
9876|jai sharma       |director   |production |03/12/50|130000
9876|jai sharma       |director   |production |03/12/50|130000
4290|jayant Choudhury |executive  |production |09/07/50| 65000 
4290|jayant Choudhury |executive  |production |09/07/50| 65000 
2476|anil aggarwal    |manager    |sales      |05/01/59|110000
2476|anil aggarwal    |manager    |sales      |05/01/59|110000
1006|chanchal singhvi |director   |sales      |09/03/38|120000
1006|chanchal singhvi |cirector   |sales      |09/03/38|140000
1111|S.n. dasgupta    |damager    |sales      |09/12/63| 85000
1111|s.n. dasgupta    |manager    |sales      |09/12/63| 90000
1111|S.n. dasgupta    |nanager    |sales      |09/12/63| 90000
(base) ninadhegde@ninadhegde-ROG-Strix-G731GU-G731GU:~/git/lss/database$ sort -t "|" -k 4,4  -k 6,6  emp1.lst 

6213|karuna ganguly   |g.m.       |accounts   |06/05/62|105000 
6213|karuna ganguly   |g.m.       |accounts   |06/05/62|105000 
3212|shyam saksena    |d.g.m      |accounts   |12/12/55| 85000
3212|shyam saksena    |d.g.m      |accounts   |12/12/55| 85000
1111|n.k. gupta       |chairman   |admin      |08/30/56|160000
1111|a.k. shukla      |g.m.       |ales       |12/12/52| 90000
1111|j.b. saxena      |g.m.       |marketing  |03/12/45|110000
2345|j.b. saxena      |g.m.       |marketing  |03/12/45|110000
6521|lalit chowdury   |director   |marketing  |09/26/45|125000
5678|sumit chakrobarty|d.g.m      |marketing  |04/19/43| 75000
1111|v.k agrawal      |g.m.       |marketing  |12/31/40| 95000
1111|v.k agrawal      |g.m.       |marketing  |12/31/40| 95000
5678|sumit chakrobarty|d.g.m      |marketing  |04/19/43| 95000
2365|barun sengupta   |director   |personnel  |05/11/47|120000
2365|barun sengupta   |director   |personnel  |05/11/47|120000
3564|sudhir Agarwal   |executive  |personnel  |07/06/47| 75000
3564|sudhir Agarwal   |executive  |personnel  |07/06/47| 75000
9876|jai sharma       |director   |production |03/12/50|130000
9876|jai sharma       |director   |production |03/12/50|130000
4290|jayant Choudhury |executive  |production |09/07/50| 65000 
4290|jayant Choudhury |executive  |production |09/07/50| 65000 
2476|anil aggarwal    |manager    |sales      |05/01/59|110000
2476|anil aggarwal    |manager    |sales      |05/01/59|110000
1006|chanchal singhvi |director   |sales      |09/03/38|120000
1006|chanchal singhvi |cirector   |sales      |09/03/38|140000
1111|S.n. dasgupta    |damager    |sales      |09/12/63|85000
1111|s.n. dasgupta    |manager    |sales      |09/12/63| 90000
1111|S.n. dasgupta    |nanager    |sales      |09/12/63|90000
(base) ninadhegde@ninadhegde-ROG-Strix-G731GU-G731GU:~/git/lss/database$ 
(base) ninadhegde@ninadhegde-ROG-Strix-G731GU-G731GU:~/git/lss/database$ sort -t "|" -k 4,4  -k 6,6  emp1.lst 

6213|karuna ganguly   |g.m.       |accounts   |06/05/62|105000 
6213|karuna ganguly   |g.m.       |accounts   |06/05/62|105000 
3212|shyam saksena    |d.g.m      |accounts   |12/12/55| 85000
3212|shyam saksena    |d.g.m      |accounts   |12/12/55| 85000
1111|n.k. gupta       |chairman   |admin      |08/30/56|160000
1111|a.k. shukla      |g.m.       |ales       |12/12/52| 90000
1111|j.b. saxena      |g.m.       |marketing  |03/12/45|110000
2345|j.b. saxena      |g.m.       |marketing  |03/12/45|110000
6521|lalit chowdury   |director   |marketing  |09/26/45|125000
5678|sumit chakrobarty|d.g.m      |marketing  |04/19/43| 75000
1111|v.k agrawal      |g.m.       |marketing  |12/31/40| 95000
1111|v.k agrawal      |g.m.       |marketing  |12/31/40| 95000
5678|sumit chakrobarty|d.g.m      |marketing  |04/19/43| 95000
2365|barun sengupta   |director   |personnel  |05/11/47|120000
2365|barun sengupta   |director   |personnel  |05/11/47|120000
3564|sudhir Agarwal   |executive  |personnel  |07/06/47| 75000
3564|sudhir Agarwal   |executive  |personnel  |07/06/47| 75000
9876|jai sharma       |director   |production |03/12/50|130000
9876|jai sharma       |director   |production |03/12/50|130000
4290|jayant Choudhury |executive  |production |09/07/50| 65000 
4290|jayant Choudhury |executive  |production |09/07/50| 65000 
2476|anil aggarwal    |manager    |sales      |05/01/59|110000
2476|anil aggarwal    |manager    |sales      |05/01/59|110000
1006|chanchal singhvi |director   |sales      |09/03/38|120000
1006|chanchal singhvi |cirector   |sales      |09/03/38|140000
1111|S.n. dasgupta    |damager    |sales      |09/12/63|85000
1111|s.n. dasgupta    |manager    |sales      |09/12/63| 90000
1111|S.n. dasgupta    |nanager    |sales      |09/12/63|90000
(base) ninadhegde@ninadhegde-ROG-Strix-G731GU-G731GU:~/git/lss/database$ sort -t "|" -k 4,4  -k 6,6  emp1.lst 

6213|karuna ganguly   |g.m.       |accounts   |06/05/62|105000 
6213|karuna ganguly   |g.m.       |accounts   |06/05/62|105000 
3212|shyam saksena    |d.g.m      |accounts   |12/12/55| 85000
3212|shyam saksena    |d.g.m      |accounts   |12/12/55| 85000
1111|n.k. gupta       |chairman   |admin      |08/30/56|160000
1111|a.k. shukla      |g.m.       |ales       |12/12/52| 90000
1111|j.b. saxena      |g.m.       |marketing  |03/12/45|110000
2345|j.b. saxena      |g.m.       |marketing  |03/12/45|110000
6521|lalit chowdury   |director   |marketing  |09/26/45|125000
5678|sumit chakrobarty|d.g.m      |marketing  |04/19/43| 75000
1111|v.k agrawal      |g.m.       |marketing  |12/31/40| 95000
1111|v.k agrawal      |g.m.       |marketing  |12/31/40| 95000
5678|sumit chakrobarty|d.g.m      |marketing  |04/19/43| 95000
2365|barun sengupta   |director   |personnel  |05/11/47|120000
2365|barun sengupta   |director   |personnel  |05/11/47|120000
3564|sudhir Agarwal   |executive  |personnel  |07/06/47| 75000
3564|sudhir Agarwal   |executive  |personnel  |07/06/47| 75000
9876|jai sharma       |director   |production |03/12/50|130000
9876|jai sharma       |director   |production |03/12/50|130000
4290|jayant Choudhury |executive  |production |09/07/50| 65000 
4290|jayant Choudhury |executive  |production |09/07/50| 65000 
2476|anil aggarwal    |manager    |sales      |05/01/59|110000
2476|anil aggarwal    |manager    |sales      |05/01/59|110000
1006|chanchal singhvi |director   |sales      |09/03/38|120000
1006|chanchal singhvi |cirector   |sales      |09/03/38|140000
1111|S.n. dasgupta    |nanager    |sales      |09/12/63|50000
1111|S.n. dasgupta    |damager    |sales      |09/12/63|85000
1111|s.n. dasgupta    |manager    |sales      |09/12/63|90000
(base) ninadhegde@ninadhegde-ROG-Strix-G731GU-G731GU:~/git/lss/database$ cut -d "|" -f 4 emp1.lst | uniq

production 
marketing  
personnel  
sales      
accounts   
production 
sales      
accounts   
personnel  
marketing  
ales       
production 
marketing  
personnel  
admin      
sales      
accounts   
sales      
production 
sales      
marketing  
accounts   
personnel  
marketing  
(base) ninadhegde@ninadhegde-ROG-Strix-G731GU-G731GU:~/git/lss/database$ cut -d "|" -f 4 emp1.lst |sort| uniq

accounts   
admin      
ales       
marketing  
personnel  
production 
sales      
(base) ninadhegde@ninadhegde-ROG-Strix-G731GU-G731GU:~/git/lss/database$ cut -d "|" -f 4 lstemp.lst |sort| uniq

accounts   
admin      
Department 
marketing  
personnel  
production 
sales      
(base) ninadhegde@ninadhegde-ROG-Strix-G731GU-G731GU:~/git/lss/database$ cut -d "|" -f 4 lstemp.lst | uniq
Department 
sales      
production 
marketing  
personnel  
admin      
sales      

accounts   
sales      

production 
sales      
marketing  
accounts   

personnel  
marketing  
accounts   
sales      
accounts   

personnel  
marketing  

accounts   
sales      

production 
sales      
marketing  
accounts   

personnel  
marketing  

accounts   
sales      

production 
sales      
marketing  
accounts   

personnel  
marketing  

(base) ninadhegde@ninadhegde-ROG-Strix-G731GU-G731GU:~/git/lss/database$ cut -d "|" -f 4 lstemp.lst | uniq | sort











accounts   
accounts   
accounts   
accounts   
accounts   
accounts   
accounts   
accounts   
admin      
Department 
marketing  
marketing  
marketing  
marketing  
marketing  
marketing  
marketing  
marketing  
personnel  
personnel  
personnel  
personnel  
personnel  
production 
production 
production 
production 
sales      
sales      
sales      
sales      
sales      
sales      
sales      
sales      
sales      
(base) ninadhegde@ninadhegde-ROG-Strix-G731GU-G731GU:~/git/lss/database$ sort | cut -d "|" -f 4 lstemp.lst | uniq
Department 
sales      
production 
marketing  
personnel  
admin      
sales      

accounts   
sales      

production 
sales      
marketing  
accounts   

personnel  
marketing  
accounts   
sales      
accounts   

personnel  
marketing  

accounts   
sales      

production 
sales      
marketing  
accounts   

personnel  
marketing  

accounts   
sales      

production 
sales      
marketing  
accounts   

personnel  
marketing  

^C
(base) ninadhegde@ninadhegde-ROG-Strix-G731GU-G731GU:~/git/lss/database$ cut -d "|" -f 4 lstemp.lst | uniq | sort











accounts   
accounts   
accounts   
accounts   
accounts   
accounts   
accounts   
accounts   
admin      
Department 
marketing  
marketing  
marketing  
marketing  
marketing  
marketing  
marketing  
marketing  
personnel  
personnel  
personnel  
personnel  
personnel  
production 
production 
production 
production 
sales      
sales      
sales      
sales      
sales      
sales      
sales      
sales      
sales      
(base) ninadhegde@ninadhegde-ROG-Strix-G731GU-G731GU:~/git/lss/database$ cut -d "|" -f 4 lstemp.lst | sort|uniq

accounts   
admin      
Department 
marketing  
personnel  
production 
sales      
(base) ninadhegde@ninadhegde-ROG-Strix-G731GU-G731GU:~/git/lss/database$ cut -d "|" -f 2 | sort | uniq 
^X^C
(base) ninadhegde@ninadhegde-ROG-Strix-G731GU-G731GU:~/git/lss/database$ cat emp1.lst 

9876|jai sharma       |director   |production |03/12/50|130000
5678|sumit chakrobarty|d.g.m      |marketing  |04/19/43| 95000
2365|barun sengupta   |director   |personnel  |05/11/47|120000
1006|chanchal singhvi |cirector   |sales      |09/03/38|140000
6213|karuna ganguly   |g.m.       |accounts   |06/05/62|105000 
4290|jayant Choudhury |executive  |production |09/07/50| 65000 
2476|anil aggarwal    |manager    |sales      |05/01/59|110000
3212|shyam saksena    |d.g.m      |accounts   |12/12/55| 85000
3564|sudhir Agarwal   |executive  |personnel  |07/06/47| 75000
1111|j.b. saxena      |g.m.       |marketing  |03/12/45|110000
1111|v.k agrawal      |g.m.       |marketing  |12/31/40| 95000
1111|a.k. shukla      |g.m.       |ales       |12/12/52| 90000
9876|jai sharma       |director   |production |03/12/50|130000
5678|sumit chakrobarty|d.g.m      |marketing  |04/19/43| 75000
2365|barun sengupta   |director   |personnel  |05/11/47|120000
1111|n.k. gupta       |chairman   |admin      |08/30/56|160000
1006|chanchal singhvi |director   |sales      |09/03/38|120000
6213|karuna ganguly   |g.m.       |accounts   |06/05/62|105000 
1111|s.n. dasgupta    |manager    |sales      |09/12/63|90000
1111|S.n. dasgupta    |nanager    |sales      |09/12/63|50000
1111|S.n. dasgupta    |damager    |sales      |09/12/63|85000
4290|jayant Choudhury |executive  |production |09/07/50| 65000 
2476|anil aggarwal    |manager    |sales      |05/01/59|110000
6521|lalit chowdury   |director   |marketing  |09/26/45|125000
3212|shyam saksena    |d.g.m      |accounts   |12/12/55| 85000
3564|sudhir Agarwal   |executive  |personnel  |07/06/47| 75000
2345|j.b. saxena      |g.m.       |marketing  |03/12/45|110000
1111|v.k agrawal      |g.m.       |marketing  |12/31/40| 95000
(base) ninadhegde@ninadhegde-ROG-Strix-G731GU-G731GU:~/git/lss/database$ grep "sales" empx.lst 
2233|a.k. shukla      |g.m        |sales      |12/12/52| 90000
1006|chanchal singhvi |director   |sales      |09/03/38|140000
1265|s.n. dasgupta    |manager    |sales      |09/12/63| 90000
2476|anil aggarwal    |manager    |sales      |05/01/59|110000
(base) ninadhegde@ninadhegde-ROG-Strix-G731GU-G731GU:~/git/lss/database$ grep "sales" lstemp.lst 
2233|a.k. shukla      |g.m        |sales      |12/12/52| 90000
1006|chanchal singhvi |director   |sales      |09/03/38|140000
1265|s.n. dasgupta    |manager    |sales      |09/12/63| 90000
2476|anil aggarwal    |manager    |sales      |05/01/59|110000
1265|s.n. dasgupta    |manager    |sales      |09/12/63| 90000
1265|s.n. dasgupta    |manager    |sales      |09/12/63| 90000
2476|anil aggarwal    |manager    |sales      |05/01/59|110000
1265|s.n. dasgupta    |manager    |sales      |09/12/63| 90000
2476|anil aggarwal    |manager    |sales      |05/01/59|110000
(base) ninadhegde@ninadhegde-ROG-Strix-G731GU-G731GU:~/git/lss/database$ who | grep "ninadhegde"
ninadhegde tty2         2023-04-04 09:09 (tty2)
(base) ninadhegde@ninadhegde-ROG-Strix-G731GU-G731GU:~/git/lss/database$ who 
ninadhegde tty2         2023-04-04 09:09 (tty2)
(base) ninadhegde@ninadhegde-ROG-Strix-G731GU-G731GU:~/git/lss/database$ who | grep "ninadhegde"
ninadhegde tty2         2023-04-04 09:09 (tty2)
(base) ninadhegde@ninadhegde-ROG-Strix-G731GU-G731GU:~/git/lss/database$ 

(base) ninadhegde@ninadhegde-ROG-Strix-G731GU-G731GU:~/git/lss/database$ grep "sales" empx.lst lstemp.lst 
empx.lst:2233|a.k. shukla      |g.m        |sales      |12/12/52| 90000
empx.lst:1006|chanchal singhvi |director   |sales      |09/03/38|140000
empx.lst:1265|s.n. dasgupta    |manager    |sales      |09/12/63| 90000
empx.lst:2476|anil aggarwal    |manager    |sales      |05/01/59|110000
lstemp.lst:2233|a.k. shukla      |g.m        |sales      |12/12/52| 90000
lstemp.lst:1006|chanchal singhvi |director   |sales      |09/03/38|140000
lstemp.lst:1265|s.n. dasgupta    |manager    |sales      |09/12/63| 90000
lstemp.lst:2476|anil aggarwal    |manager    |sales      |05/01/59|110000
lstemp.lst:1265|s.n. dasgupta    |manager    |sales      |09/12/63| 90000
lstemp.lst:1265|s.n. dasgupta    |manager    |sales      |09/12/63| 90000
lstemp.lst:2476|anil aggarwal    |manager    |sales      |05/01/59|110000
lstemp.lst:1265|s.n. dasgupta    |manager    |sales      |09/12/63| 90000
lstemp.lst:2476|anil aggarwal    |manager    |sales      |05/01/59|110000
(base) ninadhegde@ninadhegde-ROG-Strix-G731GU-G731GU:~/git/lss/database$ grep "sales" emp.lst lstemp.lst 
emp.lst:2233|charles harris   |g.m        |sales      |12/12/52| 90000
emp.lst:1006|gordon 1ightfoot |director   |sales      |09/03/38|140000 
emp.lst:1265|p.j. woodhouse   |manager    |sales      |09/12/63| 90000 
emp.lst:2476|jackie wodehouse |manager    |sales      |05/01/59|110000 
lstemp.lst:2233|a.k. shukla      |g.m        |sales      |12/12/52| 90000
lstemp.lst:1006|chanchal singhvi |director   |sales      |09/03/38|140000
lstemp.lst:1265|s.n. dasgupta    |manager    |sales      |09/12/63| 90000
lstemp.lst:2476|anil aggarwal    |manager    |sales      |05/01/59|110000
lstemp.lst:1265|s.n. dasgupta    |manager    |sales      |09/12/63| 90000
lstemp.lst:1265|s.n. dasgupta    |manager    |sales      |09/12/63| 90000
lstemp.lst:2476|anil aggarwal    |manager    |sales      |05/01/59|110000
lstemp.lst:1265|s.n. dasgupta    |manager    |sales      |09/12/63| 90000
lstemp.lst:2476|anil aggarwal    |manager    |sales      |05/01/59|110000
(base) ninadhegde@ninadhegde-ROG-Strix-G731GU-G731GU:~/git/lss/database$ grep "damager" emp.lst lstemp.lst 
(base) ninadhegde@ninadhegde-ROG-Strix-G731GU-G731GU:~/git/lss/database$ grep "damager" emp1.lst lstemp.lst 
emp1.lst:1111|S.n. dasgupta    |damager    |sales      |09/12/63|85000
(base) ninadhegde@ninadhegde-ROG-Strix-G731GU-G731GU:~/git/lss/database$ grep -v "damager" emp.lst lstemp.lst 
emp.lst:2233|charles harris   |g.m        |sales      |12/12/52| 90000
emp.lst:9876|bill johnson     |director   |production |03/12/50|130000
emp.lst:5678|robert dylan     |d.g.m      |marketing  |04/19/43| 85000
emp.lst:2365|john woodcock    |director   |personnel  |05/11/47|120000
emp.lst:5423|barry wood       |chairman   |admin      |08/30/56|160000
emp.lst:1006|gordon 1ightfoot |director   |sales      |09/03/38|140000 
emp.lst:6213|michael lennon   |g.m.       |accounts   |06/05/62|105000 
emp.lst:1265|p.j. woodhouse   |manager    |sales      |09/12/63| 90000 
emp.lst:4290|nei1 o'bryan     |executive  |production |09/07/50| 65000 
emp.lst:2476|jackie wodehouse |manager    |sales      |05/01/59|110000 
emp.lst:6521|derryk o'brien   |director   |marketing  |09/26/45|125000 
emp.lst:3212|bi11 wilcocks    |d.g.m.     |accounts   |12/12/55| 85000 
emp.lst:3564|ronie trueman    |executive  |personnel  |07/06/47| 75000 
emp.lst:2345|james wilcox     |g.m.       |marketing  |03/12/45|110000 
emp.lst:0110|julie truman     |g.m.       |marketing  |12/31/40| 95000
lstemp.lst:ID  |Name             |Designation|Department |DOB     |salary
lstemp.lst:2233|a.k. shukla      |g.m        |sales      |12/12/52| 90000
lstemp.lst:9876|jai sharma       |director   |production |03/12/50|130000
lstemp.lst:5678|sumit chakrobarty|d.g.m      |marketing  |04/19/43| 85000
lstemp.lst:2365|barun sengupta   |director   |personnel  |05/11/47|120000
lstemp.lst:5423|n.k. gupta       |chairman   |admin      |08/30/56|160000
lstemp.lst:1006|chanchal singhvi |director   |sales      |09/03/38|140000
lstemp.lst:
lstemp.lst:6213|karuna ganguly   |g.m.       |accounts   |06/05/62|105000 
lstemp.lst:1265|s.n. dasgupta    |manager    |sales      |09/12/63| 90000
lstemp.lst:
lstemp.lst:4290|jayant Choudhury |executive  |production |09/07/50| 65000 
lstemp.lst:2476|anil aggarwal    |manager    |sales      |05/01/59|110000
lstemp.lst:6521|lalit chowdury   |director   |marketing  |09/26/45|125000
lstemp.lst:3212|shyam saksena    |d.g.m.     |accounts   |12/12/55| 85000
lstemp.lst:
lstemp.lst:3564|sudhir Agarwal   |executive  |personnel  |07/06/47| 75000
lstemp.lst:2345|j.b. saxena      |g.m.       |marketing  |03/12/45|110000
lstemp.lst:0110|v.k agrawal      |g.m.       |marketing  |12/31/40| 95000
lstemp.lst:6213|karuna ganguly   |g.m.       |accounts   |06/05/62|105000
lstemp.lst:1265|s.n. dasgupta    |manager    |sales      |09/12/63| 90000
lstemp.lst:8212|shyam saksena    |d.g.m.     |accounts   |12/12/55| 85000
lstemp.lst:
lstemp.lst:3564|sudhir Agarwal   |executive  |personnel  |07/06/47| 75000
lstemp.lst:2345|j.b. saxena      |g.m.       |marketing  |03/12/45|110000
lstemp.lst:0110|v.k agrawal      |g.m.       |marketing  |12/31/40| 95000
lstemp.lst:
lstemp.lst:6213|karuna ganguly   |g.m.       |accounts   |06/05/62|105000
lstemp.lst:1265|s.n. dasgupta    |manager    |sales      |09/12/63| 90000
lstemp.lst:
lstemp.lst:4290|jayant Choudhury |executive  |production |09/07/50| 65000
lstemp.lst:2476|anil aggarwal    |manager    |sales      |05/01/59|110000
lstemp.lst:6521|lalit chowdury   |director   |marketing  |09/26/45|125000
lstemp.lst:3212|shyam saksena    |d.g.m.     |accounts   |12/12/55| 85000
lstemp.lst:
lstemp.lst:3564|sudhir Agarwal   |executive  |personnel  |07/06/47| 75000
lstemp.lst:2345|j.b. saxena      |g.m.       |marketing  |03/12/45|110000
lstemp.lst:0110|v.k agrawal      |g.m.       |marketing  |12/31/40| 95000
lstemp.lst:
lstemp.lst:6213|karuna ganguly   |g.m.       |accounts   |06/05/62|105000
lstemp.lst:1265|s.n. dasgupta    |manager    |sales      |09/12/63| 90000
lstemp.lst:
lstemp.lst:4290|jayant Choudhury |executive  |production |09/07/50| 65000
lstemp.lst:2476|anil aggarwal    |manager    |sales      |05/01/59|110000
lstemp.lst:6521|lalit chowdury   |director   |marketing  |09/26/45|125000
lstemp.lst:3212|shyam saksena    |d.g.m.     |accounts   |12/12/55| 85000
lstemp.lst:
lstemp.lst:3564|sudhir Agarwal   |executive  |personnel  |07/06/47| 75000
lstemp.lst:2345|j.b. saxena      |g.m.       |marketing  |03/12/45|110000
lstemp.lst:0110|v.k agrawal      |g.m.       |marketing  |12/31/40| 95000
lstemp.lst:
(base) ninadhegde@ninadhegde-ROG-Strix-G731GU-G731GU:~/git/lss/database$ grep -v "manager" emp.lst lstemp.lst 
emp.lst:2233|charles harris   |g.m        |sales      |12/12/52| 90000
emp.lst:9876|bill johnson     |director   |production |03/12/50|130000
emp.lst:5678|robert dylan     |d.g.m      |marketing  |04/19/43| 85000
emp.lst:2365|john woodcock    |director   |personnel  |05/11/47|120000
emp.lst:5423|barry wood       |chairman   |admin      |08/30/56|160000
emp.lst:1006|gordon 1ightfoot |director   |sales      |09/03/38|140000 
emp.lst:6213|michael lennon   |g.m.       |accounts   |06/05/62|105000 
emp.lst:4290|nei1 o'bryan     |executive  |production |09/07/50| 65000 
emp.lst:6521|derryk o'brien   |director   |marketing  |09/26/45|125000 
emp.lst:3212|bi11 wilcocks    |d.g.m.     |accounts   |12/12/55| 85000 
emp.lst:3564|ronie trueman    |executive  |personnel  |07/06/47| 75000 
emp.lst:2345|james wilcox     |g.m.       |marketing  |03/12/45|110000 
emp.lst:0110|julie truman     |g.m.       |marketing  |12/31/40| 95000
lstemp.lst:ID  |Name             |Designation|Department |DOB     |salary
lstemp.lst:2233|a.k. shukla      |g.m        |sales      |12/12/52| 90000
lstemp.lst:9876|jai sharma       |director   |production |03/12/50|130000
lstemp.lst:5678|sumit chakrobarty|d.g.m      |marketing  |04/19/43| 85000
lstemp.lst:2365|barun sengupta   |director   |personnel  |05/11/47|120000
lstemp.lst:5423|n.k. gupta       |chairman   |admin      |08/30/56|160000
lstemp.lst:1006|chanchal singhvi |director   |sales      |09/03/38|140000
lstemp.lst:
lstemp.lst:6213|karuna ganguly   |g.m.       |accounts   |06/05/62|105000 
lstemp.lst:
lstemp.lst:4290|jayant Choudhury |executive  |production |09/07/50| 65000 
lstemp.lst:6521|lalit chowdury   |director   |marketing  |09/26/45|125000
lstemp.lst:3212|shyam saksena    |d.g.m.     |accounts   |12/12/55| 85000
lstemp.lst:
lstemp.lst:3564|sudhir Agarwal   |executive  |personnel  |07/06/47| 75000
lstemp.lst:2345|j.b. saxena      |g.m.       |marketing  |03/12/45|110000
lstemp.lst:0110|v.k agrawal      |g.m.       |marketing  |12/31/40| 95000
lstemp.lst:6213|karuna ganguly   |g.m.       |accounts   |06/05/62|105000
lstemp.lst:8212|shyam saksena    |d.g.m.     |accounts   |12/12/55| 85000
lstemp.lst:
lstemp.lst:3564|sudhir Agarwal   |executive  |personnel  |07/06/47| 75000
lstemp.lst:2345|j.b. saxena      |g.m.       |marketing  |03/12/45|110000
lstemp.lst:0110|v.k agrawal      |g.m.       |marketing  |12/31/40| 95000
lstemp.lst:
lstemp.lst:6213|karuna ganguly   |g.m.       |accounts   |06/05/62|105000
lstemp.lst:
lstemp.lst:4290|jayant Choudhury |executive  |production |09/07/50| 65000
lstemp.lst:6521|lalit chowdury   |director   |marketing  |09/26/45|125000
lstemp.lst:3212|shyam saksena    |d.g.m.     |accounts   |12/12/55| 85000
lstemp.lst:
lstemp.lst:3564|sudhir Agarwal   |executive  |personnel  |07/06/47| 75000
lstemp.lst:2345|j.b. saxena      |g.m.       |marketing  |03/12/45|110000
lstemp.lst:0110|v.k agrawal      |g.m.       |marketing  |12/31/40| 95000
lstemp.lst:
lstemp.lst:6213|karuna ganguly   |g.m.       |accounts   |06/05/62|105000
lstemp.lst:
lstemp.lst:4290|jayant Choudhury |executive  |production |09/07/50| 65000
lstemp.lst:6521|lalit chowdury   |director   |marketing  |09/26/45|125000
lstemp.lst:3212|shyam saksena    |d.g.m.     |accounts   |12/12/55| 85000
lstemp.lst:
lstemp.lst:3564|sudhir Agarwal   |executive  |personnel  |07/06/47| 75000
lstemp.lst:2345|j.b. saxena      |g.m.       |marketing  |03/12/45|110000
lstemp.lst:0110|v.k agrawal      |g.m.       |marketing  |12/31/40| 95000
lstemp.lst:
(base) ninadhegde@ninadhegde-ROG-Strix-G731GU-G731GU:~/git/lss/database$ grep  "manager" emp.lst lstemp.lst 
emp.lst:1265|p.j. woodhouse   |manager    |sales      |09/12/63| 90000 
emp.lst:2476|jackie wodehouse |manager    |sales      |05/01/59|110000 
lstemp.lst:1265|s.n. dasgupta    |manager    |sales      |09/12/63| 90000
lstemp.lst:2476|anil aggarwal    |manager    |sales      |05/01/59|110000
lstemp.lst:1265|s.n. dasgupta    |manager    |sales      |09/12/63| 90000
lstemp.lst:1265|s.n. dasgupta    |manager    |sales      |09/12/63| 90000
lstemp.lst:2476|anil aggarwal    |manager    |sales      |05/01/59|110000
lstemp.lst:1265|s.n. dasgupta    |manager    |sales      |09/12/63| 90000
lstemp.lst:2476|anil aggarwal    |manager    |sales      |05/01/59|110000
(base) ninadhegde@ninadhegde-ROG-Strix-G731GU-G731GU:~/git/lss/database$ grep  "Nanager" emp.lst lstemp.lst 
(base) ninadhegde@ninadhegde-ROG-Strix-G731GU-G731GU:~/git/lss/database$ grep  "nanager" emp.lst lstemp.lst 
(base) ninadhegde@ninadhegde-ROG-Strix-G731GU-G731GU:~/git/lss/database$ grep  "nanager" emp1.lst lstemp.lst 
emp1.lst:1111|S.n. dasgupta    |nanager    |sales      |09/12/63|50000
(base) ninadhegde@ninadhegde-ROG-Strix-G731GU-G731GU:~/git/lss/database$ grep -e  "nanager" -e "damager"  emp1.lst lstemp.lst 
emp1.lst:1111|S.n. dasgupta    |nanager    |sales      |09/12/63|50000
emp1.lst:1111|S.n. dasgupta    |damager    |sales      |09/12/63|85000
(base) ninadhegde@ninadhegde-ROG-Strix-G731GU-G731GU:~/git/lss/database$ grep -e  "nanager" -e "damager" -e "sales" emp1.lst lstemp.lst 
emp1.lst:1006|chanchal singhvi |cirector   |sales      |09/03/38|140000
emp1.lst:2476|anil aggarwal    |manager    |sales      |05/01/59|110000
emp1.lst:1006|chanchal singhvi |director   |sales      |09/03/38|120000
emp1.lst:1111|s.n. dasgupta    |manager    |sales      |09/12/63|90000
emp1.lst:1111|S.n. dasgupta    |nanager    |sales      |09/12/63|50000
emp1.lst:1111|S.n. dasgupta    |damager    |sales      |09/12/63|85000
emp1.lst:2476|anil aggarwal    |manager    |sales      |05/01/59|110000
lstemp.lst:2233|a.k. shukla      |g.m        |sales      |12/12/52| 90000
lstemp.lst:1006|chanchal singhvi |director   |sales      |09/03/38|140000
lstemp.lst:1265|s.n. dasgupta    |manager    |sales      |09/12/63| 90000
lstemp.lst:2476|anil aggarwal    |manager    |sales      |05/01/59|110000
lstemp.lst:1265|s.n. dasgupta    |manager    |sales      |09/12/63| 90000
lstemp.lst:1265|s.n. dasgupta    |manager    |sales      |09/12/63| 90000
lstemp.lst:2476|anil aggarwal    |manager    |sales      |05/01/59|110000
lstemp.lst:1265|s.n. dasgupta    |manager    |sales      |09/12/63| 90000
lstemp.lst:2476|anil aggarwal    |manager    |sales      |05/01/59|110000
(base) ninadhegde@ninadhegde-ROG-Strix-G731GU-G731GU:~/git/lss/database$ 

