Arithmetic ops 
relational 
logical


if 
elif

case

`expr `

loops
while
for




4 example for all 3 ctrl stmt





























=============================================================================================================================================================


(base) ninadhegde@ninadhegde-ROG-Strix-G731GU-G731GU:~$ cd
(base) ninadhegde@ninadhegde-ROG-Strix-G731GU-G731GU:~$ ls
anaconda3  Desktop  Documents  Downloads  git  hi  lss  Music  oops  Pictures  Public  sample  shell_scripting_codes_git  snap  Templates  typescript  Videos  wap
(base) ninadhegde@ninadhegde-ROG-Strix-G731GU-G731GU:~$ cd git
(base) ninadhegde@ninadhegde-ROG-Strix-G731GU-G731GU:~/git$ cd lss
(base) ninadhegde@ninadhegde-ROG-Strix-G731GU-G731GU:~/git/lss$ ls
'01_03_lss .txt'      14_02_lss.txt                  21_02_lss.txt      assignment.txt         hello.py    remote_file.txt   script0.txt                test_shell_script
 07_03_lss.txt       '14_03_lss  Shell script.txt'  '22_02_lss .txt'    garbage.txt            lss         script01.sh       script_test                Topics.txt
 14_02_lss_long.txt   15_02_lss.txt                 '28_02_lss  .txt'  'Git from step 0.txt'   README.md   script02.sh       shell-scripting-tutorial
(base) ninadhegde@ninadhegde-ROG-Strix-G731GU-G731GU:~/git/lss$ cd shell-scripting-tutorial/
(base) ninadhegde@ninadhegde-ROG-Strix-G731GU-G731GU:~/git/lss/shell-scripting-tutorial$ .
bash: .: filename argument required
.: usage: . filename [arguments]
(base) ninadhegde@ninadhegde-ROG-Strix-G731GU-G731GU:~/git/lss/shell-scripting-tutorial$ ./A
Arthemetic-Operators.sh  AutomateLoginSSH.sh      AWS/                     
(base) ninadhegde@ninadhegde-ROG-Strix-G731GU-G731GU:~/git/lss/shell-scripting-tutorial$ ./Arthemetic-Operators.sh 
Please enter some value: 5
Please enter another value: 6
Please enter another value: 8
a+b value is 11
a-b=5 value is 0
axb value is 30
a/b value is 0
a%b value is 5
expression evaluation 5
Completed successfully
(base) ninadhegde@ninadhegde-ROG-Strix-G731GU-G731GU:~/git/lss/shell-scripting-tutorial$ ./Arthemetic-Operators.sh 
Please enter some value: 1
Please enter another value: 2
Please enter another value: 3
a+b value is 3
a-b=5 value is -4
axb value is 2
a/b value is 0
a%b value is 1
expression evaluation 1
Completed successfully
(base) ninadhegde@ninadhegde-ROG-Strix-G731GU-G731GU:~/git/lss/shell-scripting-tutorial$ ./Logical-operators.sh 
Enter Your Maths Subject Marks: ^[[A^[[2~
Enter Your Physics Subject Marks: ^[[C^[[E
Enter Your Chemistry Subject Marks: ^[[: integer expression expected
Sorry You not upto mark in one of +he subject
+/Logical-operators.sh: line 25: (                    +
+/3 : syntax error: operand expected (error token is "
)/3 ")
(base) ninadhegde@ninadhegde-ROG-Strix-G731GU-G731GU:~/git/lss/shell-scripting-tutorial$ ./Logical-operators.sh 
Enter Your Maths Subject Marks: 82
Enter Your Physics Subject Marks: 65
Enter Your Chemistry Subject Marks: 85
Congratulations, You have passed in all subjects
Aveage= 77
(base) ninadhegde@ninadhegde-ROG-Strix-G731GU-G731GU:~/git/lss/shell-scripting-tutorial$ ./Logical-operators.sh 
Enter Your Maths Subject Marks: 1
Enter Your Physics Subject Marks: 1
Enter Your Chemistry Subject Marks: 1
Sorry You not upto mark in one of the subject
Aveage= 1
(base) ninadhegde@ninadhegde-ROG-Strix-G731GU-G731GU:~/git/lss/shell-scripting-tutorial$ ./Logical-operators.sh 
Enter Your Maths Subject Marks: 5
Enter Your Physics Subject Marks: 6
Enter Your Chemistry Subject Marks: 3
Sorry You not upto mark in one of the subject
./Logical-operators.sh: line 24: syntax error near unexpected token `('
./Logical-operators.sh: line 24: `$avg=(( ($m+$p+$c)/3 ))'
(base) ninadhegde@ninadhegde-ROG-Strix-G731GU-G731GU:~/git/lss/shell-scripting-tutorial$ ./Logical-operators.sh 
Enter Your Maths Subject Marks: 58
Enter Your Physics Subject Marks: 69
Enter Your Chemistry Subject Marks: 33
Sorry You not upto mark in one of the subject
./Logical-operators.sh: line 24: syntax error near unexpected token `$m+$p+$c'
./Logical-operators.sh: line 24: `$avg=($m+$p+$c)/3'
(base) ninadhegde@ninadhegde-ROG-Strix-G731GU-G731GU:~/git/lss/shell-scripting-tutorial$ ./Logical-operators.sh 
Enter Your Maths Subject Marks: 8
Enter Your Physics Subject Marks: 5
Enter Your Chemistry Subject Marks: 2
Sorry You not upto mark in one of the subject
./Logical-operators.sh: line 24: syntax error near unexpected token `('
./Logical-operators.sh: line 24: `$avg=( ($m+$p+$c)/3)'
(base) ninadhegde@ninadhegde-ROG-Strix-G731GU-G731GU:~/git/lss/shell-scripting-tutorial$ ./Logical-operators.sh 
Enter Your Maths Subject Marks: 5
Enter Your Physics Subject Marks: 6
Enter Your Chemistry Subject Marks: 3
Sorry You not upto mark in one of the subject
./Logical-operators.sh: line 24: syntax error near unexpected token `$m+$p+$c'
./Logical-operators.sh: line 24: `$avg=($m+$p+$c)/3'
(base) ninadhegde@ninadhegde-ROG-Strix-G731GU-G731GU:~/git/lss/shell-scripting-tutorial$ ./Logical-operators.sh 
Enter Your Maths Subject Marks: 8
Enter Your Physics Subject Marks: 6
Enter Your Chemistry Subject Marks: 3
Sorry You not upto mark in one of the subject
./Logical-operators.sh: line 24: =expr5: command not found
Aveage= 
(base) ninadhegde@ninadhegde-ROG-Strix-G731GU-G731GU:~/git/lss/shell-scripting-tutorial$ ./Logical-operators.sh 
Enter Your Maths Subject Marks: 8
Enter Your Physics Subject Marks: 5
Enter Your Chemistry Subject Marks: 6
Sorry You not upto mark in one of the subject
./Logical-operators.sh: line 24: =6: command not found
Aveage= 
(base) ninadhegde@ninadhegde-ROG-Strix-G731GU-G731GU:~/git/lss/shell-scripting-tutorial$ ./Logical-operators.sh 
Enter Your Maths Subject Marks: 5
Enter Your Physics Subject Marks: 3
Enter Your Chemistry Subject Marks: 1
Sorry You not upto mark in one of the subject
./Logical-operators.sh: line 24: syntax error near unexpected token `$m'
./Logical-operators.sh: line 24: `$avg=expr($m + $p + $c)/3'
(base) ninadhegde@ninadhegde-ROG-Strix-G731GU-G731GU:~/git/lss/shell-scripting-tutorial$ ./Logical-operators.sh 
Enter Your Maths Subject Marks: 5
Enter Your Physics Subject Marks: 4
Enter Your Chemistry Subject Marks: 85
Sorry You not upto mark in one of the subject
./Logical-operators.sh: line 24: syntax error near unexpected token `$m'
./Logical-operators.sh: line 24: `$avg=expr( $m + $p + $c ) / 3'
(base) ninadhegde@ninadhegde-ROG-Strix-G731GU-G731GU:~/git/lss/shell-scripting-tutorial$ ./Logical-operators.sh 
Enter Your Maths Subject Marks: 3
Enter Your Physics Subject Marks: 2
Enter Your Chemistry Subject Marks: 3
Sorry You not upto mark in one of the subject
./Logical-operators.sh: command substitution: line 24: syntax error near unexpected token `$m'
./Logical-operators.sh: command substitution: line 24: `expr( $m + $p + $c ) / 3'
./Logical-operators.sh: line 24: =: command not found
Aveage= 
(base) ninadhegde@ninadhegde-ROG-Strix-G731GU-G731GU:~/git/lss/shell-scripting-tutorial$ ./arithmetic.sh 
Enter value: 5
Enter value: 2
addition values 7
minus values 3
multiplied by values 10
devided by values 2
remainder values 1
addition values 7
Completed Sucessfully
*
(base) ninadhegde@ninadhegde-ROG-Strix-G731GU-G731GU:~/git/lss/shell-scripting-tutorial$ ./arithmetic.sh 
Enter value: 5
Enter value: 2
addition values 7
minus values 3
expr: syntax error: unexpected argument ‘1forloop.sh’
multiplied by values 
devided by values 2
remainder values 1
addition values 7
Completed Sucessfully
*
(base) ninadhegde@ninadhegde-ROG-Strix-G731GU-G731GU:~/git/lss/shell-scripting-tutorial$ echo "$1" 12
 12
(base) ninadhegde@ninadhegde-ROG-Strix-G731GU-G731GU:~/git/lss/shell-scripting-tutorial$ echo "$2 $1" 12 23
  12 23
(base) ninadhegde@ninadhegde-ROG-Strix-G731GU-G731GU:~/git/lss/shell-scripting-tutorial$ echo "$2 $1" 12 23 3
  12 23 3
(base) ninadhegde@ninadhegde-ROG-Strix-G731GU-G731GU:~/git/lss/shell-scripting-tutorial$ echo "$1" 12 23 3
 12 23 3
(base) ninadhegde@ninadhegde-ROG-Strix-G731GU-G731GU:~/git/lss/shell-scripting-tutorial$ echo "$2" 12 23 3
 12 23 3
(base) ninadhegde@ninadhegde-ROG-Strix-G731GU-G731GU:~/git/lss/shell-scripting-tutorial$ echo "$0" 12 23 3
bash 12 23 3
(base) ninadhegde@ninadhegde-ROG-Strix-G731GU-G731GU:~/git/lss/shell-scripting-tutorial$ echo "$0"
bash
(base) ninadhegde@ninadhegde-ROG-Strix-G731GU-G731GU:~/git/lss/shell-scripting-tutorial$ echo "$1"

(base) ninadhegde@ninadhegde-ROG-Strix-G731GU-G731GU:~/git/lss/shell-scripting-tutorial$ echo "$1" 1
 1
(base) ninadhegde@ninadhegde-ROG-Strix-G731GU-G731GU:~/git/lss/shell-scripting-tutorial$ echo "$1" *
 1forloop.sh 1function.sh add.sh agtb.sh answers.sh arithmetic.sh arkit.co.in-nested-if.sh array.sh Arthemetic-Operators.sh AutomateLoginSSH.sh AWS casestatement.sh collectroothistory.sh continue.sh convert_and_update_mysql.sh countargs.sh cpualert.sh CpuMemDisk.sh details.sh diskspace.sh echo.sh eval.sh for-loop.sh functions.sh generate_win_host_config.sh getopts.sh helloworld.sh heredoc.sh hi.sh if-elif-if.sh if-else-statement.sh ifs.sh if-statement.sh info.sh Logical-operators.sh memusage.sh morethanxdays.sh multiplication.sh myfirstscript.sh nestedif.sh or-operator.sh oroper.sh questions.sh quotes.sh README.md relationaloper.sh remoteload.sh setbashfeature.sh shiftparameters.sh spacialvariables.sh systemload.sh uadd.sh ud.sh untiloop.sh useradd.sh userexists.sh variables.sh webserver_ubuntu.sh while-loop.sh
(base) ninadhegde@ninadhegde-ROG-Strix-G731GU-G731GU:~/git/lss/shell-scripting-tutorial$ 
(base) ninadhegde@ninadhegde-ROG-Strix-G731GU-G731GU:~/git/lss/shell-scripting-tutorial$ ./if
if-elif-if.sh         if-else-statement.sh  ifs.sh                if-statement.sh       
(base) ninadhegde@ninadhegde-ROG-Strix-G731GU-G731GU:~/git/lss/shell-scripting-tutorial$ ./if-elif-if.sh 
Please Enter a Value: 8
Please Enter b Value: 6
Please Enter c Value: 3
Please Enter d Value: 5
8 a is big
(base) ninadhegde@ninadhegde-ROG-Strix-G731GU-G731GU:~/git/lss/shell-scripting-tutorial$ ./if-elif-if.sh 
Please Enter a Value: 2
Please Enter b Value: 9
Please Enter c Value: -9
Please Enter d Value: 893
893 d is big
(base) ninadhegde@ninadhegde-ROG-Strix-G731GU-G731GU:~/git/lss/shell-scripting-tutorial$ ./if-elif-if.sh 
Please Enter a Value: .2
Please Enter b Value: .3
Please Enter c Value: 68
Please Enter d Value: 10053.36554
./if-elif-if.sh: line 18: [: .2: integer expression expected
./if-elif-if.sh: line 20: [: .3: integer expression expected
./if-elif-if.sh: line 22: [: 10053.36554: integer expression expected
10053.36554 d is big
(base) ninadhegde@ninadhegde-ROG-Strix-G731GU-G731GU:~/git/lss/shell-scripting-tutorial$ ./if-elif-if.sh 
Please Enter a Value: 1.2
Please Enter b Value: 1.3
Please Enter c Value: 1..5
Please Enter d Value: 1.3
./if-elif-if.sh: line 18: [: 1.2: integer expression expected
./if-elif-if.sh: line 20: [: 1.3: integer expression expected
./if-elif-if.sh: line 22: [: 1..5: integer expression expected
1.3 d is big
(base) ninadhegde@ninadhegde-ROG-Strix-G731GU-G731GU:~/git/lss/shell-scripting-tutorial$ ./if-elif-if.sh 
Please Enter a Value: 852
Please Enter b Value: 963
Please Enter c Value: 741
Please Enter d Value: 
./if-elif-if.sh: line 18: [: syntax error: `-gt' unexpected
./if-elif-if.sh: line 20: [: syntax error: `-gt' unexpected
./if-elif-if.sh: line 22: [: 741: unary operator expected
 d is big
(base) ninadhegde@ninadhegde-ROG-Strix-G731GU-G731GU:~/git/lss/shell-scripting-tutorial$ ./if-elif-if.sh 
Please Enter a Value: 1
Please Enter b Value: 2
Please Enter c Value: 3
Please Enter d Value: 4
4 d is big
(base) ninadhegde@ninadhegde-ROG-Strix-G731GU-G731GU:~/git/lss/shell-scripting-tutorial$ ./if-elif-if.sh 
Please Enter a Value: 12
Please Enter b Value: 23
Please Enter c Value: 
Please Enter d Value: 
./if-elif-if.sh: line 18: [: -a: integer expression expected
./if-elif-if.sh: line 20: [: -a: integer expression expected
 c is big
(base) ninadhegde@ninadhegde-ROG-Strix-G731GU-G731GU:~/git/lss/shell-scripting-tutorial$ ./grt_3_if.sh 
Please Enter a Value: 8
Please Enter b Value: 6
Please Enter c Value: 1
./grt_3_if.sh: line 10: [8: command not found
./grt_3_if.sh: line 12: [6: command not found
C is greatest = 1
(base) ninadhegde@ninadhegde-ROG-Strix-G731GU-G731GU:~/git/lss/shell-scripting-tutorial$ ./grt_3_if.sh 
Please Enter a Value: 8
Please Enter b Value: 6
Please Enter c Value: 3
./grt_3_if.sh: line 10: [8: command not found
./grt_3_if.sh: line 12: [6: command not found
C is greatest = 3
(base) ninadhegde@ninadhegde-ROG-Strix-G731GU-G731GU:~/git/lss/shell-scripting-tutorial$ ./grt_3_if.sh 
Please Enter a Value: 4
Please Enter b Value: 5
Please Enter c Value: 1
./grt_3_if.sh: line 12: [5: command not found
C is greatest = 1
(base) ninadhegde@ninadhegde-ROG-Strix-G731GU-G731GU:~/git/lss/shell-scripting-tutorial$ ./grt_3_if.sh 
Please Enter a Value: 5
Please Enter b Value: 6
Please Enter c Value: 9
./grt_3_if.sh: line 12: [6: command not found
C is greatest = 9
(base) ninadhegde@ninadhegde-ROG-Strix-G731GU-G731GU:~/git/lss/shell-scripting-tutorial$ ./grt_3_if.sh 
Please Enter a Value: 53
Please Enter b Value: 56
Please Enter c Value: 99
C is greatest = 99
(base) ninadhegde@ninadhegde-ROG-Strix-G731GU-G731GU:~/git/lss/shell-scripting-tutorial$ ./grt_3_if.sh 
Please Enter a Value: 8
Please Enter b Value: 3
Please Enter c Value: 6
A is greatest = 8
(base) ninadhegde@ninadhegde-ROG-Strix-G731GU-G731GU:~/git/lss/shell-scripting-tutorial$ ./grt_3_if.sh 
Please Enter a Value: 8
Please Enter b Value: 56
Please Enter c Value: 3
B is greatest = 56
(base) ninadhegde@ninadhegde-ROG-Strix-G731GU-G731GU:~/git/lss/shell-scripting-tutorial$ ./grt_3_if.sh 
Please Enter a Value: 2
Please Enter b Value: 3
Please Enter c Value: 66
C is greatest = 66
(base) ninadhegde@ninadhegde-ROG-Strix-G731GU-G731GU:~/git/lss/shell-scripting-tutorial$ ./grt_3_if.sh 
Please Enter a Value: 3
Please Enter b Value: 2
Please Enter c Value: 66
C is greatest = 66
(base) ninadhegde@ninadhegde-ROG-Strix-G731GU-G731GU:~/git/lss/shell-scripting-tutorial$ ./relationaloper.sh 
Please provide one number: 1
Please provide one number: 2
0
0
1
1
1
0
(base) ninadhegde@ninadhegde-ROG-Strix-G731GU-G731GU:~/git/lss/shell-scripting-tutorial$ ./relationaloper.sh 
Please provide one number: 0
Please provide one number: 0
1
0
1
0
0
1
(base) ninadhegde@ninadhegde-ROG-Strix-G731GU-G731GU:~/git/lss/shell-scripting-tutorial$ ./relationaloper.sh 
Please provide one number: 2
Please provide one number: 3
0
0
1
1
0
0
(base) ninadhegde@ninadhegde-ROG-Strix-G731GU-G731GU:~/git/lss/shell-scripting-tutorial$ ./relationaloper.sh 
Please provide one number: 1
Please provide one number: 2
0
0
1
1
0
0
(base) ninadhegde@ninadhegde-ROG-Strix-G731GU-G731GU:~/git/lss/shell-scripting-tutorial$ ./relationaloper.sh 
Please provide one number: 1
Please provide one number: 1
1
0
1
0
0
1
(base) ninadhegde@ninadhegde-ROG-Strix-G731GU-G731GU:~/git/lss/shell-scripting-tutorial$ ./relationaloper.sh 
Please provide one number: 1
Please provide one number: 2
0
0
1
1
0
0
(base) ninadhegde@ninadhegde-ROG-Strix-G731GU-G731GU:~/git/lss/shell-scripting-tutorial$ ./relationaloper.sh 
Please provide one number: 1
Please provide one number: 1
1
0
1
0
0
1
./relationaloper.sh: line 20: 1 -eq 1 : syntax error in expression (error token is "1 ")
(base) ninadhegde@ninadhegde-ROG-Strix-G731GU-G731GU:~/git/lss/shell-scripting-tutorial$ ./relationaloper.sh 
Please provide one number: 1
Please provide one number: 1
1
0
1
0
0
1
./relationaloper.sh: line 20: 1 -eq 1: syntax error in expression (error token is "1")
(base) ninadhegde@ninadhegde-ROG-Strix-G731GU-G731GU:~/git/lss/shell-scripting-tutorial$ ./relationaloper.sh 
Please provide one number: 2
Please provide one number: 1
1
1
0
0
0
0
./relationaloper.sh: line 20: 2 -eq 1: syntax error in expression (error token is "1")
(base) ninadhegde@ninadhegde-ROG-Strix-G731GU-G731GU:~/git/lss/shell-scripting-tutorial$ ./relationaloper.sh 
Please provide one number: 1
Please provide one number: 1
1
0
1
0
0
1
./relationaloper.sh: line 20: (1 -eq 1) : missing `)' (error token is "1) ")
(base) ninadhegde@ninadhegde-ROG-Strix-G731GU-G731GU:~/git/lss/shell-scripting-tutorial$ ./relationaloper.sh 
Please provide one number: 1
Please provide one number: 1
1
0
1
0
0
1
--------- [ 1 -eq 1 ]
(base) ninadhegde@ninadhegde-ROG-Strix-G731GU-G731GU:~/git/lss/shell-scripting-tutorial$ ./relationaloper.sh 
Please provide one number: 1
Please provide one number: 1
1
0
1
0
0
1
--------- 
(base) ninadhegde@ninadhegde-ROG-Strix-G731GU-G731GU:~/git/lss/shell-scripting-tutorial$ ./grt_3_if.sh 
Please Enter a Value: 1
Please Enter b Value: 2
Please Enter c Value: 2
C is greatest = 2
(base) ninadhegde@ninadhegde-ROG-Strix-G731GU-G731GU:~/git/lss/shell-scripting-tutorial$ ./relationaloper.sh 
Please provide one number: 1       
Please provide one number: 1
1
0
1
0
0
1
expr: syntax error: unexpected argument ‘-eq’
--------- 
(base) ninadhegde@ninadhegde-ROG-Strix-G731GU-G731GU:~/git/lss/shell-scripting-tutorial$ ./relationaloper.sh ]
Please provide one number: 5
Please provide one number: 1
1
1
0
0
0
0
./relationaloper.sh: line 21: =[: command not found
--------- 
(base) ninadhegde@ninadhegde-ROG-Strix-G731GU-G731GU:~/git/lss/shell-scripting-tutorial$ ./relationaloper.sh ]
Please provide one number: 5
Please provide one number: 1
1
1
0
0
0
0
(base) ninadhegde@ninadhegde-ROG-Strix-G731GU-G731GU:~/git/lss/shell-scripting-tutorial$ ./relationaloper.sh ]
Please provide one number: 2
Please provide one number: 2
1
0
1
0
0
1
---------Equal 
(base) ninadhegde@ninadhegde-ROG-Strix-G731GU-G731GU:~/git/lss/shell-scripting-tutorial$ ./relationaloper.sh ]
Please provide one number: 
Please provide one number: 
0
0
0
0
0
0
---------Equal 
(base) ninadhegde@ninadhegde-ROG-Strix-G731GU-G731GU:~/git/lss/shell-scripting-tutorial$ ./relationaloper.sh ]
Please provide one number: 1
Please provide one number: 1
1
0
1
0
0
1
---------Equal 
(base) ninadhegde@ninadhegde-ROG-Strix-G731GU-G731GU:~/git/lss/shell-scripting-tutorial$ ./relationaloper.sh ]
Please provide one number: 1
Please provide one number: 2
0
0
1
1
0
0
Not equal
(base) ninadhegde@ninadhegde-ROG-Strix-G731GU-G731GU:~/git/lss/shell-scripting-tutorial$ ./relationaloper.sh ]
Please provide one number: 5
Please provide one number: 5
1
0
1
0
0
1
---------Equal 
(base) ninadhegde@ninadhegde-ROG-Strix-G731GU-G731GU:~/git/lss/shell-scripting-tutorial$ ./relationaloper.sh ]
Please provide one number: 2
Please provide one number: 2
1
0
1
0
0
1
---------Equal 
(base) ninadhegde@ninadhegde-ROG-Strix-G731GU-G731GU:~/git/lss/shell-scripting-tutorial$ ./relationaloper.sh ]
Please provide one number: 1
Please provide one number: 1
1
0
1
0
eq? :0
Not eq? : 1
---------Equal 
(base) ninadhegde@ninadhegde-ROG-Strix-G731GU-G731GU:~/git/lss/shell-scripting-tutorial$ 
(base) ninadhegde@ninadhegde-ROG-Strix-G731GU-G731GU:~/git/lss/shell-scripting-tutorial$ ./relationaloper.sh
Please provide one number: 1
Please provide one number: 1
1
0
1
0
eq? :0
Not eq? : 1
---------Equal 
(base) ninadhegde@ninadhegde-ROG-Strix-G731GU-G731GU:~/git/lss/shell-scripting-tutorial$ ./relationaloper.sh
Please provide one number: 1
Please provide one number: 2
0
0
1
1
eq? :1
Not eq? : 0
Not equal
(base) ninadhegde@ninadhegde-ROG-Strix-G731GU-G731GU:~/git/lss/shell-scripting-tutorial$ 3*5
3*5: command not found
(base) ninadhegde@ninadhegde-ROG-Strix-G731GU-G731GU:~/git/lss/shell-scripting-tutorial$ 3\*5
3*5: command not found
(base) ninadhegde@ninadhegde-ROG-Strix-G731GU-G731GU:~/git/lss/shell-scripting-tutorial$ echo "3\*5"
3\*5
(base) ninadhegde@ninadhegde-ROG-Strix-G731GU-G731GU:~/git/lss/shell-scripting-tutorial$ echo "expr`3\*5`"
3*5: command not found
expr
(base) ninadhegde@ninadhegde-ROG-Strix-G731GU-G731GU:~/git/lss/shell-scripting-tutorial$ echo "`expr 3\*5`"
3*5
(base) ninadhegde@ninadhegde-ROG-Strix-G731GU-G731GU:~/git/lss/shell-scripting-tutorial$ echo "`expr 3*5`"
3*5
(base) ninadhegde@ninadhegde-ROG-Strix-G731GU-G731GU:~/git/lss/shell-scripting-tutorial$ echo "`expr 3\*5`"
3*5
(base) ninadhegde@ninadhegde-ROG-Strix-G731GU-G731GU:~/git/lss/shell-scripting-tutorial$ echo "`*`"
1forloop.sh: command not found

(base) ninadhegde@ninadhegde-ROG-Strix-G731GU-G731GU:~/git/lss/shell-scripting-tutorial$ echo "`expr 3 \* 5`"
15
(base) ninadhegde@ninadhegde-ROG-Strix-G731GU-G731GU:~/git/lss/shell-scripting-tutorial$ echo "`expr 3* 5`"
expr: syntax error: unexpected argument ‘5’

(base) ninadhegde@ninadhegde-ROG-Strix-G731GU-G731GU:~/git/lss/shell-scripting-tutorial$ echo "`expr 3 * 5`"
expr: syntax error: unexpected argument ‘1forloop.sh’

(base) ninadhegde@ninadhegde-ROG-Strix-G731GU-G731GU:~/git/lss/shell-scripting-tutorial$ echo "`expr 3*5`"
3*5
(base) ninadhegde@ninadhegde-ROG-Strix-G731GU-G731GU:~/git/lss/shell-scripting-tutorial$ echo "`expr  * `"
expr: syntax error: unexpected argument ‘1function.sh’

(base) ninadhegde@ninadhegde-ROG-Strix-G731GU-G731GU:~/git/lss/shell-scripting-tutorial$ echo "` * `"
1forloop.sh: command not found

(base) ninadhegde@ninadhegde-ROG-Strix-G731GU-G731GU:~/git/lss/shell-scripting-tutorial$ echo "$* "
 
(base) ninadhegde@ninadhegde-ROG-Strix-G731GU-G731GU:~/git/lss/shell-scripting-tutorial$ echo *
1forloop.sh 1function.sh add.sh agtb.sh answers.sh arithmetic.sh arkit.co.in-nested-if.sh array.sh Arthemetic-Operators.sh AutomateLoginSSH.sh AWS casestatement.sh collectroothistory.sh continue.sh convert_and_update_mysql.sh countargs.sh cpualert.sh CpuMemDisk.sh details.sh diskspace.sh echo.sh eval.sh for-loop.sh functions.sh generate_win_host_config.sh getopts.sh grt_3_if.sh helloworld.sh heredoc.sh hi.sh if-elif-if.sh if-else-statement.sh ifs.sh if-statement.sh info.sh Logical-operators.sh memusage.sh morethanxdays.sh multiplication.sh myfirstscript.sh nestedif.sh or-operator.sh oroper.sh questions.sh quotes.sh README.md relationaloper.sh remoteload.sh setbashfeature.sh shiftparameters.sh spacialvariables.sh systemload.sh uadd.sh ud.sh untiloop.sh useradd.sh userexists.sh variables.sh webserver_ubuntu.sh while-loop.sh
(base) ninadhegde@ninadhegde-ROG-Strix-G731GU-G731GU:~/git/lss/shell-scripting-tutorial$ echo $*

(base) ninadhegde@ninadhegde-ROG-Strix-G731GU-G731GU:~/git/lss/shell-scripting-tutorial$ echo $0
bash
(base) ninadhegde@ninadhegde-ROG-Strix-G731GU-G731GU:~/git/lss/shell-scripting-tutorial$ echo $$
4012
(base) ninadhegde@ninadhegde-ROG-Strix-G731GU-G731GU:~/git/lss/shell-scripting-tutorial$ echo $#
0
(base) ninadhegde@ninadhegde-ROG-Strix-G731GU-G731GU:~/git/lss/shell-scripting-tutorial$ echo "`expr 3+5`"
3+5
(base) ninadhegde@ninadhegde-ROG-Strix-G731GU-G731GU:~/git/lss/shell-scripting-tutorial$ echo "`expr 3 + 5`"
8
(base) ninadhegde@ninadhegde-ROG-Strix-G731GU-G731GU:~/git/lss/shell-scripting-tutorial$ echo "`expr 3 ++ 5`"
expr: syntax error: unexpected argument ‘++’

(base) ninadhegde@ninadhegde-ROG-Strix-G731GU-G731GU:~/git/lss/shell-scripting-tutorial$ echo "`expr 3 + 5`"
8
(base) ninadhegde@ninadhegde-ROG-Strix-G731GU-G731GU:~/git/lss/shell-scripting-tutorial$ echo .
.
(base) ninadhegde@ninadhegde-ROG-Strix-G731GU-G731GU:~/git/lss/shell-scripting-tutorial$ echo ..
..
(base) ninadhegde@ninadhegde-ROG-Strix-G731GU-G731GU:~/git/lss/shell-scripting-tutorial$ ..
..: command not found
(base) ninadhegde@ninadhegde-ROG-Strix-G731GU-G731GU:~/git/lss/shell-scripting-tutorial$ cat ..
cat: ..: Is a directory
(base) ninadhegde@ninadhegde-ROG-Strix-G731GU-G731GU:~/git/lss/shell-scripting-tutorial$ cat .
cat: .: Is a directory
(base) ninadhegde@ninadhegde-ROG-Strix-G731GU-G731GU:~/git/lss/shell-scripting-tutorial$ echo "`expr "oollaala":'.*'`"
oollaala:.*
(base) ninadhegde@ninadhegde-ROG-Strix-G731GU-G731GU:~/git/lss/shell-scripting-tutorial$ echo "`expr "oollaala" : '.*'`"
8
(base) ninadhegde@ninadhegde-ROG-Strix-G731GU-G731GU:~/git/lss/shell-scripting-tutorial$ echo "`expr "oollaalllla" : '.*'`"
11
(base) ninadhegde@ninadhegde-ROG-Strix-G731GU-G731GU:~/git/lss/shell-scripting-tutorial$ echo "`expr "hooooo" : '.*'`"
6
(base) ninadhegde@ninadhegde-ROG-Strix-G731GU-G731GU:~/git/lss/shell-scripting-tutorial$ echo "`expr 3 -nq 5`"
expr: syntax error: unexpected argument ‘-nq’

(base) ninadhegde@ninadhegde-ROG-Strix-G731GU-G731GU:~/git/lss/shell-scripting-tutorial$ echo "`expr 3 -ne 5`"
expr: syntax error: unexpected argument ‘-ne’

(base) ninadhegde@ninadhegde-ROG-Strix-G731GU-G731GU:~/git/lss/shell-scripting-tutorial$ echo "`expr 3 -eq 5`"
expr: syntax error: unexpected argument ‘-eq’

(base) ninadhegde@ninadhegde-ROG-Strix-G731GU-G731GU:~/git/lss/shell-scripting-tutorial$ 
(base) ninadhegde@ninadhegde-ROG-Strix-G731GU-G731GU:~/git/lss/shell-scripting-tutorial$ echo "`expr 3 -nq 5`"
expr: syntax error: unexpected argument ‘-nq’

(base) ninadhegde@ninadhegde-ROG-Strix-G731GU-G731GU:~/git/lss/shell-scripting-tutorial$ echo "`expr 3 -ne 5`"
expr: syntax error: unexpected argument ‘-ne’

(base) ninadhegde@ninadhegde-ROG-Strix-G731GU-G731GU:~/git/lss/shell-scripting-tutorial$ echo "`expr 3 -eq 5`"
expr: syntax error: unexpected argument ‘-eq’

(base) ninadhegde@ninadhegde-ROG-Strix-G731GU-G731GU:~/git/lss/shell-scripting-tutorial$ echo "Hellooo" > /dev/tty
Hellooo
(base) ninadhegde@ninadhegde-ROG-Strix-G731GU-G731GU:~/git/lss/shell-scripting-tutorial$  "Hellooo" > /dev/tty
Hellooo: command not found
(base) ninadhegde@ninadhegde-ROG-Strix-G731GU-G731GU:~/git/lss/shell-scripting-tutorial$ echo "Hellooo" >> /dev/tty
Hellooo
(base) ninadhegde@ninadhegde-ROG-Strix-G731GU-G731GU:~/git/lss/shell-scripting-tutorial$ echo "Hello0oo" >> /dev/tty
Hello0oo
(base) ninadhegde@ninadhegde-ROG-Strix-G731GU-G731GU:~/git/lss/shell-scripting-tutorial$ ./
1forloop.sh                  AutomateLoginSSH.sh          details.sh                   grt_3_if.sh                  Logical-operators.sh         quotes.sh                    ud.sh
1function.sh                 AWS/                         diskspace.sh                 helloworld.sh                memusage.sh                  README.md                    untiloop.sh
add.sh                       casestatement.sh             echo.sh                      heredoc.sh                   morethanxdays.sh             relationaloper.sh            useradd.sh
agtb.sh                      collectroothistory.sh        eval.sh                      hi.sh                        multiplication.sh            remoteload.sh                userexists.sh
answers.sh                   continue.sh                  for-loop.sh                  if-elif-if.sh                myfirstscript.sh             setbashfeature.sh            variables.sh
arithmetic.sh                convert_and_update_mysql.sh  for-loop simple.sh           if-else-statement.sh         nestedif.sh                  shiftparameters.sh           webserver_ubuntu.sh
arkit.co.in-nested-if.sh     countargs.sh                 functions.sh                 ifs.sh                       or-operator.sh               spacialvariables.sh          while-loop.sh
array.sh                     cpualert.sh                  generate_win_host_config.sh  if-statement.sh              oroper.sh                    systemload.sh                
Arthemetic-Operators.sh      CpuMemDisk.sh                getopts.sh                   info.sh                      questions.sh                 uadd.sh                      
(base) ninadhegde@ninadhegde-ROG-Strix-G731GU-G731GU:~/git/lss/shell-scripting-tutorial$ ./
1forloop.sh                  AutomateLoginSSH.sh          details.sh                   grt_3_if.sh                  Logical-operators.sh         quotes.sh                    ud.sh
1function.sh                 AWS/                         diskspace.sh                 helloworld.sh                memusage.sh                  README.md                    untiloop.sh
add.sh                       casestatement.sh             echo.sh                      heredoc.sh                   morethanxdays.sh             relationaloper.sh            useradd.sh
agtb.sh                      collectroothistory.sh        eval.sh                      hi.sh                        multiplication.sh            remoteload.sh                userexists.sh
answers.sh                   continue.sh                  for-loop.sh                  if-elif-if.sh                myfirstscript.sh             setbashfeature.sh            variables.sh
arithmetic.sh                convert_and_update_mysql.sh  for-loop simple.sh           if-else-statement.sh         nestedif.sh                  shiftparameters.sh           webserver_ubuntu.sh
arkit.co.in-nested-if.sh     countargs.sh                 functions.sh                 ifs.sh                       or-operator.sh               spacialvariables.sh          while-loop.sh
array.sh                     cpualert.sh                  generate_win_host_config.sh  if-statement.sh              oroper.sh                    systemload.sh                
Arthemetic-Operators.sh      CpuMemDisk.sh                getopts.sh                   info.sh                      questions.sh                 uadd.sh                      
(base) ninadhegde@ninadhegde-ROG-Strix-G731GU-G731GU:~/git/lss/shell-scripting-tutorial$ ./f
for-loop.sh         for-loop simple.sh  functions.sh        
(base) ninadhegde@ninadhegde-ROG-Strix-G731GU-G731GU:~/git/lss/shell-scripting-tutorial$ ./for-loop s
setbashfeature.sh    shiftparameters.sh   spacialvariables.sh  systemload.sh        
(base) ninadhegde@ninadhegde-ROG-Strix-G731GU-G731GU:~/git/lss/shell-scripting-tutorial$ ./for-loop\ simple.sh 
1
2
3
4
5
6
7
8
9
10
11
12
13
14
15
16
17
18
19
20
(base) ninadhegde@ninadhegde-ROG-Strix-G731GU-G731GU:~/git/lss/shell-scripting-tutorial$ ./for-loop\ simple.sh 
1
2
3
4
5
6
7
8
9
10
11
12
13
14
15
16
17
18
19
20
21
22
23
24
25
(base) ninadhegde@ninadhegde-ROG-Strix-G731GU-G731GU:~/git/lss/shell-scripting-tutorial$ 


